Archive member included to satisfy reference by file (symbol)

/home/stefan/Documents/Graduation/RISC-V-toolchain/riscv64-unknown-elf-gcc/bin/../lib/gcc/riscv64-unknown-elf/8.2.0/../../../../riscv64-unknown-elf/lib/rv32imac/ilp32/libc.a(lib_a-puts.o)
                              test.o (puts)
/home/stefan/Documents/Graduation/RISC-V-toolchain/riscv64-unknown-elf-gcc/bin/../lib/gcc/riscv64-unknown-elf/8.2.0/../../../../riscv64-unknown-elf/lib/rv32imac/ilp32/libc.a(lib_a-strlen.o)
                              /home/stefan/Documents/Graduation/RISC-V-toolchain/riscv64-unknown-elf-gcc/bin/../lib/gcc/riscv64-unknown-elf/8.2.0/../../../../riscv64-unknown-elf/lib/rv32imac/ilp32/libc.a(lib_a-puts.o) (strlen)
/home/stefan/Documents/Graduation/RISC-V-toolchain/riscv64-unknown-elf-gcc/bin/../lib/gcc/riscv64-unknown-elf/8.2.0/../../../../riscv64-unknown-elf/lib/rv32imac/ilp32/libc.a(lib_a-findfp.o)
                              /home/stefan/Documents/Graduation/RISC-V-toolchain/riscv64-unknown-elf-gcc/bin/../lib/gcc/riscv64-unknown-elf/8.2.0/../../../../riscv64-unknown-elf/lib/rv32imac/ilp32/libc.a(lib_a-puts.o) (__sinit)
/home/stefan/Documents/Graduation/RISC-V-toolchain/riscv64-unknown-elf-gcc/bin/../lib/gcc/riscv64-unknown-elf/8.2.0/../../../../riscv64-unknown-elf/lib/rv32imac/ilp32/libc.a(lib_a-fvwrite.o)
                              /home/stefan/Documents/Graduation/RISC-V-toolchain/riscv64-unknown-elf-gcc/bin/../lib/gcc/riscv64-unknown-elf/8.2.0/../../../../riscv64-unknown-elf/lib/rv32imac/ilp32/libc.a(lib_a-puts.o) (__sfvwrite_r)
/home/stefan/Documents/Graduation/RISC-V-toolchain/riscv64-unknown-elf-gcc/bin/../lib/gcc/riscv64-unknown-elf/8.2.0/../../../../riscv64-unknown-elf/lib/rv32imac/ilp32/libc.a(lib_a-fwalk.o)
                              /home/stefan/Documents/Graduation/RISC-V-toolchain/riscv64-unknown-elf-gcc/bin/../lib/gcc/riscv64-unknown-elf/8.2.0/../../../../riscv64-unknown-elf/lib/rv32imac/ilp32/libc.a(lib_a-findfp.o) (_fwalk)
/home/stefan/Documents/Graduation/RISC-V-toolchain/riscv64-unknown-elf-gcc/bin/../lib/gcc/riscv64-unknown-elf/8.2.0/../../../../riscv64-unknown-elf/lib/rv32imac/ilp32/libc.a(lib_a-impure.o)
                              /home/stefan/Documents/Graduation/RISC-V-toolchain/riscv64-unknown-elf-gcc/bin/../lib/gcc/riscv64-unknown-elf/8.2.0/../../../../riscv64-unknown-elf/lib/rv32imac/ilp32/libc.a(lib_a-findfp.o) (_global_impure_ptr)
/home/stefan/Documents/Graduation/RISC-V-toolchain/riscv64-unknown-elf-gcc/bin/../lib/gcc/riscv64-unknown-elf/8.2.0/../../../../riscv64-unknown-elf/lib/rv32imac/ilp32/libc.a(lib_a-mallocr.o)
                              /home/stefan/Documents/Graduation/RISC-V-toolchain/riscv64-unknown-elf-gcc/bin/../lib/gcc/riscv64-unknown-elf/8.2.0/../../../../riscv64-unknown-elf/lib/rv32imac/ilp32/libc.a(lib_a-findfp.o) (_malloc_r)
/home/stefan/Documents/Graduation/RISC-V-toolchain/riscv64-unknown-elf-gcc/bin/../lib/gcc/riscv64-unknown-elf/8.2.0/../../../../riscv64-unknown-elf/lib/rv32imac/ilp32/libc.a(lib_a-memchr.o)
                              /home/stefan/Documents/Graduation/RISC-V-toolchain/riscv64-unknown-elf-gcc/bin/../lib/gcc/riscv64-unknown-elf/8.2.0/../../../../riscv64-unknown-elf/lib/rv32imac/ilp32/libc.a(lib_a-fvwrite.o) (memchr)
/home/stefan/Documents/Graduation/RISC-V-toolchain/riscv64-unknown-elf-gcc/bin/../lib/gcc/riscv64-unknown-elf/8.2.0/../../../../riscv64-unknown-elf/lib/rv32imac/ilp32/libc.a(lib_a-memcpy.o)
                              /home/stefan/Documents/Graduation/RISC-V-toolchain/riscv64-unknown-elf-gcc/bin/../lib/gcc/riscv64-unknown-elf/8.2.0/../../../../riscv64-unknown-elf/lib/rv32imac/ilp32/libc.a(lib_a-fvwrite.o) (memcpy)
/home/stefan/Documents/Graduation/RISC-V-toolchain/riscv64-unknown-elf-gcc/bin/../lib/gcc/riscv64-unknown-elf/8.2.0/../../../../riscv64-unknown-elf/lib/rv32imac/ilp32/libc.a(lib_a-memmove.o)
                              /home/stefan/Documents/Graduation/RISC-V-toolchain/riscv64-unknown-elf-gcc/bin/../lib/gcc/riscv64-unknown-elf/8.2.0/../../../../riscv64-unknown-elf/lib/rv32imac/ilp32/libc.a(lib_a-fvwrite.o) (memmove)
/home/stefan/Documents/Graduation/RISC-V-toolchain/riscv64-unknown-elf-gcc/bin/../lib/gcc/riscv64-unknown-elf/8.2.0/../../../../riscv64-unknown-elf/lib/rv32imac/ilp32/libc.a(lib_a-memset.o)
                              /home/stefan/Documents/Graduation/RISC-V-toolchain/riscv64-unknown-elf-gcc/bin/../lib/gcc/riscv64-unknown-elf/8.2.0/../../../../riscv64-unknown-elf/lib/rv32imac/ilp32/libc.a(lib_a-findfp.o) (memset)
/home/stefan/Documents/Graduation/RISC-V-toolchain/riscv64-unknown-elf-gcc/bin/../lib/gcc/riscv64-unknown-elf/8.2.0/../../../../riscv64-unknown-elf/lib/rv32imac/ilp32/libc.a(lib_a-mlock.o)
                              /home/stefan/Documents/Graduation/RISC-V-toolchain/riscv64-unknown-elf-gcc/bin/../lib/gcc/riscv64-unknown-elf/8.2.0/../../../../riscv64-unknown-elf/lib/rv32imac/ilp32/libc.a(lib_a-mallocr.o) (__malloc_lock)
[...]
Memory Configuration

Name             Origin             Length             Attributes
ram              0x0000000080000000 0x0000000000004000 axw !rl
flash            0x0000000020010000 0x000000000006a120 axrl !w
*default*        0x0000000000000000 0xffffffffffffffff

Linker script and memory map

LOAD test.o
LOAD securemul.o
LOAD benchmark.o
LOAD mul320.o
LOAD cyclecounter.o
START GROUP
LOAD /home/stefan/Documents/Graduation/RISC-V-toolchain/riscv64-unknown-elf-gcc/bin/../lib/gcc/riscv64-unknown-elf/8.2.0/../../../../riscv64-unknown-elf/lib/rv32imac/ilp32/libc.a
LOAD /home/stefan/Documents/Graduation/RISC-V-toolchain/riscv64-unknown-elf-gcc/bin/../lib/gcc/riscv64-unknown-elf/8.2.0/rv32imac/ilp32/libgcc.a
LOAD /home/stefan/Documents/Graduation/RISC-V-toolchain/freedom-e-sdk/bsp/sifive-hifive1-revb/install/lib/debug//libmetal.a
LOAD /home/stefan/Documents/Graduation/RISC-V-toolchain/freedom-e-sdk/bsp/sifive-hifive1-revb/install/lib/debug//libmetal-gloss.a
END GROUP
                0x0000000000000400                __stack_size = DEFINED (__stack_size)?__stack_size:0x400
                0x0000000000000400                __heap_size = DEFINED (__heap_size)?__heap_size:0x400

.init           0x0000000020010000      0x134
 *(.text.metal.init.enter)
 .text.metal.init.enter
                0x0000000020010000       0x54 /home/stefan/Documents/Graduation/RISC-V-toolchain/freedom-e-sdk/bsp/sifive-hifive1-revb/install/lib/debug//libmetal.a(libriscv__mmachine__sifive-hifive1-revb_a-entry.o)
                0x0000000020010000                _enter
 *(SORT_NONE(.init))
 *(.text.libgloss.start)
 .text.libgloss.start
                0x0000000020010054       0xe0 /home/stefan/Documents/Graduation/RISC-V-toolchain/freedom-e-sdk/bsp/sifive-hifive1-revb/install/lib/debug//libmetal-gloss.a(crt0.o)
                0x0000000020010054                _start
                0x0000000020010132                _init
                0x0000000020010132                _fini

.text           0x0000000020010180     0x40fe
 *(.text.unlikely .text.unlikely.*)
 *(.text.startup .text.startup.*)
 *(.text .text.*)
 .text          0x0000000020010180       0x6c test.o
                0x0000000020010180                dobenchmark
                0x00000000200101c4                main
 .text          0x00000000200101ec       0xd4 securemul.o
                0x00000000200101ec                securemul
                0x00000000200102b8                add
 .text          0x00000000200102c0        0x8 cyclecounter.o
                0x00000000200102c0                getcycles
 .text          0x00000000200102c8       0x7e /home/stefan/Documents/Graduation/RISC-V-toolchain/riscv64-unknown-elf-gcc/bin/../lib/gcc/riscv64-unknown-elf/8.2.0/../../../../riscv64-unknown-elf/lib/rv32imac/ilp32/libc.a(lib_a-puts.o)
                0x00000000200102c8                _puts_r
                0x0000000020010338                puts
 .text          0x0000000020010346       0x12 /home/stefan/Documents/Graduation/RISC-V-toolchain/riscv64-unknown-elf-gcc/bin/../lib/gcc/riscv64-unknown-elf/8.2.0/../../../../riscv64-unknown-elf/lib/rv32imac/ilp32/libc.a(lib_a-strlen.o)
                0x0000000020010346                strlen
 .text          0x0000000020010358      0x1e4 /home/stefan/Documents/Graduation/RISC-V-toolchain/riscv64-unknown-elf-gcc/bin/../lib/gcc/riscv64-unknown-elf/8.2.0/../../../../riscv64-unknown-elf/lib/rv32imac/ilp32/libc.a(lib_a-findfp.o)
                0x00000000200103c6                _cleanup_r
                0x00000000200103d4                __sfmoreglue
                0x000000002001041a                _cleanup
                0x0000000020010422                __sinit
                0x0000000020010470                __sfp
                0x000000002001050c                __sfp_lock_acquire
                0x000000002001050e                __sfp_lock_release
                0x0000000020010510                __sinit_lock_acquire
                0x0000000020010512                __sinit_lock_release
                0x0000000020010514                __fp_lock_all
                0x0000000020010528                __fp_unlock_all
 .text          0x000000002001053c      0x2dc /home/stefan/Documents/Graduation/RISC-V-toolchain/riscv64-unknown-elf-gcc/bin/../lib/gcc/riscv64-unknown-elf/8.2.0/../../../../riscv64-unknown-elf/lib/rv32imac/ilp32/libc.a(lib_a-fvwrite.o)
                0x000000002001053c                __sfvwrite_r
 .text          0x0000000020010818       0xce /home/stefan/Documents/Graduation/RISC-V-toolchain/riscv64-unknown-elf-gcc/bin/../lib/gcc/riscv64-unknown-elf/8.2.0/../../../../riscv64-unknown-elf/lib/rv32imac/ilp32/libc.a(lib_a-fwalk.o)
                0x0000000020010818                _fwalk
                0x000000002001087a                _fwalk_reent
 .text          0x00000000200108e6      0x50c /home/stefan/Documents/Graduation/RISC-V-toolchain/riscv64-unknown-elf-gcc/bin/../lib/gcc/riscv64-unknown-elf/8.2.0/../../../../riscv64-unknown-elf/lib/rv32imac/ilp32/libc.a(lib_a-mallocr.o)
                0x00000000200108e6                _malloc_r
 .text          0x0000000020010df2       0x1a /home/stefan/Documents/Graduation/RISC-V-toolchain/riscv64-unknown-elf-gcc/bin/../lib/gcc/riscv64-unknown-elf/8.2.0/../../../../riscv64-unknown-elf/lib/rv32imac/ilp32/libc.a(lib_a-memchr.o)
                0x0000000020010df2                memchr
 .text          0x0000000020010e0c       0xb6 /home/stefan/Documents/Graduation/RISC-V-toolchain/riscv64-unknown-elf-gcc/bin/../lib/gcc/riscv64-unknown-elf/8.2.0/../../../../riscv64-unknown-elf/lib/rv32imac/ilp32/libc.a(lib_a-memcpy.o)
                0x0000000020010e0c                memcpy
 .text          0x0000000020010ec2       0x4a /home/stefan/Documents/Graduation/RISC-V-toolchain/riscv64-unknown-elf-gcc/bin/../lib/gcc/riscv64-unknown-elf/8.2.0/../../../../riscv64-unknown-elf/lib/rv32imac/ilp32/libc.a(lib_a-memmove.o)
                0x0000000020010ec2                memmove
 .text          0x0000000020010f0c       0xa8 /home/stefan/Documents/Graduation/RISC-V-toolchain/riscv64-unknown-elf-gcc/bin/../lib/gcc/riscv64-unknown-elf/8.2.0/../../../../riscv64-unknown-elf/lib/rv32imac/ilp32/libc.a(lib_a-memset.o)
                0x0000000020010f0c                memset
 .text          0x0000000020010fb4        0x4 /home/stefan/Documents/Graduation/RISC-V-toolchain/riscv64-unknown-elf-gcc/bin/../lib/gcc/riscv64-unknown-elf/8.2.0/../../../../riscv64-unknown-elf/lib/rv32imac/ilp32/libc.a(lib_a-mlock.o)
                0x0000000020010fb4                __malloc_lock
                0x0000000020010fb6                __malloc_unlock
 .text          0x0000000020010fb8      0x38a /home/stefan/Documents/Graduation/RISC-V-toolchain/riscv64-unknown-elf-gcc/bin/../lib/gcc/riscv64-unknown-elf/8.2.0/../../../../riscv64-unknown-elf/lib/rv32imac/ilp32/libc.a(lib_a-reallocr.o)
                0x0000000020010fb8                _realloc_r
 .text          0x0000000020011342       0x32 /home/stefan/Documents/Graduation/RISC-V-toolchain/riscv64-unknown-elf-gcc/bin/../lib/gcc/riscv64-unknown-elf/8.2.0/../../../../riscv64-unknown-elf/lib/rv32imac/ilp32/libc.a(lib_a-sbrkr.o)
                0x0000000020011342                _sbrk_r
 .text          0x0000000020011374       0xc0 /home/stefan/Documents/Graduation/RISC-V-toolchain/riscv64-unknown-elf-gcc/bin/../lib/gcc/riscv64-unknown-elf/8.2.0/../../../../riscv64-unknown-elf/lib/rv32imac/ilp32/libc.a(lib_a-stdio.o)
                0x0000000020011374                __sread
                0x00000000200113a6                __seofread
                0x00000000200113aa                __swrite
                0x00000000200113f8                __sseek
                0x000000002001142e                __sclose
 .text          0x0000000020011434       0x36 /home/stefan/Documents/Graduation/RISC-V-toolchain/riscv64-unknown-elf-gcc/bin/../lib/gcc/riscv64-unknown-elf/8.2.0/../../../../riscv64-unknown-elf/lib/rv32imac/ilp32/libc.a(lib_a-writer.o)
                0x0000000020011434                _write_r
 .text          0x000000002001146a       0xdc /home/stefan/Documents/Graduation/RISC-V-toolchain/riscv64-unknown-elf-gcc/bin/../lib/gcc/riscv64-unknown-elf/8.2.0/../../../../riscv64-unknown-elf/lib/rv32imac/ilp32/libc.a(lib_a-wsetup.o)
                0x000000002001146a                __swsetup_r
 .text          0x0000000020011546       0x30 /home/stefan/Documents/Graduation/RISC-V-toolchain/riscv64-unknown-elf-gcc/bin/../lib/gcc/riscv64-unknown-elf/8.2.0/../../../../riscv64-unknown-elf/lib/rv32imac/ilp32/libc.a(lib_a-closer.o)
                0x0000000020011546                _close_r
 .text          0x0000000020011576       0x94 /home/stefan/Documents/Graduation/RISC-V-toolchain/riscv64-unknown-elf-gcc/bin/../lib/gcc/riscv64-unknown-elf/8.2.0/../../../../riscv64-unknown-elf/lib/rv32imac/ilp32/libc.a(lib_a-fclose.o)
                0x0000000020011576                _fclose_r
                0x00000000200115fc                fclose
 .text          0x000000002001160a      0x1ac /home/stefan/Documents/Graduation/RISC-V-toolchain/riscv64-unknown-elf-gcc/bin/../lib/gcc/riscv64-unknown-elf/8.2.0/../../../../riscv64-unknown-elf/lib/rv32imac/ilp32/libc.a(lib_a-fflush.o)
                0x000000002001160a                __sflush_r
                0x0000000020011764                _fflush_r
                0x0000000020011794                fflush
 .text          0x00000000200117b6      0x29a /home/stefan/Documents/Graduation/RISC-V-toolchain/riscv64-unknown-elf-gcc/bin/../lib/gcc/riscv64-unknown-elf/8.2.0/../../../../riscv64-unknown-elf/lib/rv32imac/ilp32/libc.a(lib_a-freer.o)
                0x00000000200117b6                _malloc_trim_r
                0x0000000020011880                _free_r
 .text          0x0000000020011a50       0x34 /home/stefan/Documents/Graduation/RISC-V-toolchain/riscv64-unknown-elf-gcc/bin/../lib/gcc/riscv64-unknown-elf/8.2.0/../../../../riscv64-unknown-elf/lib/rv32imac/ilp32/libc.a(lib_a-lseekr.o)
                0x0000000020011a50                _lseek_r
 .text          0x0000000020011a84      0x102 /home/stefan/Documents/Graduation/RISC-V-toolchain/riscv64-unknown-elf-gcc/bin/../lib/gcc/riscv64-unknown-elf/8.2.0/../../../../riscv64-unknown-elf/lib/rv32imac/ilp32/libc.a(lib_a-makebuf.o)
                0x0000000020011a84                __swhatbuf_r
                0x0000000020011ae8                __smakebuf_r
 .text          0x0000000020011b86       0x34 /home/stefan/Documents/Graduation/RISC-V-toolchain/riscv64-unknown-elf-gcc/bin/../lib/gcc/riscv64-unknown-elf/8.2.0/../../../../riscv64-unknown-elf/lib/rv32imac/ilp32/libc.a(lib_a-readr.o)
                0x0000000020011b86                _read_r
 .text          0x0000000020011bba       0x32 /home/stefan/Documents/Graduation/RISC-V-toolchain/riscv64-unknown-elf-gcc/bin/../lib/gcc/riscv64-unknown-elf/8.2.0/../../../../riscv64-unknown-elf/lib/rv32imac/ilp32/libc.a(lib_a-fstatr.o)
                0x0000000020011bba                _fstat_r
 .text          0x0000000020011bec       0x30 /home/stefan/Documents/Graduation/RISC-V-toolchain/riscv64-unknown-elf-gcc/bin/../lib/gcc/riscv64-unknown-elf/8.2.0/../../../../riscv64-unknown-elf/lib/rv32imac/ilp32/libc.a(lib_a-isattyr.o)
                0x0000000020011bec                _isatty_r
 .text.metal.init.trapvec
                0x0000000020011c1c        0x2 /home/stefan/Documents/Graduation/RISC-V-toolchain/freedom-e-sdk/bsp/sifive-hifive1-revb/install/lib/debug//libmetal.a(libriscv__mmachine__sifive-hifive1-revb_a-entry.o)
 .text._close   0x0000000020011c1e       0x22 /home/stefan/Documents/Graduation/RISC-V-toolchain/freedom-e-sdk/bsp/sifive-hifive1-revb/install/lib/debug//libmetal-gloss.a(sys_close.o)
                0x0000000020011c1e                _close
 .text._fstat   0x0000000020011c40       0x26 /home/stefan/Documents/Graduation/RISC-V-toolchain/freedom-e-sdk/bsp/sifive-hifive1-revb/install/lib/debug//libmetal-gloss.a(sys_fstat.o)
                0x0000000020011c40                _fstat
 .text._isatty  0x0000000020011c66       0x20 /home/stefan/Documents/Graduation/RISC-V-toolchain/freedom-e-sdk/bsp/sifive-hifive1-revb/install/lib/debug//libmetal-gloss.a(sys_isatty.o)
                0x0000000020011c66                _isatty
 .text._lseek   0x0000000020011c86       0x2a /home/stefan/Documents/Graduation/RISC-V-toolchain/freedom-e-sdk/bsp/sifive-hifive1-revb/install/lib/debug//libmetal-gloss.a(sys_lseek.o)
                0x0000000020011c86                _lseek
 .text._read    0x0000000020011cb0       0x2a /home/stefan/Documents/Graduation/RISC-V-toolchain/freedom-e-sdk/bsp/sifive-hifive1-revb/install/lib/debug//libmetal-gloss.a(sys_read.o)
                0x0000000020011cb0                _read
 .text._sbrk    0x0000000020011cda       0x64 /home/stefan/Documents/Graduation/RISC-V-toolchain/freedom-e-sdk/bsp/sifive-hifive1-revb/install/lib/debug//libmetal-gloss.a(sys_sbrk.o)
                0x0000000020011cda                _sbrk
 .text._write   0x0000000020011d3e       0x6e /home/stefan/Documents/Graduation/RISC-V-toolchain/freedom-e-sdk/bsp/sifive-hifive1-revb/install/lib/debug//libmetal-gloss.a(sys_write.o)
                0x0000000020011d3e                _write
 .text          0x0000000020011dac        0xa /home/stefan/Documents/Graduation/RISC-V-toolchain/riscv64-unknown-elf-gcc/bin/../lib/gcc/riscv64-unknown-elf/8.2.0/../../../../riscv64-unknown-elf/lib/rv32imac/ilp32/libc.a(lib_a-atexit.o)
                0x0000000020011dac                atexit
 .text          0x0000000020011db6        0xc /home/stefan/Documents/Graduation/RISC-V-toolchain/riscv64-unknown-elf-gcc/bin/../lib/gcc/riscv64-unknown-elf/8.2.0/../../../../riscv64-unknown-elf/lib/rv32imac/ilp32/libc.a(lib_a-errno.o)
                0x0000000020011db6                __errno
 .text          0x0000000020011dc2       0x1e /home/stefan/Documents/Graduation/RISC-V-toolchain/riscv64-unknown-elf-gcc/bin/../lib/gcc/riscv64-unknown-elf/8.2.0/../../../../riscv64-unknown-elf/lib/rv32imac/ilp32/libc.a(lib_a-exit.o)
                0x0000000020011dc2                exit
 .text          0x0000000020011de0       0x3a /home/stefan/Documents/Graduation/RISC-V-toolchain/riscv64-unknown-elf-gcc/bin/../lib/gcc/riscv64-unknown-elf/8.2.0/../../../../riscv64-unknown-elf/lib/rv32imac/ilp32/libc.a(lib_a-fini.o)
                0x0000000020011de0                __libc_fini_array
 .text          0x0000000020011e1a       0x6e /home/stefan/Documents/Graduation/RISC-V-toolchain/riscv64-unknown-elf-gcc/bin/../lib/gcc/riscv64-unknown-elf/8.2.0/../../../../riscv64-unknown-elf/lib/rv32imac/ilp32/libc.a(lib_a-init.o)
                0x0000000020011e1a                __libc_init_array
 .text          0x0000000020011e88       0x62 /home/stefan/Documents/Graduation/RISC-V-toolchain/riscv64-unknown-elf-gcc/bin/../lib/gcc/riscv64-unknown-elf/8.2.0/../../../../riscv64-unknown-elf/lib/rv32imac/ilp32/libc.a(lib_a-__atexit.o)
                0x0000000020011e88                __register_exitproc
 .text          0x0000000020011eea       0xae /home/stefan/Documents/Graduation/RISC-V-toolchain/riscv64-unknown-elf-gcc/bin/../lib/gcc/riscv64-unknown-elf/8.2.0/../../../../riscv64-unknown-elf/lib/rv32imac/ilp32/libc.a(lib_a-__call_atexit.o)
                0x0000000020011eea                __call_exitprocs
 .text.metal_tty_putc
                0x0000000020011f98       0x50 /home/stefan/Documents/Graduation/RISC-V-toolchain/freedom-e-sdk/bsp/sifive-hifive1-revb/install/lib/debug//libmetal.a(libriscv__mmachine__sifive-hifive1-revb_a-tty.o)
                0x0000000020011f98                metal_tty_putc
 .text.metal_tty_init
                0x0000000020011fe8       0x22 /home/stefan/Documents/Graduation/RISC-V-toolchain/freedom-e-sdk/bsp/sifive-hifive1-revb/install/lib/debug//libmetal.a(libriscv__mmachine__sifive-hifive1-revb_a-tty.o)
 .text.metal_uart_init
                0x000000002001200a       0x2a /home/stefan/Documents/Graduation/RISC-V-toolchain/freedom-e-sdk/bsp/sifive-hifive1-revb/install/lib/debug//libmetal.a(libriscv__mmachine__sifive-hifive1-revb_a-uart.o)
                0x000000002001200a                metal_uart_init
 .text.metal_uart_putc
                0x0000000020012034       0x32 /home/stefan/Documents/Graduation/RISC-V-toolchain/freedom-e-sdk/bsp/sifive-hifive1-revb/install/lib/debug//libmetal.a(libriscv__mmachine__sifive-hifive1-revb_a-uart.o)
                0x0000000020012034                metal_uart_putc
 .text.metal_uart_set_baud_rate
                0x0000000020012066       0x2e /home/stefan/Documents/Graduation/RISC-V-toolchain/freedom-e-sdk/bsp/sifive-hifive1-revb/install/lib/debug//libmetal.a(libriscv__mmachine__sifive-hifive1-revb_a-uart.o)
                0x0000000020012066                metal_uart_set_baud_rate
 .text.__metal_driver_fixed_clock_get_rate_hz
                0x0000000020012094       0x20 /home/stefan/Documents/Graduation/RISC-V-toolchain/freedom-e-sdk/bsp/sifive-hifive1-revb/install/lib/debug//libmetal.a(libriscv__mmachine__sifive-hifive1-revb_a-fixed-clock.o)
                0x0000000020012094                __metal_driver_fixed_clock_get_rate_hz
 .text.__metal_driver_fixed_clock_set_rate_hz
                0x00000000200120b4       0x22 /home/stefan/Documents/Graduation/RISC-V-toolchain/freedom-e-sdk/bsp/sifive-hifive1-revb/install/lib/debug//libmetal.a(libriscv__mmachine__sifive-hifive1-revb_a-fixed-clock.o)
                0x00000000200120b4                __metal_driver_fixed_clock_set_rate_hz
 .text.__metal_clint0_mtime_get
                0x00000000200120d6       0x76 /home/stefan/Documents/Graduation/RISC-V-toolchain/freedom-e-sdk/bsp/sifive-hifive1-revb/install/lib/debug//libmetal.a(libriscv__mmachine__sifive-hifive1-revb_a-riscv,clint0.o)
                0x00000000200120d6                __metal_clint0_mtime_get
 .text.__metal_clint0_mtime_set
                0x000000002001214c       0x58 /home/stefan/Documents/Graduation/RISC-V-toolchain/freedom-e-sdk/bsp/sifive-hifive1-revb/install/lib/debug//libmetal.a(libriscv__mmachine__sifive-hifive1-revb_a-riscv,clint0.o)
                0x000000002001214c                __metal_clint0_mtime_set
 .text.__metal_driver_riscv_clint0_init
                0x00000000200121a4       0x7e /home/stefan/Documents/Graduation/RISC-V-toolchain/freedom-e-sdk/bsp/sifive-hifive1-revb/install/lib/debug//libmetal.a(libriscv__mmachine__sifive-hifive1-revb_a-riscv,clint0.o)
                0x00000000200121a4                __metal_driver_riscv_clint0_init
 .text.__metal_driver_riscv_clint0_register
                0x0000000020012222       0x62 /home/stefan/Documents/Graduation/RISC-V-toolchain/freedom-e-sdk/bsp/sifive-hifive1-revb/install/lib/debug//libmetal.a(libriscv__mmachine__sifive-hifive1-revb_a-riscv,clint0.o)
                0x0000000020012222                __metal_driver_riscv_clint0_register
 .text.__metal_driver_riscv_clint0_enable
                0x0000000020012284       0x56 /home/stefan/Documents/Graduation/RISC-V-toolchain/freedom-e-sdk/bsp/sifive-hifive1-revb/install/lib/debug//libmetal.a(libriscv__mmachine__sifive-hifive1-revb_a-riscv,clint0.o)
                0x0000000020012284                __metal_driver_riscv_clint0_enable
 .text.__metal_driver_riscv_clint0_disable
                0x00000000200122da       0x56 /home/stefan/Documents/Graduation/RISC-V-toolchain/freedom-e-sdk/bsp/sifive-hifive1-revb/install/lib/debug//libmetal.a(libriscv__mmachine__sifive-hifive1-revb_a-riscv,clint0.o)
                0x00000000200122da                __metal_driver_riscv_clint0_disable
 .text.__metal_driver_riscv_clint0_command_request
                0x0000000020012330      0x122 /home/stefan/Documents/Graduation/RISC-V-toolchain/freedom-e-sdk/bsp/sifive-hifive1-revb/install/lib/debug//libmetal.a(libriscv__mmachine__sifive-hifive1-revb_a-riscv,clint0.o)
                0x0000000020012330                __metal_driver_riscv_clint0_command_request
 .text.__metal_driver_cpu_get
                0x0000000020012452       0x2c /home/stefan/Documents/Graduation/RISC-V-toolchain/freedom-e-sdk/bsp/sifive-hifive1-revb/install/lib/debug//libmetal.a(libriscv__mmachine__sifive-hifive1-revb_a-riscv,cpu.o)
                0x0000000020012452                __metal_driver_cpu_get
 .text.__metal_myhart_id
                0x000000002001247e       0x1a /home/stefan/Documents/Graduation/RISC-V-toolchain/freedom-e-sdk/bsp/sifive-hifive1-revb/install/lib/debug//libmetal.a(libriscv__mmachine__sifive-hifive1-revb_a-riscv,cpu.o)
                0x000000002001247e                __metal_myhart_id
 .text.__metal_interrupt_global_enable
                0x0000000020012498       0x18 /home/stefan/Documents/Graduation/RISC-V-toolchain/freedom-e-sdk/bsp/sifive-hifive1-revb/install/lib/debug//libmetal.a(libriscv__mmachine__sifive-hifive1-revb_a-riscv,cpu.o)
                0x0000000020012498                __metal_interrupt_global_enable
 .text.__metal_interrupt_global_disable
                0x00000000200124b0       0x18 /home/stefan/Documents/Graduation/RISC-V-toolchain/freedom-e-sdk/bsp/sifive-hifive1-revb/install/lib/debug//libmetal.a(libriscv__mmachine__sifive-hifive1-revb_a-riscv,cpu.o)
                0x00000000200124b0                __metal_interrupt_global_disable
 .text.__metal_interrupt_software_enable
                0x00000000200124c8       0x18 /home/stefan/Documents/Graduation/RISC-V-toolchain/freedom-e-sdk/bsp/sifive-hifive1-revb/install/lib/debug//libmetal.a(libriscv__mmachine__sifive-hifive1-revb_a-riscv,cpu.o)
                0x00000000200124c8                __metal_interrupt_software_enable
 .text.__metal_interrupt_software_disable
                0x00000000200124e0       0x18 /home/stefan/Documents/Graduation/RISC-V-toolchain/freedom-e-sdk/bsp/sifive-hifive1-revb/install/lib/debug//libmetal.a(libriscv__mmachine__sifive-hifive1-revb_a-riscv,cpu.o)
                0x00000000200124e0                __metal_interrupt_software_disable
 .text.__metal_interrupt_timer_enable
                0x00000000200124f8       0x1a /home/stefan/Documents/Graduation/RISC-V-toolchain/freedom-e-sdk/bsp/sifive-hifive1-revb/install/lib/debug//libmetal.a(libriscv__mmachine__sifive-hifive1-revb_a-riscv,cpu.o)
                0x00000000200124f8                __metal_interrupt_timer_enable
 .text.__metal_interrupt_timer_disable
                0x0000000020012512       0x1a /home/stefan/Documents/Graduation/RISC-V-toolchain/freedom-e-sdk/bsp/sifive-hifive1-revb/install/lib/debug//libmetal.a(libriscv__mmachine__sifive-hifive1-revb_a-riscv,cpu.o)
                0x0000000020012512                __metal_interrupt_timer_disable
 .text.__metal_interrupt_external_enable
                0x000000002001252c       0x1c /home/stefan/Documents/Graduation/RISC-V-toolchain/freedom-e-sdk/bsp/sifive-hifive1-revb/install/lib/debug//libmetal.a(libriscv__mmachine__sifive-hifive1-revb_a-riscv,cpu.o)
                0x000000002001252c                __metal_interrupt_external_enable
 .text.__metal_interrupt_external_disable
                0x0000000020012548       0x1c /home/stefan/Documents/Graduation/RISC-V-toolchain/freedom-e-sdk/bsp/sifive-hifive1-revb/install/lib/debug//libmetal.a(libriscv__mmachine__sifive-hifive1-revb_a-riscv,cpu.o)
                0x0000000020012548                __metal_interrupt_external_disable
 .text.__metal_interrupt_local_enable
                0x0000000020012564       0x2c /home/stefan/Documents/Graduation/RISC-V-toolchain/freedom-e-sdk/bsp/sifive-hifive1-revb/install/lib/debug//libmetal.a(libriscv__mmachine__sifive-hifive1-revb_a-riscv,cpu.o)
                0x0000000020012564                __metal_interrupt_local_enable
 .text.__metal_interrupt_local_disable
                0x0000000020012590       0x2c /home/stefan/Documents/Graduation/RISC-V-toolchain/freedom-e-sdk/bsp/sifive-hifive1-revb/install/lib/debug//libmetal.a(libriscv__mmachine__sifive-hifive1-revb_a-riscv,cpu.o)
                0x0000000020012590                __metal_interrupt_local_disable
 .text.__metal_default_exception_handler
                0x00000000200125bc       0x18 /home/stefan/Documents/Graduation/RISC-V-toolchain/freedom-e-sdk/bsp/sifive-hifive1-revb/install/lib/debug//libmetal.a(libriscv__mmachine__sifive-hifive1-revb_a-riscv,cpu.o)
                0x00000000200125bc                __metal_default_exception_handler
 .text.__metal_default_interrupt_handler
                0x00000000200125d4       0x18 /home/stefan/Documents/Graduation/RISC-V-toolchain/freedom-e-sdk/bsp/sifive-hifive1-revb/install/lib/debug//libmetal.a(libriscv__mmachine__sifive-hifive1-revb_a-riscv,cpu.o)
                0x00000000200125d4                __metal_default_interrupt_handler
 .text.__metal_default_sw_handler
                0x00000000200125ec       0x64 /home/stefan/Documents/Graduation/RISC-V-toolchain/freedom-e-sdk/bsp/sifive-hifive1-revb/install/lib/debug//libmetal.a(libriscv__mmachine__sifive-hifive1-revb_a-riscv,cpu.o)
                0x00000000200125ec                __metal_default_sw_handler
 .text.__metal_default_timer_handler
                0x0000000020012650       0x66 /home/stefan/Documents/Graduation/RISC-V-toolchain/freedom-e-sdk/bsp/sifive-hifive1-revb/install/lib/debug//libmetal.a(libriscv__mmachine__sifive-hifive1-revb_a-riscv,cpu.o)
                0x0000000020012650                __metal_default_timer_handler
 *fill*         0x00000000200126b6       0x4a 
 .text.__metal_exception_handler
                0x0000000020012700      0x178 /home/stefan/Documents/Graduation/RISC-V-toolchain/freedom-e-sdk/bsp/sifive-hifive1-revb/install/lib/debug//libmetal.a(libriscv__mmachine__sifive-hifive1-revb_a-riscv,cpu.o)
                0x0000000020012700                __metal_exception_handler
 .text.__metal_controller_interrupt_vector
                0x0000000020012878       0xa6 /home/stefan/Documents/Graduation/RISC-V-toolchain/freedom-e-sdk/bsp/sifive-hifive1-revb/install/lib/debug//libmetal.a(libriscv__mmachine__sifive-hifive1-revb_a-riscv,cpu.o)
                0x0000000020012878                __metal_controller_interrupt_vector
 .text.__metal_valid_interrupt_id
                0x000000002001291e       0x38 /home/stefan/Documents/Graduation/RISC-V-toolchain/freedom-e-sdk/bsp/sifive-hifive1-revb/install/lib/debug//libmetal.a(libriscv__mmachine__sifive-hifive1-revb_a-riscv,cpu.o)
                0x000000002001291e                __metal_valid_interrupt_id
 .text.__metal_local_interrupt_enable
                0x0000000020012956       0xa2 /home/stefan/Documents/Graduation/RISC-V-toolchain/freedom-e-sdk/bsp/sifive-hifive1-revb/install/lib/debug//libmetal.a(libriscv__mmachine__sifive-hifive1-revb_a-riscv,cpu.o)
                0x0000000020012956                __metal_local_interrupt_enable
 .text.__metal_exception_register
                0x00000000200129f8       0x4e /home/stefan/Documents/Graduation/RISC-V-toolchain/freedom-e-sdk/bsp/sifive-hifive1-revb/install/lib/debug//libmetal.a(libriscv__mmachine__sifive-hifive1-revb_a-riscv,cpu.o)
                0x00000000200129f8                __metal_exception_register
 .text.__metal_driver_riscv_cpu_controller_interrupt_init
                0x0000000020012a46       0xf4 /home/stefan/Documents/Graduation/RISC-V-toolchain/freedom-e-sdk/bsp/sifive-hifive1-revb/install/lib/debug//libmetal.a(libriscv__mmachine__sifive-hifive1-revb_a-riscv,cpu.o)
                0x0000000020012a46                __metal_driver_riscv_cpu_controller_interrupt_init
 .text.__metal_driver_riscv_cpu_controller_interrupt_register
                0x0000000020012b3a      0x148 /home/stefan/Documents/Graduation/RISC-V-toolchain/freedom-e-sdk/bsp/sifive-hifive1-revb/install/lib/debug//libmetal.a(libriscv__mmachine__sifive-hifive1-revb_a-riscv,cpu.o)
                0x0000000020012b3a                __metal_driver_riscv_cpu_controller_interrupt_register
 .text.__metal_driver_riscv_cpu_controller_interrupt_enable
                0x0000000020012c82       0x2a /home/stefan/Documents/Graduation/RISC-V-toolchain/freedom-e-sdk/bsp/sifive-hifive1-revb/install/lib/debug//libmetal.a(libriscv__mmachine__sifive-hifive1-revb_a-riscv,cpu.o)
                0x0000000020012c82                __metal_driver_riscv_cpu_controller_interrupt_enable
 .text.__metal_driver_riscv_cpu_controller_interrupt_disable
                0x0000000020012cac       0x2a /home/stefan/Documents/Graduation/RISC-V-toolchain/freedom-e-sdk/bsp/sifive-hifive1-revb/install/lib/debug//libmetal.a(libriscv__mmachine__sifive-hifive1-revb_a-riscv,cpu.o)
                0x0000000020012cac                __metal_driver_riscv_cpu_controller_interrupt_disable
 .text.__metal_driver_riscv_cpu_controller_interrupt_enable_vector
                0x0000000020012cd6       0x62 /home/stefan/Documents/Graduation/RISC-V-toolchain/freedom-e-sdk/bsp/sifive-hifive1-revb/install/lib/debug//libmetal.a(libriscv__mmachine__sifive-hifive1-revb_a-riscv,cpu.o)
                0x0000000020012cd6                __metal_driver_riscv_cpu_controller_interrupt_enable_vector
 .text.__metal_driver_riscv_cpu_controller_interrupt_disable_vector
                0x0000000020012d38       0x3a /home/stefan/Documents/Graduation/RISC-V-toolchain/freedom-e-sdk/bsp/sifive-hifive1-revb/install/lib/debug//libmetal.a(libriscv__mmachine__sifive-hifive1-revb_a-riscv,cpu.o)
                0x0000000020012d38                __metal_driver_riscv_cpu_controller_interrupt_disable_vector
 .text.__metal_driver_riscv_cpu_controller_command_request
                0x0000000020012d72       0x1c /home/stefan/Documents/Graduation/RISC-V-toolchain/freedom-e-sdk/bsp/sifive-hifive1-revb/install/lib/debug//libmetal.a(libriscv__mmachine__sifive-hifive1-revb_a-riscv,cpu.o)
                0x0000000020012d72                __metal_driver_riscv_cpu_controller_command_request
 .text.__metal_driver_cpu_timer_get
                0x0000000020012d8e       0x72 /home/stefan/Documents/Graduation/RISC-V-toolchain/freedom-e-sdk/bsp/sifive-hifive1-revb/install/lib/debug//libmetal.a(libriscv__mmachine__sifive-hifive1-revb_a-riscv,cpu.o)
                0x0000000020012d8e                __metal_driver_cpu_timer_get
 .text.__metal_driver_cpu_timebase_get
                0x0000000020012e00       0x34 /home/stefan/Documents/Graduation/RISC-V-toolchain/freedom-e-sdk/bsp/sifive-hifive1-revb/install/lib/debug//libmetal.a(libriscv__mmachine__sifive-hifive1-revb_a-riscv,cpu.o)
                0x0000000020012e00                __metal_driver_cpu_timebase_get
 .text.__metal_driver_cpu_mtime_get
                0x0000000020012e34       0x6e /home/stefan/Documents/Graduation/RISC-V-toolchain/freedom-e-sdk/bsp/sifive-hifive1-revb/install/lib/debug//libmetal.a(libriscv__mmachine__sifive-hifive1-revb_a-riscv,cpu.o)
                0x0000000020012e34                __metal_driver_cpu_mtime_get
 .text.__metal_driver_cpu_mtimecmp_set
                0x0000000020012ea2       0x6e /home/stefan/Documents/Graduation/RISC-V-toolchain/freedom-e-sdk/bsp/sifive-hifive1-revb/install/lib/debug//libmetal.a(libriscv__mmachine__sifive-hifive1-revb_a-riscv,cpu.o)
                0x0000000020012ea2                __metal_driver_cpu_mtimecmp_set
 .text.__metal_driver_cpu_timer_controller_interrupt
                0x0000000020012f10       0x1a /home/stefan/Documents/Graduation/RISC-V-toolchain/freedom-e-sdk/bsp/sifive-hifive1-revb/install/lib/debug//libmetal.a(libriscv__mmachine__sifive-hifive1-revb_a-riscv,cpu.o)
                0x0000000020012f10                __metal_driver_cpu_timer_controller_interrupt
 .text.__metal_driver_cpu_get_timer_interrupt_id
                0x0000000020012f2a       0x14 /home/stefan/Documents/Graduation/RISC-V-toolchain/freedom-e-sdk/bsp/sifive-hifive1-revb/install/lib/debug//libmetal.a(libriscv__mmachine__sifive-hifive1-revb_a-riscv,cpu.o)
                0x0000000020012f2a                __metal_driver_cpu_get_timer_interrupt_id
 .text.__metal_driver_cpu_sw_controller_interrupt
                0x0000000020012f3e       0x1a /home/stefan/Documents/Graduation/RISC-V-toolchain/freedom-e-sdk/bsp/sifive-hifive1-revb/install/lib/debug//libmetal.a(libriscv__mmachine__sifive-hifive1-revb_a-riscv,cpu.o)
                0x0000000020012f3e                __metal_driver_cpu_sw_controller_interrupt
 .text.__metal_driver_cpu_get_sw_interrupt_id
                0x0000000020012f58       0x14 /home/stefan/Documents/Graduation/RISC-V-toolchain/freedom-e-sdk/bsp/sifive-hifive1-revb/install/lib/debug//libmetal.a(libriscv__mmachine__sifive-hifive1-revb_a-riscv,cpu.o)
                0x0000000020012f58                __metal_driver_cpu_get_sw_interrupt_id
 .text.__metal_driver_cpu_set_sw_ipi
                0x0000000020012f6c       0x6a /home/stefan/Documents/Graduation/RISC-V-toolchain/freedom-e-sdk/bsp/sifive-hifive1-revb/install/lib/debug//libmetal.a(libriscv__mmachine__sifive-hifive1-revb_a-riscv,cpu.o)
                0x0000000020012f6c                __metal_driver_cpu_set_sw_ipi
 .text.__metal_driver_cpu_clear_sw_ipi
                0x0000000020012fd6       0x6a /home/stefan/Documents/Graduation/RISC-V-toolchain/freedom-e-sdk/bsp/sifive-hifive1-revb/install/lib/debug//libmetal.a(libriscv__mmachine__sifive-hifive1-revb_a-riscv,cpu.o)
                0x0000000020012fd6                __metal_driver_cpu_clear_sw_ipi
 .text.__metal_driver_cpu_get_msip
                0x0000000020013040       0x68 /home/stefan/Documents/Graduation/RISC-V-toolchain/freedom-e-sdk/bsp/sifive-hifive1-revb/install/lib/debug//libmetal.a(libriscv__mmachine__sifive-hifive1-revb_a-riscv,cpu.o)
                0x0000000020013040                __metal_driver_cpu_get_msip
 .text.__metal_driver_cpu_controller_interrupt
                0x00000000200130a8       0x20 /home/stefan/Documents/Graduation/RISC-V-toolchain/freedom-e-sdk/bsp/sifive-hifive1-revb/install/lib/debug//libmetal.a(libriscv__mmachine__sifive-hifive1-revb_a-riscv,cpu.o)
                0x00000000200130a8                __metal_driver_cpu_controller_interrupt
 .text.__metal_driver_cpu_exception_register
                0x00000000200130c8       0x48 /home/stefan/Documents/Graduation/RISC-V-toolchain/freedom-e-sdk/bsp/sifive-hifive1-revb/install/lib/debug//libmetal.a(libriscv__mmachine__sifive-hifive1-revb_a-riscv,cpu.o)
                0x00000000200130c8                __metal_driver_cpu_exception_register
 .text.__metal_driver_cpu_get_instruction_length
                0x0000000020013110       0x28 /home/stefan/Documents/Graduation/RISC-V-toolchain/freedom-e-sdk/bsp/sifive-hifive1-revb/install/lib/debug//libmetal.a(libriscv__mmachine__sifive-hifive1-revb_a-riscv,cpu.o)
                0x0000000020013110                __metal_driver_cpu_get_instruction_length
 .text.__metal_driver_cpu_get_exception_pc
                0x0000000020013138       0x1e /home/stefan/Documents/Graduation/RISC-V-toolchain/freedom-e-sdk/bsp/sifive-hifive1-revb/install/lib/debug//libmetal.a(libriscv__mmachine__sifive-hifive1-revb_a-riscv,cpu.o)
                0x0000000020013138                __metal_driver_cpu_get_exception_pc
 .text.__metal_driver_cpu_set_exception_pc
                0x0000000020013156       0x20 /home/stefan/Documents/Graduation/RISC-V-toolchain/freedom-e-sdk/bsp/sifive-hifive1-revb/install/lib/debug//libmetal.a(libriscv__mmachine__sifive-hifive1-revb_a-riscv,cpu.o)
                0x0000000020013156                __metal_driver_cpu_set_exception_pc
 .text.__metal_plic0_claim_interrupt
                0x0000000020013176       0x22 /home/stefan/Documents/Graduation/RISC-V-toolchain/freedom-e-sdk/bsp/sifive-hifive1-revb/install/lib/debug//libmetal.a(libriscv__mmachine__sifive-hifive1-revb_a-riscv,plic0.o)
                0x0000000020013176                __metal_plic0_claim_interrupt
 .text.__metal_plic0_complete_interrupt
                0x0000000020013198       0x2c /home/stefan/Documents/Graduation/RISC-V-toolchain/freedom-e-sdk/bsp/sifive-hifive1-revb/install/lib/debug//libmetal.a(libriscv__mmachine__sifive-hifive1-revb_a-riscv,plic0.o)
                0x0000000020013198                __metal_plic0_complete_interrupt
 .text.__metal_plic0_set_threshold
                0x00000000200131c4       0x2a /home/stefan/Documents/Graduation/RISC-V-toolchain/freedom-e-sdk/bsp/sifive-hifive1-revb/install/lib/debug//libmetal.a(libriscv__mmachine__sifive-hifive1-revb_a-riscv,plic0.o)
                0x00000000200131c4                __metal_plic0_set_threshold
 .text.__metal_plic0_set_priority
                0x00000000200131ee       0x48 /home/stefan/Documents/Graduation/RISC-V-toolchain/freedom-e-sdk/bsp/sifive-hifive1-revb/install/lib/debug//libmetal.a(libriscv__mmachine__sifive-hifive1-revb_a-riscv,plic0.o)
                0x00000000200131ee                __metal_plic0_set_priority
 .text.__metal_plic0_enable
                0x0000000020013236       0x8a /home/stefan/Documents/Graduation/RISC-V-toolchain/freedom-e-sdk/bsp/sifive-hifive1-revb/install/lib/debug//libmetal.a(libriscv__mmachine__sifive-hifive1-revb_a-riscv,plic0.o)
                0x0000000020013236                __metal_plic0_enable
 .text.__metal_plic0_default_handler
                0x00000000200132c0       0x18 /home/stefan/Documents/Graduation/RISC-V-toolchain/freedom-e-sdk/bsp/sifive-hifive1-revb/install/lib/debug//libmetal.a(libriscv__mmachine__sifive-hifive1-revb_a-riscv,plic0.o)
                0x00000000200132c0                __metal_plic0_default_handler
 .text.__metal_plic0_handler
                0x00000000200132d8       0x8a /home/stefan/Documents/Graduation/RISC-V-toolchain/freedom-e-sdk/bsp/sifive-hifive1-revb/install/lib/debug//libmetal.a(libriscv__mmachine__sifive-hifive1-revb_a-riscv,plic0.o)
                0x00000000200132d8                __metal_plic0_handler
 .text.__metal_driver_riscv_plic0_init
                0x0000000020013362      0x11a /home/stefan/Documents/Graduation/RISC-V-toolchain/freedom-e-sdk/bsp/sifive-hifive1-revb/install/lib/debug//libmetal.a(libriscv__mmachine__sifive-hifive1-revb_a-riscv,plic0.o)
                0x0000000020013362                __metal_driver_riscv_plic0_init
 .text.__metal_driver_riscv_plic0_register
                0x000000002001347c       0xbe /home/stefan/Documents/Graduation/RISC-V-toolchain/freedom-e-sdk/bsp/sifive-hifive1-revb/install/lib/debug//libmetal.a(libriscv__mmachine__sifive-hifive1-revb_a-riscv,plic0.o)
                0x000000002001347c                __metal_driver_riscv_plic0_register
 .text.__metal_driver_riscv_plic0_enable
                0x000000002001353a       0x42 /home/stefan/Documents/Graduation/RISC-V-toolchain/freedom-e-sdk/bsp/sifive-hifive1-revb/install/lib/debug//libmetal.a(libriscv__mmachine__sifive-hifive1-revb_a-riscv,plic0.o)
                0x000000002001353a                __metal_driver_riscv_plic0_enable
 .text.__metal_driver_riscv_plic0_disable
                0x000000002001357c       0x42 /home/stefan/Documents/Graduation/RISC-V-toolchain/freedom-e-sdk/bsp/sifive-hifive1-revb/install/lib/debug//libmetal.a(libriscv__mmachine__sifive-hifive1-revb_a-riscv,plic0.o)
                0x000000002001357c                __metal_driver_riscv_plic0_disable
 .text.__metal_driver_sifive_fe310_g000_hfrosc_get_rate_hz
                0x00000000200135be       0x5c /home/stefan/Documents/Graduation/RISC-V-toolchain/freedom-e-sdk/bsp/sifive-hifive1-revb/install/lib/debug//libmetal.a(libriscv__mmachine__sifive-hifive1-revb_a-sifive,fe310-g000,hfrosc.o)
                0x00000000200135be                __metal_driver_sifive_fe310_g000_hfrosc_get_rate_hz
 .text.__metal_driver_sifive_fe310_g000_hfrosc_set_rate_hz
                0x000000002001361a       0x22 /home/stefan/Documents/Graduation/RISC-V-toolchain/freedom-e-sdk/bsp/sifive-hifive1-revb/install/lib/debug//libmetal.a(libriscv__mmachine__sifive-hifive1-revb_a-sifive,fe310-g000,hfrosc.o)
                0x000000002001361a                __metal_driver_sifive_fe310_g000_hfrosc_set_rate_hz
 .text.__metal_driver_sifive_fe310_g000_hfxosc_get_rate_hz
                0x000000002001363c       0x4c /home/stefan/Documents/Graduation/RISC-V-toolchain/freedom-e-sdk/bsp/sifive-hifive1-revb/install/lib/debug//libmetal.a(libriscv__mmachine__sifive-hifive1-revb_a-sifive,fe310-g000,hfxosc.o)
                0x000000002001363c                __metal_driver_sifive_fe310_g000_hfxosc_get_rate_hz
 .text.__metal_driver_sifive_fe310_g000_hfxosc_set_rate_hz
                0x0000000020013688       0x22 /home/stefan/Documents/Graduation/RISC-V-toolchain/freedom-e-sdk/bsp/sifive-hifive1-revb/install/lib/debug//libmetal.a(libriscv__mmachine__sifive-hifive1-revb_a-sifive,fe310-g000,hfxosc.o)
                0x0000000020013688                __metal_driver_sifive_fe310_g000_hfxosc_set_rate_hz
 .text.get_pll_config_freq
                0x00000000200136aa       0x4e /home/stefan/Documents/Graduation/RISC-V-toolchain/freedom-e-sdk/bsp/sifive-hifive1-revb/install/lib/debug//libmetal.a(libriscv__mmachine__sifive-hifive1-revb_a-sifive,fe310-g000,pll.o)
 .text.metal_sifive_fe310_g000_pll_init
                0x00000000200136f8       0x28 /home/stefan/Documents/Graduation/RISC-V-toolchain/freedom-e-sdk/bsp/sifive-hifive1-revb/install/lib/debug//libmetal.a(libriscv__mmachine__sifive-hifive1-revb_a-sifive,fe310-g000,pll.o)
 .text.__metal_driver_sifive_fe310_g000_pll_init
                0x0000000020013720       0xaa /home/stefan/Documents/Graduation/RISC-V-toolchain/freedom-e-sdk/bsp/sifive-hifive1-revb/install/lib/debug//libmetal.a(libriscv__mmachine__sifive-hifive1-revb_a-sifive,fe310-g000,pll.o)
                0x0000000020013720                __metal_driver_sifive_fe310_g000_pll_init
 .text.__metal_driver_sifive_fe310_g000_pll_get_rate_hz
                0x00000000200137ca      0x156 /home/stefan/Documents/Graduation/RISC-V-toolchain/freedom-e-sdk/bsp/sifive-hifive1-revb/install/lib/debug//libmetal.a(libriscv__mmachine__sifive-hifive1-revb_a-sifive,fe310-g000,pll.o)
                0x00000000200137ca                __metal_driver_sifive_fe310_g000_pll_get_rate_hz
 .text.find_closest_config
                0x0000000020013920       0xa8 /home/stefan/Documents/Graduation/RISC-V-toolchain/freedom-e-sdk/bsp/sifive-hifive1-revb/install/lib/debug//libmetal.a(libriscv__mmachine__sifive-hifive1-revb_a-sifive,fe310-g000,pll.o)
 .text.configure_pll
                0x00000000200139c8      0x132 /home/stefan/Documents/Graduation/RISC-V-toolchain/freedom-e-sdk/bsp/sifive-hifive1-revb/install/lib/debug//libmetal.a(libriscv__mmachine__sifive-hifive1-revb_a-sifive,fe310-g000,pll.o)
 .text.__metal_driver_sifive_fe310_g000_pll_set_rate_hz
                0x0000000020013afa      0x13e /home/stefan/Documents/Graduation/RISC-V-toolchain/freedom-e-sdk/bsp/sifive-hifive1-revb/install/lib/debug//libmetal.a(libriscv__mmachine__sifive-hifive1-revb_a-sifive,fe310-g000,pll.o)
                0x0000000020013afa                __metal_driver_sifive_fe310_g000_pll_set_rate_hz
 .text.use_hfxosc
                0x0000000020013c38       0x28 /home/stefan/Documents/Graduation/RISC-V-toolchain/freedom-e-sdk/bsp/sifive-hifive1-revb/install/lib/debug//libmetal.a(libriscv__mmachine__sifive-hifive1-revb_a-sifive,fe310-g000,pll.o)
 .text.__metal_driver_sifive_fe310_g000_prci_get_reg
                0x0000000020013c60       0x24 /home/stefan/Documents/Graduation/RISC-V-toolchain/freedom-e-sdk/bsp/sifive-hifive1-revb/install/lib/debug//libmetal.a(libriscv__mmachine__sifive-hifive1-revb_a-sifive,fe310-g000,prci.o)
                0x0000000020013c60                __metal_driver_sifive_fe310_g000_prci_get_reg
 .text.__metal_driver_sifive_fe310_g000_prci_set_reg
                0x0000000020013c84       0x2e /home/stefan/Documents/Graduation/RISC-V-toolchain/freedom-e-sdk/bsp/sifive-hifive1-revb/install/lib/debug//libmetal.a(libriscv__mmachine__sifive-hifive1-revb_a-sifive,fe310-g000,prci.o)
                0x0000000020013c84                __metal_driver_sifive_fe310_g000_prci_set_reg
 .text.__metal_driver_sifive_gpio0_disable_input
                0x0000000020013cb2       0x40 /home/stefan/Documents/Graduation/RISC-V-toolchain/freedom-e-sdk/bsp/sifive-hifive1-revb/install/lib/debug//libmetal.a(libriscv__mmachine__sifive-hifive1-revb_a-sifive,gpio0.o)
                0x0000000020013cb2                __metal_driver_sifive_gpio0_disable_input
 .text.__metal_driver_sifive_gpio0_output
                0x0000000020013cf2       0x24 /home/stefan/Documents/Graduation/RISC-V-toolchain/freedom-e-sdk/bsp/sifive-hifive1-revb/install/lib/debug//libmetal.a(libriscv__mmachine__sifive-hifive1-revb_a-sifive,gpio0.o)
                0x0000000020013cf2                __metal_driver_sifive_gpio0_output
 .text.__metal_driver_sifive_gpio0_enable_output
                0x0000000020013d16       0x3a /home/stefan/Documents/Graduation/RISC-V-toolchain/freedom-e-sdk/bsp/sifive-hifive1-revb/install/lib/debug//libmetal.a(libriscv__mmachine__sifive-hifive1-revb_a-sifive,gpio0.o)
                0x0000000020013d16                __metal_driver_sifive_gpio0_enable_output
 .text.__metal_driver_sifive_gpio0_output_set
                0x0000000020013d50       0x3a /home/stefan/Documents/Graduation/RISC-V-toolchain/freedom-e-sdk/bsp/sifive-hifive1-revb/install/lib/debug//libmetal.a(libriscv__mmachine__sifive-hifive1-revb_a-sifive,gpio0.o)
                0x0000000020013d50                __metal_driver_sifive_gpio0_output_set
 .text.__metal_driver_sifive_gpio0_output_clear
                0x0000000020013d8a       0x40 /home/stefan/Documents/Graduation/RISC-V-toolchain/freedom-e-sdk/bsp/sifive-hifive1-revb/install/lib/debug//libmetal.a(libriscv__mmachine__sifive-hifive1-revb_a-sifive,gpio0.o)
                0x0000000020013d8a                __metal_driver_sifive_gpio0_output_clear
 .text.__metal_driver_sifive_gpio0_output_toggle
                0x0000000020013dca       0x3a /home/stefan/Documents/Graduation/RISC-V-toolchain/freedom-e-sdk/bsp/sifive-hifive1-revb/install/lib/debug//libmetal.a(libriscv__mmachine__sifive-hifive1-revb_a-sifive,gpio0.o)
                0x0000000020013dca                __metal_driver_sifive_gpio0_output_toggle
 .text.__metal_driver_sifive_gpio0_enable_io
                0x0000000020013e04       0x66 /home/stefan/Documents/Graduation/RISC-V-toolchain/freedom-e-sdk/bsp/sifive-hifive1-revb/install/lib/debug//libmetal.a(libriscv__mmachine__sifive-hifive1-revb_a-sifive,gpio0.o)
                0x0000000020013e04                __metal_driver_sifive_gpio0_enable_io
 .text.__metal_driver_sifive_uart0_interrupt_controller
                0x0000000020013e6a       0x20 /home/stefan/Documents/Graduation/RISC-V-toolchain/freedom-e-sdk/bsp/sifive-hifive1-revb/install/lib/debug//libmetal.a(libriscv__mmachine__sifive-hifive1-revb_a-sifive,uart0.o)
                0x0000000020013e6a                __metal_driver_sifive_uart0_interrupt_controller
 .text.__metal_driver_sifive_uart0_get_interrupt_id
                0x0000000020013e8a       0x24 /home/stefan/Documents/Graduation/RISC-V-toolchain/freedom-e-sdk/bsp/sifive-hifive1-revb/install/lib/debug//libmetal.a(libriscv__mmachine__sifive-hifive1-revb_a-sifive,uart0.o)
                0x0000000020013e8a                __metal_driver_sifive_uart0_get_interrupt_id
 .text.__metal_driver_sifive_uart0_putc
                0x0000000020013eae       0x36 /home/stefan/Documents/Graduation/RISC-V-toolchain/freedom-e-sdk/bsp/sifive-hifive1-revb/install/lib/debug//libmetal.a(libriscv__mmachine__sifive-hifive1-revb_a-sifive,uart0.o)
                0x0000000020013eae                __metal_driver_sifive_uart0_putc
 .text.__metal_driver_sifive_uart0_getc
                0x0000000020013ee4       0x48 /home/stefan/Documents/Graduation/RISC-V-toolchain/freedom-e-sdk/bsp/sifive-hifive1-revb/install/lib/debug//libmetal.a(libriscv__mmachine__sifive-hifive1-revb_a-sifive,uart0.o)
                0x0000000020013ee4                __metal_driver_sifive_uart0_getc
 .text.__metal_driver_sifive_uart0_get_baud_rate
                0x0000000020013f2c       0x20 /home/stefan/Documents/Graduation/RISC-V-toolchain/freedom-e-sdk/bsp/sifive-hifive1-revb/install/lib/debug//libmetal.a(libriscv__mmachine__sifive-hifive1-revb_a-sifive,uart0.o)
                0x0000000020013f2c                __metal_driver_sifive_uart0_get_baud_rate
 .text.__metal_driver_sifive_uart0_set_baud_rate
                0x0000000020013f4c       0x98 /home/stefan/Documents/Graduation/RISC-V-toolchain/freedom-e-sdk/bsp/sifive-hifive1-revb/install/lib/debug//libmetal.a(libriscv__mmachine__sifive-hifive1-revb_a-sifive,uart0.o)
                0x0000000020013f4c                __metal_driver_sifive_uart0_set_baud_rate
 .text.pre_rate_change_callback
                0x0000000020013fe4       0xd0 /home/stefan/Documents/Graduation/RISC-V-toolchain/freedom-e-sdk/bsp/sifive-hifive1-revb/install/lib/debug//libmetal.a(libriscv__mmachine__sifive-hifive1-revb_a-sifive,uart0.o)
 .text.post_rate_change_callback
                0x00000000200140b4       0x30 /home/stefan/Documents/Graduation/RISC-V-toolchain/freedom-e-sdk/bsp/sifive-hifive1-revb/install/lib/debug//libmetal.a(libriscv__mmachine__sifive-hifive1-revb_a-sifive,uart0.o)
 .text.__metal_driver_sifive_uart0_init
                0x00000000200140e4       0x94 /home/stefan/Documents/Graduation/RISC-V-toolchain/freedom-e-sdk/bsp/sifive-hifive1-revb/install/lib/debug//libmetal.a(libriscv__mmachine__sifive-hifive1-revb_a-sifive,uart0.o)
                0x00000000200140e4                __metal_driver_sifive_uart0_init
 .text.metal_clock_get_rate_hz
                0x0000000020014178       0x26 /home/stefan/Documents/Graduation/RISC-V-toolchain/freedom-e-sdk/bsp/sifive-hifive1-revb/install/lib/debug//libmetal.a(libriscv__mmachine__sifive-hifive1-revb_a-clock.o)
                0x0000000020014178                metal_clock_get_rate_hz
 .text.metal_clock_set_rate_hz
                0x000000002001419e       0x64 /home/stefan/Documents/Graduation/RISC-V-toolchain/freedom-e-sdk/bsp/sifive-hifive1-revb/install/lib/debug//libmetal.a(libriscv__mmachine__sifive-hifive1-revb_a-clock.o)
                0x000000002001419e                metal_clock_set_rate_hz
 .text.metal_clock_register_pre_rate_change_callback
                0x0000000020014202       0x2e /home/stefan/Documents/Graduation/RISC-V-toolchain/freedom-e-sdk/bsp/sifive-hifive1-revb/install/lib/debug//libmetal.a(libriscv__mmachine__sifive-hifive1-revb_a-clock.o)
                0x0000000020014202                metal_clock_register_pre_rate_change_callback
 .text.metal_clock_register_post_rate_change_callback
                0x0000000020014230       0x2e /home/stefan/Documents/Graduation/RISC-V-toolchain/freedom-e-sdk/bsp/sifive-hifive1-revb/install/lib/debug//libmetal.a(libriscv__mmachine__sifive-hifive1-revb_a-clock.o)
                0x0000000020014230                metal_clock_register_post_rate_change_callback
 .text.metal_shutdown
                0x000000002001425e        0xe /home/stefan/Documents/Graduation/RISC-V-toolchain/freedom-e-sdk/bsp/sifive-hifive1-revb/install/lib/debug//libmetal.a(libriscv__mmachine__sifive-hifive1-revb_a-shutdown.o)
                0x000000002001425e                metal_shutdown
 .text._exit    0x000000002001426c       0x12 /home/stefan/Documents/Graduation/RISC-V-toolchain/freedom-e-sdk/bsp/sifive-hifive1-revb/install/lib/debug//libmetal-gloss.a(sys_exit.o)
                0x000000002001426c                _exit
 *(.itim .itim.*)
 *(.gnu.linkonce.t.*)

.fini
 *(SORT_NONE(.fini))
                [!provide]                        PROVIDE (__etext = .)
                [!provide]                        PROVIDE (_etext = .)
                [!provide]                        PROVIDE (etext = .)

.rodata         0x0000000020014280      0xb04
 *(.rdata)
 *(.rodata .rodata.*)
 .rodata.str1.1
                0x0000000020014280       0x12 test.o
 *fill*         0x0000000020014292        0x2 
 .rodata.str1.4
                0x0000000020014294        0x4 /home/stefan/Documents/Graduation/RISC-V-toolchain/riscv64-unknown-elf-gcc/bin/../lib/gcc/riscv64-unknown-elf/8.2.0/../../../../riscv64-unknown-elf/lib/rv32imac/ilp32/libc.a(lib_a-puts.o)
                                          0x2 (size before relaxing)
 .rodata.libgloss.start
                0x0000000020014298       0x11 /home/stefan/Documents/Graduation/RISC-V-toolchain/freedom-e-sdk/bsp/sifive-hifive1-revb/install/lib/debug//libmetal-gloss.a(crt0.o)
 *fill*         0x00000000200142a9        0x3 
 .rodata.__metal_driver_vtable_riscv_cpu_intc
                0x00000000200142ac       0x1c /home/stefan/Documents/Graduation/RISC-V-toolchain/freedom-e-sdk/bsp/sifive-hifive1-revb/install/lib/debug//libmetal.a(libriscv__mmachine__sifive-hifive1-revb_a-tty.o)
                0x00000000200142ac                __metal_driver_vtable_riscv_cpu_intc
 .rodata.__metal_driver_vtable_cpu
                0x00000000200142c8       0x40 /home/stefan/Documents/Graduation/RISC-V-toolchain/freedom-e-sdk/bsp/sifive-hifive1-revb/install/lib/debug//libmetal.a(libriscv__mmachine__sifive-hifive1-revb_a-tty.o)
                0x00000000200142c8                __metal_driver_vtable_cpu
 .rodata.__metal_driver_vtable_riscv_clint0
                0x0000000020014308       0x1c /home/stefan/Documents/Graduation/RISC-V-toolchain/freedom-e-sdk/bsp/sifive-hifive1-revb/install/lib/debug//libmetal.a(libriscv__mmachine__sifive-hifive1-revb_a-tty.o)
                0x0000000020014308                __metal_driver_vtable_riscv_clint0
 .rodata.__metal_driver_vtable_riscv_plic0
                0x0000000020014324       0x1c /home/stefan/Documents/Graduation/RISC-V-toolchain/freedom-e-sdk/bsp/sifive-hifive1-revb/install/lib/debug//libmetal.a(libriscv__mmachine__sifive-hifive1-revb_a-tty.o)
                0x0000000020014324                __metal_driver_vtable_riscv_plic0
 .rodata.__metal_driver_vtable_sifive_gpio0
                0x0000000020014340       0x1c /home/stefan/Documents/Graduation/RISC-V-toolchain/freedom-e-sdk/bsp/sifive-hifive1-revb/install/lib/debug//libmetal.a(libriscv__mmachine__sifive-hifive1-revb_a-tty.o)
                0x0000000020014340                __metal_driver_vtable_sifive_gpio0
 .rodata.__metal_driver_vtable_sifive_uart0
                0x000000002001435c       0x1c /home/stefan/Documents/Graduation/RISC-V-toolchain/freedom-e-sdk/bsp/sifive-hifive1-revb/install/lib/debug//libmetal.a(libriscv__mmachine__sifive-hifive1-revb_a-tty.o)
                0x000000002001435c                __metal_driver_vtable_sifive_uart0
 .rodata.__metal_driver_vtable_sifive_fe310_g000_pll
                0x0000000020014378        0xc /home/stefan/Documents/Graduation/RISC-V-toolchain/freedom-e-sdk/bsp/sifive-hifive1-revb/install/lib/debug//libmetal.a(libriscv__mmachine__sifive-hifive1-revb_a-tty.o)
                0x0000000020014378                __metal_driver_vtable_sifive_fe310_g000_pll
 .rodata.__metal_driver_riscv_clint0_command_request
                0x0000000020014384       0x18 /home/stefan/Documents/Graduation/RISC-V-toolchain/freedom-e-sdk/bsp/sifive-hifive1-revb/install/lib/debug//libmetal.a(libriscv__mmachine__sifive-hifive1-revb_a-riscv,clint0.o)
 .rodata.__metal_valid_interrupt_id
                0x000000002001439c       0x74 /home/stefan/Documents/Graduation/RISC-V-toolchain/freedom-e-sdk/bsp/sifive-hifive1-revb/install/lib/debug//libmetal.a(libriscv__mmachine__sifive-hifive1-revb_a-riscv,cpu.o)
 .rodata.__metal_local_interrupt_enable
                0x0000000020014410       0x80 /home/stefan/Documents/Graduation/RISC-V-toolchain/freedom-e-sdk/bsp/sifive-hifive1-revb/install/lib/debug//libmetal.a(libriscv__mmachine__sifive-hifive1-revb_a-riscv,cpu.o)
 .rodata.__metal_driver_riscv_cpu_controller_interrupt_register
                0x0000000020014490       0x74 /home/stefan/Documents/Graduation/RISC-V-toolchain/freedom-e-sdk/bsp/sifive-hifive1-revb/install/lib/debug//libmetal.a(libriscv__mmachine__sifive-hifive1-revb_a-riscv,cpu.o)
 .rodata.pll_configs
                0x0000000020014504      0x880 /home/stefan/Documents/Graduation/RISC-V-toolchain/freedom-e-sdk/bsp/sifive-hifive1-revb/install/lib/debug//libmetal.a(libriscv__mmachine__sifive-hifive1-revb_a-sifive,fe310-g000,pll.o)
 *(.gnu.linkonce.r.*)

.rela.dyn       0x0000000020014d84        0x0
 .rela.text     0x0000000020014d84        0x0 test.o
 .rela.text.metal.init.enter
                0x0000000020014d84        0x0 test.o
 .rela.text.libgloss.start
                0x0000000020014d84        0x0 test.o
 .rela.sdata.brk
                0x0000000020014d84        0x0 test.o
 .rela.text._sbrk
                0x0000000020014d84        0x0 test.o
 .rela.data.__metal_dt_clock_0
                0x0000000020014d84        0x0 test.o
 .rela.data.__metal_dt_clock_2
                0x0000000020014d84        0x0 test.o
 .rela.data.__metal_dt_clint_2000000
                0x0000000020014d84        0x0 test.o
 .rela.data.__metal_dt_cpu_0
                0x0000000020014d84        0x0 test.o
 .rela.data.__metal_dt_interrupt_controller
                0x0000000020014d84        0x0 test.o
 .rela.data.__metal_dt_interrupt_controller_c000000
                0x0000000020014d84        0x0 test.o
 .rela.data.__metal_dt_gpio_10012000
                0x0000000020014d84        0x0 test.o
 .rela.data.__metal_dt_serial_10013000
                0x0000000020014d84        0x0 test.o
 .rela.data.__metal_dt_clock_3
                0x0000000020014d84        0x0 test.o
 .rela.data.__metal_dt_clock_1
                0x0000000020014d84        0x0 test.o
 .rela.data.__metal_dt_clock_4
                0x0000000020014d84        0x0 test.o
 .rela.data.__metal_dt_prci_10008000
                0x0000000020014d84        0x0 test.o
 .rela.sdata.__metal_cpu_table
                0x0000000020014d84        0x0 test.o
 .rela.text.metal_tty_putc
                0x0000000020014d84        0x0 test.o
 .rela.text.metal_tty_init
                0x0000000020014d84        0x0 test.o
 .rela.text.__metal_driver_cpu_get
                0x0000000020014d84        0x0 test.o
 .rela.text.__metal_default_sw_handler
                0x0000000020014d84        0x0 test.o
 .rela.text.__metal_exception_handler
                0x0000000020014d84        0x0 test.o
 .rela.text.__metal_driver_cpu_timer_controller_interrupt
                0x0000000020014d84        0x0 test.o
 .rela.text.__metal_driver_cpu_sw_controller_interrupt
                0x0000000020014d84        0x0 test.o
 .rela.text.metal_sifive_fe310_g000_pll_init
                0x0000000020014d84        0x0 test.o
 .rela.text.use_hfxosc
                0x0000000020014d84        0x0 test.o
                0x0000000020014d84                . = ALIGN (0x4)

.preinit_array  0x0000000020014d84        0x0
                0x0000000020014d84                PROVIDE (__preinit_array_start = .)
 *(.preinit_array)
                0x0000000020014d84                PROVIDE (__preinit_array_end = .)

.init_array     0x0000000020014d84        0xc
                0x0000000020014d84                PROVIDE (__init_array_start = .)
 *(SORT_BY_INIT_PRIORITY(.init_array.*) SORT_BY_INIT_PRIORITY(.ctors.*))
 *(.init_array EXCLUDE_FILE(*crtend?.o *crtend.o *crtbegin?.o *crtbegin.o) .ctors)
 .init_array    0x0000000020014d84        0x4 /home/stefan/Documents/Graduation/RISC-V-toolchain/freedom-e-sdk/bsp/sifive-hifive1-revb/install/lib/debug//libmetal.a(libriscv__mmachine__sifive-hifive1-revb_a-tty.o)
 .init_array    0x0000000020014d88        0x8 /home/stefan/Documents/Graduation/RISC-V-toolchain/freedom-e-sdk/bsp/sifive-hifive1-revb/install/lib/debug//libmetal.a(libriscv__mmachine__sifive-hifive1-revb_a-sifive,fe310-g000,pll.o)
                0x0000000020014d90                PROVIDE (__init_array_end = .)

.finit_array    0x0000000020014d90        0x0
                [!provide]                        PROVIDE (__finit_array_start = .)
 *(SORT_BY_INIT_PRIORITY(.fini_array.*) SORT_BY_INIT_PRIORITY(.dtors.*))
 *(.fini_array EXCLUDE_FILE(*crtend?.o *crtend.o *crtbegin?.o *crtbegin.o) .dtors)
                [!provide]                        PROVIDE (__finit_array_end = .)

.ctors
 *crtbegin.o(.ctors)
 *crtbegin?.o(.ctors)
 *(EXCLUDE_FILE(*crtend?.o *crtend.o) .ctors)
 *(SORT_BY_NAME(.ctors.*))
 *(.ctors)

.dtors
 *crtbegin.o(.dtors)
 *crtbegin?.o(.dtors)
 *(EXCLUDE_FILE(*crtend?.o *crtend.o) .dtors)
 *(SORT_BY_NAME(.dtors.*))
 *(.dtors)

.litimalign     0x0000000020014d90        0x0
                0x0000000020014d90                . = ALIGN (0x4)
                0x0000000020014d90                PROVIDE (metal_segment_itim_source_start = .)

.ditimalign     0x0000000080000000        0x0 load address 0x0000000020014d90
                0x0000000080000000                . = ALIGN (0x4)
                0x0000000080000000                PROVIDE (metal_segment_itim_target_start = .)

.itim
 *(.itim .itim.*)
                0x0000000080000000                . = ALIGN (0x8)
                0x0000000080000000                PROVIDE (metal_segment_itim_target_end = .)

.lalign         0x0000000020014d90        0x0
                0x0000000020014d90                . = ALIGN (0x4)
                [!provide]                        PROVIDE (_data_lma = .)
                0x0000000020014d90                PROVIDE (metal_segment_data_source_start = .)

.dalign         0x0000000080000000        0x0 load address 0x0000000020014d90
                0x0000000080000000                . = ALIGN (0x4)
                0x0000000080000000                PROVIDE (metal_segment_data_target_start = .)

.data           0x0000000080000000     0x10cc load address 0x0000000020014d90
 *(.data .data.*)
 .data          0x0000000080000000      0x428 /home/stefan/Documents/Graduation/RISC-V-toolchain/riscv64-unknown-elf-gcc/bin/../lib/gcc/riscv64-unknown-elf/8.2.0/../../../../riscv64-unknown-elf/lib/rv32imac/ilp32/libc.a(lib_a-impure.o)
 .data          0x0000000080000428      0x408 /home/stefan/Documents/Graduation/RISC-V-toolchain/riscv64-unknown-elf-gcc/bin/../lib/gcc/riscv64-unknown-elf/8.2.0/../../../../riscv64-unknown-elf/lib/rv32imac/ilp32/libc.a(lib_a-mallocr.o)
                0x0000000080000428                __malloc_av_
 .data.__metal_dt_clock_0
                0x0000000080000830       0x1c /home/stefan/Documents/Graduation/RISC-V-toolchain/freedom-e-sdk/bsp/sifive-hifive1-revb/install/lib/debug//libmetal.a(libriscv__mmachine__sifive-hifive1-revb_a-tty.o)
                0x0000000080000830                __metal_dt_clock_0
 .data.__metal_dt_clock_2
                0x000000008000084c       0x1c /home/stefan/Documents/Graduation/RISC-V-toolchain/freedom-e-sdk/bsp/sifive-hifive1-revb/install/lib/debug//libmetal.a(libriscv__mmachine__sifive-hifive1-revb_a-tty.o)
                0x000000008000084c                __metal_dt_clock_2
 .data.__metal_dt_clint_2000000
                0x0000000080000868       0x24 /home/stefan/Documents/Graduation/RISC-V-toolchain/freedom-e-sdk/bsp/sifive-hifive1-revb/install/lib/debug//libmetal.a(libriscv__mmachine__sifive-hifive1-revb_a-tty.o)
                0x0000000080000868                __metal_dt_clint_2000000
 .data.__metal_dt_cpu_0
                0x000000008000088c       0x10 /home/stefan/Documents/Graduation/RISC-V-toolchain/freedom-e-sdk/bsp/sifive-hifive1-revb/install/lib/debug//libmetal.a(libriscv__mmachine__sifive-hifive1-revb_a-tty.o)
                0x000000008000088c                __metal_dt_cpu_0
 *fill*         0x000000008000089c        0x4 
 .data.__metal_dt_interrupt_controller
                0x00000000800008a0      0x3c0 /home/stefan/Documents/Graduation/RISC-V-toolchain/freedom-e-sdk/bsp/sifive-hifive1-revb/install/lib/debug//libmetal.a(libriscv__mmachine__sifive-hifive1-revb_a-tty.o)
                0x00000000800008a0                __metal_dt_interrupt_controller
 .data.__metal_dt_interrupt_controller_c000000
                0x0000000080000c60      0x320 /home/stefan/Documents/Graduation/RISC-V-toolchain/freedom-e-sdk/bsp/sifive-hifive1-revb/install/lib/debug//libmetal.a(libriscv__mmachine__sifive-hifive1-revb_a-tty.o)
                0x0000000080000c60                __metal_dt_interrupt_controller_c000000
 .data.__metal_dt_gpio_10012000
                0x0000000080000f80       0x58 /home/stefan/Documents/Graduation/RISC-V-toolchain/freedom-e-sdk/bsp/sifive-hifive1-revb/install/lib/debug//libmetal.a(libriscv__mmachine__sifive-hifive1-revb_a-tty.o)
                0x0000000080000f80                __metal_dt_gpio_10012000
 .data.__metal_dt_serial_10013000
                0x0000000080000fd8       0x30 /home/stefan/Documents/Graduation/RISC-V-toolchain/freedom-e-sdk/bsp/sifive-hifive1-revb/install/lib/debug//libmetal.a(libriscv__mmachine__sifive-hifive1-revb_a-tty.o)
                0x0000000080000fd8                __metal_dt_serial_10013000
 .data.__metal_dt_clock_3
                0x0000000080001008       0x24 /home/stefan/Documents/Graduation/RISC-V-toolchain/freedom-e-sdk/bsp/sifive-hifive1-revb/install/lib/debug//libmetal.a(libriscv__mmachine__sifive-hifive1-revb_a-tty.o)
                0x0000000080001008                __metal_dt_clock_3
 .data.__metal_dt_clock_1
                0x000000008000102c       0x24 /home/stefan/Documents/Graduation/RISC-V-toolchain/freedom-e-sdk/bsp/sifive-hifive1-revb/install/lib/debug//libmetal.a(libriscv__mmachine__sifive-hifive1-revb_a-tty.o)
                0x000000008000102c                __metal_dt_clock_1
 .data.__metal_dt_clock_4
                0x0000000080001050       0x34 /home/stefan/Documents/Graduation/RISC-V-toolchain/freedom-e-sdk/bsp/sifive-hifive1-revb/install/lib/debug//libmetal.a(libriscv__mmachine__sifive-hifive1-revb_a-tty.o)
                0x0000000080001050                __metal_dt_clock_4
 .data.__metal_dt_prci_10008000
                0x0000000080001084        0xc /home/stefan/Documents/Graduation/RISC-V-toolchain/freedom-e-sdk/bsp/sifive-hifive1-revb/install/lib/debug//libmetal.a(libriscv__mmachine__sifive-hifive1-revb_a-tty.o)
                0x0000000080001084                __metal_dt_prci_10008000
 *(.gnu.linkonce.d.*)
                0x0000000080001090                . = ALIGN (0x8)
                0x0000000080001890                PROVIDE (__global_pointer$ = (. + 0x800))
 *(.sdata .sdata.* .sdata2.*)
 .sdata         0x0000000080001090        0x4 /home/stefan/Documents/Graduation/RISC-V-toolchain/riscv64-unknown-elf-gcc/bin/../lib/gcc/riscv64-unknown-elf/8.2.0/../../../../riscv64-unknown-elf/lib/rv32imac/ilp32/libc.a(lib_a-impure.o)
                0x0000000080001090                _impure_ptr
 .sdata         0x0000000080001094        0x8 /home/stefan/Documents/Graduation/RISC-V-toolchain/riscv64-unknown-elf-gcc/bin/../lib/gcc/riscv64-unknown-elf/8.2.0/../../../../riscv64-unknown-elf/lib/rv32imac/ilp32/libc.a(lib_a-mallocr.o)
                0x0000000080001094                __malloc_sbrk_base
                0x0000000080001098                __malloc_trim_threshold
 .sdata.brk     0x000000008000109c        0x4 /home/stefan/Documents/Graduation/RISC-V-toolchain/freedom-e-sdk/bsp/sifive-hifive1-revb/install/lib/debug//libmetal-gloss.a(sys_sbrk.o)
 .sdata2.__metal_driver_vtable_fixed_clock
                0x00000000800010a0        0x8 /home/stefan/Documents/Graduation/RISC-V-toolchain/freedom-e-sdk/bsp/sifive-hifive1-revb/install/lib/debug//libmetal.a(libriscv__mmachine__sifive-hifive1-revb_a-tty.o)
                0x00000000800010a0                __metal_driver_vtable_fixed_clock
 .sdata2.__metal_driver_vtable_sifive_fe310_g000_prci
                0x00000000800010a8        0x8 /home/stefan/Documents/Graduation/RISC-V-toolchain/freedom-e-sdk/bsp/sifive-hifive1-revb/install/lib/debug//libmetal.a(libriscv__mmachine__sifive-hifive1-revb_a-tty.o)
                0x00000000800010a8                __metal_driver_vtable_sifive_fe310_g000_prci
 .sdata2.__metal_driver_vtable_sifive_fe310_g000_hfrosc
                0x00000000800010b0        0x8 /home/stefan/Documents/Graduation/RISC-V-toolchain/freedom-e-sdk/bsp/sifive-hifive1-revb/install/lib/debug//libmetal.a(libriscv__mmachine__sifive-hifive1-revb_a-tty.o)
                0x00000000800010b0                __metal_driver_vtable_sifive_fe310_g000_hfrosc
 .sdata2.__metal_driver_vtable_sifive_fe310_g000_hfxosc
                0x00000000800010b8        0x8 /home/stefan/Documents/Graduation/RISC-V-toolchain/freedom-e-sdk/bsp/sifive-hifive1-revb/install/lib/debug//libmetal.a(libriscv__mmachine__sifive-hifive1-revb_a-tty.o)
                0x00000000800010b8                __metal_driver_vtable_sifive_fe310_g000_hfxosc
 .sdata.__metal_cpu_table
                0x00000000800010c0        0x4 /home/stefan/Documents/Graduation/RISC-V-toolchain/freedom-e-sdk/bsp/sifive-hifive1-revb/install/lib/debug//libmetal.a(libriscv__mmachine__sifive-hifive1-revb_a-tty.o)
                0x00000000800010c0                __metal_cpu_table
 *(.gnu.linkonce.s.*)
                0x00000000800010c8                . = ALIGN (0x8)
 *fill*         0x00000000800010c4        0x4 
 *(.srodata.cst16)
 *(.srodata.cst8)
 *(.srodata.cst4)
 *(.srodata.cst2)
 *(.srodata .srodata.*)
 .srodata       0x00000000800010c8        0x4 /home/stefan/Documents/Graduation/RISC-V-toolchain/riscv64-unknown-elf-gcc/bin/../lib/gcc/riscv64-unknown-elf/8.2.0/../../../../riscv64-unknown-elf/lib/rv32imac/ilp32/libc.a(lib_a-impure.o)
                0x00000000800010c8                _global_impure_ptr
                0x00000000800010cc                . = ALIGN (0x4)
                [!provide]                        PROVIDE (_edata = .)
                [!provide]                        PROVIDE (edata = .)
                0x00000000800010cc                PROVIDE (metal_segment_data_target_end = .)
                [!provide]                        PROVIDE (_fbss = .)
                [!provide]                        PROVIDE (__bss_start = .)
                0x00000000800010cc                PROVIDE (metal_segment_bss_target_start = .)

.bss            0x00000000800010cc       0x38
 *(.sbss*)
 .sbss          0x00000000800010cc        0xc /home/stefan/Documents/Graduation/RISC-V-toolchain/riscv64-unknown-elf-gcc/bin/../lib/gcc/riscv64-unknown-elf/8.2.0/../../../../riscv64-unknown-elf/lib/rv32imac/ilp32/libc.a(lib_a-mallocr.o)
                0x00000000800010cc                __malloc_max_total_mem
                0x00000000800010d0                __malloc_max_sbrked_mem
                0x00000000800010d4                __malloc_top_pad
 *(.gnu.linkonce.sb.*)
 *(.bss .bss.*)
 .bss           0x00000000800010d8       0x28 /home/stefan/Documents/Graduation/RISC-V-toolchain/riscv64-unknown-elf-gcc/bin/../lib/gcc/riscv64-unknown-elf/8.2.0/../../../../riscv64-unknown-elf/lib/rv32imac/ilp32/libc.a(lib_a-mallocr.o)
                0x00000000800010d8                __malloc_current_mallinfo
 *(.gnu.linkonce.b.*)
 *(COMMON)
 COMMON         0x0000000080001100        0x4 /home/stefan/Documents/Graduation/RISC-V-toolchain/riscv64-unknown-elf-gcc/bin/../lib/gcc/riscv64-unknown-elf/8.2.0/../../../../riscv64-unknown-elf/lib/rv32imac/ilp32/libc.a(lib_a-reent.o)
                0x0000000080001100                errno
                0x0000000080001104                . = ALIGN (0x4)
                0x0000000080001108                . = ALIGN (0x8)
                [!provide]                        PROVIDE (_end = .)
                [!provide]                        PROVIDE (end = .)
                0x0000000080001108                PROVIDE (metal_segment_bss_target_end = .)

.stack          0x0000000080001104      0x400
                [!provide]                        PROVIDE (metal_segment_stack_begin = .)
                0x0000000000000400                . = __stack_size
 *fill*         0x0000000080001104      0x400 
                [!provide]                        PROVIDE (_sp = .)
                0x0000000080001504                PROVIDE (metal_segment_stack_end = .)

.heap           0x0000000080001504     0x2afc
                0x0000000080001504                PROVIDE (metal_segment_heap_target_start = .)
                0x0000000000000400                . = __heap_size
 *fill*         0x0000000080001504      0x400 
                0x0000000080004000                . = (__heap_size == 0x0)?0x0:(ORIGIN (ram) + LENGTH (ram))
 *fill*         0x0000000080001904     0x26fc 
                0x0000000080004000                PROVIDE (metal_segment_heap_target_end = .)
                [!provide]                        PROVIDE (_heap_end = .)
OUTPUT(program.elf elf32-littleriscv)

.comment        0x0000000000000000       0x26
 .comment       0x0000000000000000       0x15 test.o
                                         0x16 (size before relaxing)
 .comment       0x0000000000000015       0x11 /home/stefan/Documents/Graduation/RISC-V-toolchain/riscv64-unknown-elf-gcc/bin/../lib/gcc/riscv64-unknown-elf/8.2.0/../../../../riscv64-unknown-elf/lib/rv32imac/ilp32/libc.a(lib_a-puts.o)
                                         0x12 (size before relaxing)
 .comment       0x0000000000000026       0x12 /home/stefan/Documents/Graduation/RISC-V-toolchain/riscv64-unknown-elf-gcc/bin/../lib/gcc/riscv64-unknown-elf/8.2.0/../../../../riscv64-unknown-elf/lib/rv32imac/ilp32/libc.a(lib_a-strlen.o)
 .comment       0x0000000000000026       0x12 /home/stefan/Documents/Graduation/RISC-V-toolchain/riscv64-unknown-elf-gcc/bin/../lib/gcc/riscv64-unknown-elf/8.2.0/../../../../riscv64-unknown-elf/lib/rv32imac/ilp32/libc.a(lib_a-findfp.o)
 .comment       0x0000000000000026       0x12 /home/stefan/Documents/Graduation/RISC-V-toolchain/riscv64-unknown-elf-gcc/bin/../lib/gcc/riscv64-unknown-elf/8.2.0/../../../../riscv64-unknown-elf/lib/rv32imac/ilp32/libc.a(lib_a-fvwrite.o)
 .comment       0x0000000000000026       0x12 /home/stefan/Documents/Graduation/RISC-V-toolchain/riscv64-unknown-elf-gcc/bin/../lib/gcc/riscv64-unknown-elf/8.2.0/../../../../riscv64-unknown-elf/lib/rv32imac/ilp32/libc.a(lib_a-fwalk.o)
 .comment       0x0000000000000026       0x12 /home/stefan/Documents/Graduation/RISC-V-toolchain/riscv64-unknown-elf-gcc/bin/../lib/gcc/riscv64-unknown-elf/8.2.0/../../../../riscv64-unknown-elf/lib/rv32imac/ilp32/libc.a(lib_a-impure.o)
 .comment       0x0000000000000026       0x12 /home/stefan/Documents/Graduation/RISC-V-toolchain/riscv64-unknown-elf-gcc/bin/../lib/gcc/riscv64-unknown-elf/8.2.0/../../../../riscv64-unknown-elf/lib/rv32imac/ilp32/libc.a(lib_a-mallocr.o)
 .comment       0x0000000000000026       0x12 /home/stefan/Documents/Graduation/RISC-V-toolchain/riscv64-unknown-elf-gcc/bin/../lib/gcc/riscv64-unknown-elf/8.2.0/../../../../riscv64-unknown-elf/lib/rv32imac/ilp32/libc.a(lib_a-memchr.o)
 .comment       0x0000000000000026       0x12 /home/stefan/Documents/Graduation/RISC-V-toolchain/riscv64-unknown-elf-gcc/bin/../lib/gcc/riscv64-unknown-elf/8.2.0/../../../../riscv64-unknown-elf/lib/rv32imac/ilp32/libc.a(lib_a-memcpy.o)
 .comment       0x0000000000000026       0x12 /home/stefan/Documents/Graduation/RISC-V-toolchain/riscv64-unknown-elf-gcc/bin/../lib/gcc/riscv64-unknown-elf/8.2.0/../../../../riscv64-unknown-elf/lib/rv32imac/ilp32/libc.a(lib_a-memmove.o)
 .comment       0x0000000000000026       0x12 /home/stefan/Documents/Graduation/RISC-V-toolchain/riscv64-unknown-elf-gcc/bin/../lib/gcc/riscv64-unknown-elf/8.2.0/../../../../riscv64-unknown-elf/lib/rv32imac/ilp32/libc.a(lib_a-mlock.o)
 .comment       0x0000000000000026       0x12 /home/stefan/Documents/Graduation/RISC-V-toolchain/riscv64-unknown-elf-gcc/bin/../lib/gcc/riscv64-unknown-elf/8.2.0/../../../../riscv64-unknown-elf/lib/rv32imac/ilp32/libc.a(lib_a-reallocr.o)
 .comment       0x0000000000000026       0x12 /home/stefan/Documents/Graduation/RISC-V-toolchain/riscv64-unknown-elf-gcc/bin/../lib/gcc/riscv64-unknown-elf/8.2.0/../../../../riscv64-unknown-elf/lib/rv32imac/ilp32/libc.a(lib_a-sbrkr.o)
 .comment       0x0000000000000026       0x12 /home/stefan/Documents/Graduation/RISC-V-toolchain/riscv64-unknown-elf-gcc/bin/../lib/gcc/riscv64-unknown-elf/8.2.0/../../../../riscv64-unknown-elf/lib/rv32imac/ilp32/libc.a(lib_a-stdio.o)
 .comment       0x0000000000000026       0x12 /home/stefan/Documents/Graduation/RISC-V-toolchain/riscv64-unknown-elf-gcc/bin/../lib/gcc/riscv64-unknown-elf/8.2.0/../../../../riscv64-unknown-elf/lib/rv32imac/ilp32/libc.a(lib_a-writer.o)
 .comment       0x0000000000000026       0x12 /home/stefan/Documents/Graduation/RISC-V-toolchain/riscv64-unknown-elf-gcc/bin/../lib/gcc/riscv64-unknown-elf/8.2.0/../../../../riscv64-unknown-elf/lib/rv32imac/ilp32/libc.a(lib_a-wsetup.o)
 .comment       0x0000000000000026       0x12 /home/stefan/Documents/Graduation/RISC-V-toolchain/riscv64-unknown-elf-gcc/bin/../lib/gcc/riscv64-unknown-elf/8.2.0/../../../../riscv64-unknown-elf/lib/rv32imac/ilp32/libc.a(lib_a-closer.o)
 .comment       0x0000000000000026       0x12 /home/stefan/Documents/Graduation/RISC-V-toolchain/riscv64-unknown-elf-gcc/bin/../lib/gcc/riscv64-unknown-elf/8.2.0/../../../../riscv64-unknown-elf/lib/rv32imac/ilp32/libc.a(lib_a-fclose.o)
 .comment       0x0000000000000026       0x12 /home/stefan/Documents/Graduation/RISC-V-toolchain/riscv64-unknown-elf-gcc/bin/../lib/gcc/riscv64-unknown-elf/8.2.0/../../../../riscv64-unknown-elf/lib/rv32imac/ilp32/libc.a(lib_a-fflush.o)
 .comment       0x0000000000000026       0x12 /home/stefan/Documents/Graduation/RISC-V-toolchain/riscv64-unknown-elf-gcc/bin/../lib/gcc/riscv64-unknown-elf/8.2.0/../../../../riscv64-unknown-elf/lib/rv32imac/ilp32/libc.a(lib_a-freer.o)
 .comment       0x0000000000000026       0x12 /home/stefan/Documents/Graduation/RISC-V-toolchain/riscv64-unknown-elf-gcc/bin/../lib/gcc/riscv64-unknown-elf/8.2.0/../../../../riscv64-unknown-elf/lib/rv32imac/ilp32/libc.a(lib_a-lseekr.o)
 .comment       0x0000000000000026       0x12 /home/stefan/Documents/Graduation/RISC-V-toolchain/riscv64-unknown-elf-gcc/bin/../lib/gcc/riscv64-unknown-elf/8.2.0/../../../../riscv64-unknown-elf/lib/rv32imac/ilp32/libc.a(lib_a-makebuf.o)
 .comment       0x0000000000000026       0x12 /home/stefan/Documents/Graduation/RISC-V-toolchain/riscv64-unknown-elf-gcc/bin/../lib/gcc/riscv64-unknown-elf/8.2.0/../../../../riscv64-unknown-elf/lib/rv32imac/ilp32/libc.a(lib_a-readr.o)
 .comment       0x0000000000000026       0x12 /home/stefan/Documents/Graduation/RISC-V-toolchain/riscv64-unknown-elf-gcc/bin/../lib/gcc/riscv64-unknown-elf/8.2.0/../../../../riscv64-unknown-elf/lib/rv32imac/ilp32/libc.a(lib_a-reent.o)
 .comment       0x0000000000000026       0x12 /home/stefan/Documents/Graduation/RISC-V-toolchain/riscv64-unknown-elf-gcc/bin/../lib/gcc/riscv64-unknown-elf/8.2.0/../../../../riscv64-unknown-elf/lib/rv32imac/ilp32/libc.a(lib_a-fstatr.o)
 .comment       0x0000000000000026       0x12 /home/stefan/Documents/Graduation/RISC-V-toolchain/riscv64-unknown-elf-gcc/bin/../lib/gcc/riscv64-unknown-elf/8.2.0/../../../../riscv64-unknown-elf/lib/rv32imac/ilp32/libc.a(lib_a-isattyr.o)
 .comment       0x0000000000000026       0x12 /home/stefan/Documents/Graduation/RISC-V-toolchain/freedom-e-sdk/bsp/sifive-hifive1-revb/install/lib/debug//libmetal-gloss.a(sys_close.o)
 .comment       0x0000000000000026       0x12 /home/stefan/Documents/Graduation/RISC-V-toolchain/freedom-e-sdk/bsp/sifive-hifive1-revb/install/lib/debug//libmetal-gloss.a(sys_fstat.o)
 .comment       0x0000000000000026       0x12 /home/stefan/Documents/Graduation/RISC-V-toolchain/freedom-e-sdk/bsp/sifive-hifive1-revb/install/lib/debug//libmetal-gloss.a(sys_isatty.o)
 .comment       0x0000000000000026       0x12 /home/stefan/Documents/Graduation/RISC-V-toolchain/freedom-e-sdk/bsp/sifive-hifive1-revb/install/lib/debug//libmetal-gloss.a(sys_lseek.o)
 .comment       0x0000000000000026       0x12 /home/stefan/Documents/Graduation/RISC-V-toolchain/freedom-e-sdk/bsp/sifive-hifive1-revb/install/lib/debug//libmetal-gloss.a(sys_read.o)
 .comment       0x0000000000000026       0x12 /home/stefan/Documents/Graduation/RISC-V-toolchain/freedom-e-sdk/bsp/sifive-hifive1-revb/install/lib/debug//libmetal-gloss.a(sys_sbrk.o)
 .comment       0x0000000000000026       0x12 /home/stefan/Documents/Graduation/RISC-V-toolchain/freedom-e-sdk/bsp/sifive-hifive1-revb/install/lib/debug//libmetal-gloss.a(sys_write.o)
 .comment       0x0000000000000026       0x12 /home/stefan/Documents/Graduation/RISC-V-toolchain/riscv64-unknown-elf-gcc/bin/../lib/gcc/riscv64-unknown-elf/8.2.0/../../../../riscv64-unknown-elf/lib/rv32imac/ilp32/libc.a(lib_a-atexit.o)
 .comment       0x0000000000000026       0x12 /home/stefan/Documents/Graduation/RISC-V-toolchain/riscv64-unknown-elf-gcc/bin/../lib/gcc/riscv64-unknown-elf/8.2.0/../../../../riscv64-unknown-elf/lib/rv32imac/ilp32/libc.a(lib_a-errno.o)
 .comment       0x0000000000000026       0x12 /home/stefan/Documents/Graduation/RISC-V-toolchain/riscv64-unknown-elf-gcc/bin/../lib/gcc/riscv64-unknown-elf/8.2.0/../../../../riscv64-unknown-elf/lib/rv32imac/ilp32/libc.a(lib_a-exit.o)
 .comment       0x0000000000000026       0x12 /home/stefan/Documents/Graduation/RISC-V-toolchain/riscv64-unknown-elf-gcc/bin/../lib/gcc/riscv64-unknown-elf/8.2.0/../../../../riscv64-unknown-elf/lib/rv32imac/ilp32/libc.a(lib_a-fini.o)
 .comment       0x0000000000000026       0x12 /home/stefan/Documents/Graduation/RISC-V-toolchain/riscv64-unknown-elf-gcc/bin/../lib/gcc/riscv64-unknown-elf/8.2.0/../../../../riscv64-unknown-elf/lib/rv32imac/ilp32/libc.a(lib_a-init.o)
 .comment       0x0000000000000026       0x12 /home/stefan/Documents/Graduation/RISC-V-toolchain/riscv64-unknown-elf-gcc/bin/../lib/gcc/riscv64-unknown-elf/8.2.0/../../../../riscv64-unknown-elf/lib/rv32imac/ilp32/libc.a(lib_a-__atexit.o)
 .comment       0x0000000000000026       0x12 /home/stefan/Documents/Graduation/RISC-V-toolchain/riscv64-unknown-elf-gcc/bin/../lib/gcc/riscv64-unknown-elf/8.2.0/../../../../riscv64-unknown-elf/lib/rv32imac/ilp32/libc.a(lib_a-__call_atexit.o)
 .comment       0x0000000000000026       0x12 /home/stefan/Documents/Graduation/RISC-V-toolchain/freedom-e-sdk/bsp/sifive-hifive1-revb/install/lib/debug//libmetal.a(libriscv__mmachine__sifive-hifive1-revb_a-tty.o)
 .comment       0x0000000000000026       0x12 /home/stefan/Documents/Graduation/RISC-V-toolchain/freedom-e-sdk/bsp/sifive-hifive1-revb/install/lib/debug//libmetal.a(libriscv__mmachine__sifive-hifive1-revb_a-uart.o)
 .comment       0x0000000000000026       0x12 /home/stefan/Documents/Graduation/RISC-V-toolchain/freedom-e-sdk/bsp/sifive-hifive1-revb/install/lib/debug//libmetal.a(libriscv__mmachine__sifive-hifive1-revb_a-fixed-clock.o)
 .comment       0x0000000000000026       0x12 /home/stefan/Documents/Graduation/RISC-V-toolchain/freedom-e-sdk/bsp/sifive-hifive1-revb/install/lib/debug//libmetal.a(libriscv__mmachine__sifive-hifive1-revb_a-riscv,clint0.o)
 .comment       0x0000000000000026       0x12 /home/stefan/Documents/Graduation/RISC-V-toolchain/freedom-e-sdk/bsp/sifive-hifive1-revb/install/lib/debug//libmetal.a(libriscv__mmachine__sifive-hifive1-revb_a-riscv,cpu.o)
 .comment       0x0000000000000026       0x12 /home/stefan/Documents/Graduation/RISC-V-toolchain/freedom-e-sdk/bsp/sifive-hifive1-revb/install/lib/debug//libmetal.a(libriscv__mmachine__sifive-hifive1-revb_a-riscv,plic0.o)
 .comment       0x0000000000000026       0x12 /home/stefan/Documents/Graduation/RISC-V-toolchain/freedom-e-sdk/bsp/sifive-hifive1-revb/install/lib/debug//libmetal.a(libriscv__mmachine__sifive-hifive1-revb_a-sifive,fe310-g000,hfrosc.o)
 .comment       0x0000000000000026       0x12 /home/stefan/Documents/Graduation/RISC-V-toolchain/freedom-e-sdk/bsp/sifive-hifive1-revb/install/lib/debug//libmetal.a(libriscv__mmachine__sifive-hifive1-revb_a-sifive,fe310-g000,hfxosc.o)
 .comment       0x0000000000000026       0x12 /home/stefan/Documents/Graduation/RISC-V-toolchain/freedom-e-sdk/bsp/sifive-hifive1-revb/install/lib/debug//libmetal.a(libriscv__mmachine__sifive-hifive1-revb_a-sifive,fe310-g000,pll.o)
 .comment       0x0000000000000026       0x12 /home/stefan/Documents/Graduation/RISC-V-toolchain/freedom-e-sdk/bsp/sifive-hifive1-revb/install/lib/debug//libmetal.a(libriscv__mmachine__sifive-hifive1-revb_a-sifive,fe310-g000,prci.o)
 .comment       0x0000000000000026       0x12 /home/stefan/Documents/Graduation/RISC-V-toolchain/freedom-e-sdk/bsp/sifive-hifive1-revb/install/lib/debug//libmetal.a(libriscv__mmachine__sifive-hifive1-revb_a-sifive,gpio0.o)
 .comment       0x0000000000000026       0x12 /home/stefan/Documents/Graduation/RISC-V-toolchain/freedom-e-sdk/bsp/sifive-hifive1-revb/install/lib/debug//libmetal.a(libriscv__mmachine__sifive-hifive1-revb_a-sifive,uart0.o)
 .comment       0x0000000000000026       0x12 /home/stefan/Documents/Graduation/RISC-V-toolchain/freedom-e-sdk/bsp/sifive-hifive1-revb/install/lib/debug//libmetal.a(libriscv__mmachine__sifive-hifive1-revb_a-clock.o)
 .comment       0x0000000000000026       0x12 /home/stefan/Documents/Graduation/RISC-V-toolchain/freedom-e-sdk/bsp/sifive-hifive1-revb/install/lib/debug//libmetal.a(libriscv__mmachine__sifive-hifive1-revb_a-shutdown.o)
 .comment       0x0000000000000026       0x12 /home/stefan/Documents/Graduation/RISC-V-toolchain/freedom-e-sdk/bsp/sifive-hifive1-revb/install/lib/debug//libmetal-gloss.a(sys_exit.o)

.note.GNU-stack
                0x0000000000000000        0x0
 .note.GNU-stack
                0x0000000000000000        0x0 test.o

.riscv.attributes
                0x0000000000000000       0x29
 .riscv.attributes
                0x0000000000000000       0x29 /home/stefan/Documents/Graduation/RISC-V-toolchain/riscv64-unknown-elf-gcc/bin/../lib/gcc/riscv64-unknown-elf/8.2.0/../../../../riscv64-unknown-elf/lib/rv32imac/ilp32/libc.a(lib_a-puts.o)
 .riscv.attributes
                0x0000000000000029       0x29 /home/stefan/Documents/Graduation/RISC-V-toolchain/riscv64-unknown-elf-gcc/bin/../lib/gcc/riscv64-unknown-elf/8.2.0/../../../../riscv64-unknown-elf/lib/rv32imac/ilp32/libc.a(lib_a-strlen.o)
 .riscv.attributes
                0x0000000000000052       0x29 /home/stefan/Documents/Graduation/RISC-V-toolchain/riscv64-unknown-elf-gcc/bin/../lib/gcc/riscv64-unknown-elf/8.2.0/../../../../riscv64-unknown-elf/lib/rv32imac/ilp32/libc.a(lib_a-findfp.o)
 .riscv.attributes
                0x000000000000007b       0x29 /home/stefan/Documents/Graduation/RISC-V-toolchain/riscv64-unknown-elf-gcc/bin/../lib/gcc/riscv64-unknown-elf/8.2.0/../../../../riscv64-unknown-elf/lib/rv32imac/ilp32/libc.a(lib_a-fvwrite.o)
 .riscv.attributes
                0x00000000000000a4       0x29 /home/stefan/Documents/Graduation/RISC-V-toolchain/riscv64-unknown-elf-gcc/bin/../lib/gcc/riscv64-unknown-elf/8.2.0/../../../../riscv64-unknown-elf/lib/rv32imac/ilp32/libc.a(lib_a-fwalk.o)
 .riscv.attributes
                0x00000000000000cd       0x29 /home/stefan/Documents/Graduation/RISC-V-toolchain/riscv64-unknown-elf-gcc/bin/../lib/gcc/riscv64-unknown-elf/8.2.0/../../../../riscv64-unknown-elf/lib/rv32imac/ilp32/libc.a(lib_a-impure.o)
 .riscv.attributes
                0x00000000000000f6       0x29 /home/stefan/Documents/Graduation/RISC-V-toolchain/riscv64-unknown-elf-gcc/bin/../lib/gcc/riscv64-unknown-elf/8.2.0/../../../../riscv64-unknown-elf/lib/rv32imac/ilp32/libc.a(lib_a-mallocr.o)
 .riscv.attributes
                0x000000000000011f       0x29 /home/stefan/Documents/Graduation/RISC-V-toolchain/riscv64-unknown-elf-gcc/bin/../lib/gcc/riscv64-unknown-elf/8.2.0/../../../../riscv64-unknown-elf/lib/rv32imac/ilp32/libc.a(lib_a-memchr.o)
 .riscv.attributes
                0x0000000000000148       0x29 /home/stefan/Documents/Graduation/RISC-V-toolchain/riscv64-unknown-elf-gcc/bin/../lib/gcc/riscv64-unknown-elf/8.2.0/../../../../riscv64-unknown-elf/lib/rv32imac/ilp32/libc.a(lib_a-memcpy.o)
 .riscv.attributes
                0x0000000000000171       0x29 /home/stefan/Documents/Graduation/RISC-V-toolchain/riscv64-unknown-elf-gcc/bin/../lib/gcc/riscv64-unknown-elf/8.2.0/../../../../riscv64-unknown-elf/lib/rv32imac/ilp32/libc.a(lib_a-memmove.o)
 .riscv.attributes
                0x000000000000019a       0x29 /home/stefan/Documents/Graduation/RISC-V-toolchain/riscv64-unknown-elf-gcc/bin/../lib/gcc/riscv64-unknown-elf/8.2.0/../../../../riscv64-unknown-elf/lib/rv32imac/ilp32/libc.a(lib_a-memset.o)
 .riscv.attributes
                0x00000000000001c3       0x29 /home/stefan/Documents/Graduation/RISC-V-toolchain/riscv64-unknown-elf-gcc/bin/../lib/gcc/riscv64-unknown-elf/8.2.0/../../../../riscv64-unknown-elf/lib/rv32imac/ilp32/libc.a(lib_a-mlock.o)
 .riscv.attributes
                0x00000000000001ec       0x29 /home/stefan/Documents/Graduation/RISC-V-toolchain/riscv64-unknown-elf-gcc/bin/../lib/gcc/riscv64-unknown-elf/8.2.0/../../../../riscv64-unknown-elf/lib/rv32imac/ilp32/libc.a(lib_a-reallocr.o)
 .riscv.attributes
                0x0000000000000215       0x29 /home/stefan/Documents/Graduation/RISC-V-toolchain/riscv64-unknown-elf-gcc/bin/../lib/gcc/riscv64-unknown-elf/8.2.0/../../../../riscv64-unknown-elf/lib/rv32imac/ilp32/libc.a(lib_a-sbrkr.o)
 .riscv.attributes
                0x000000000000023e       0x29 /home/stefan/Documents/Graduation/RISC-V-toolchain/riscv64-unknown-elf-gcc/bin/../lib/gcc/riscv64-unknown-elf/8.2.0/../../../../riscv64-unknown-elf/lib/rv32imac/ilp32/libc.a(lib_a-stdio.o)
 .riscv.attributes
                0x0000000000000267       0x29 /home/stefan/Documents/Graduation/RISC-V-toolchain/riscv64-unknown-elf-gcc/bin/../lib/gcc/riscv64-unknown-elf/8.2.0/../../../../riscv64-unknown-elf/lib/rv32imac/ilp32/libc.a(lib_a-writer.o)
 .riscv.attributes
                0x0000000000000290       0x29 /home/stefan/Documents/Graduation/RISC-V-toolchain/riscv64-unknown-elf-gcc/bin/../lib/gcc/riscv64-unknown-elf/8.2.0/../../../../riscv64-unknown-elf/lib/rv32imac/ilp32/libc.a(lib_a-wsetup.o)
 .riscv.attributes
                0x00000000000002b9       0x29 /home/stefan/Documents/Graduation/RISC-V-toolchain/riscv64-unknown-elf-gcc/bin/../lib/gcc/riscv64-unknown-elf/8.2.0/../../../../riscv64-unknown-elf/lib/rv32imac/ilp32/libc.a(lib_a-closer.o)
 .riscv.attributes
                0x00000000000002e2       0x29 /home/stefan/Documents/Graduation/RISC-V-toolchain/riscv64-unknown-elf-gcc/bin/../lib/gcc/riscv64-unknown-elf/8.2.0/../../../../riscv64-unknown-elf/lib/rv32imac/ilp32/libc.a(lib_a-fclose.o)
 .riscv.attributes
                0x000000000000030b       0x29 /home/stefan/Documents/Graduation/RISC-V-toolchain/riscv64-unknown-elf-gcc/bin/../lib/gcc/riscv64-unknown-elf/8.2.0/../../../../riscv64-unknown-elf/lib/rv32imac/ilp32/libc.a(lib_a-fflush.o)
 .riscv.attributes
                0x0000000000000334       0x29 /home/stefan/Documents/Graduation/RISC-V-toolchain/riscv64-unknown-elf-gcc/bin/../lib/gcc/riscv64-unknown-elf/8.2.0/../../../../riscv64-unknown-elf/lib/rv32imac/ilp32/libc.a(lib_a-freer.o)
 .riscv.attributes
                0x000000000000035d       0x29 /home/stefan/Documents/Graduation/RISC-V-toolchain/riscv64-unknown-elf-gcc/bin/../lib/gcc/riscv64-unknown-elf/8.2.0/../../../../riscv64-unknown-elf/lib/rv32imac/ilp32/libc.a(lib_a-lseekr.o)
 .riscv.attributes
                0x0000000000000386       0x29 /home/stefan/Documents/Graduation/RISC-V-toolchain/riscv64-unknown-elf-gcc/bin/../lib/gcc/riscv64-unknown-elf/8.2.0/../../../../riscv64-unknown-elf/lib/rv32imac/ilp32/libc.a(lib_a-makebuf.o)
 .riscv.attributes
                0x00000000000003af       0x29 /home/stefan/Documents/Graduation/RISC-V-toolchain/riscv64-unknown-elf-gcc/bin/../lib/gcc/riscv64-unknown-elf/8.2.0/../../../../riscv64-unknown-elf/lib/rv32imac/ilp32/libc.a(lib_a-readr.o)
 .riscv.attributes
                0x00000000000003d8       0x29 /home/stefan/Documents/Graduation/RISC-V-toolchain/riscv64-unknown-elf-gcc/bin/../lib/gcc/riscv64-unknown-elf/8.2.0/../../../../riscv64-unknown-elf/lib/rv32imac/ilp32/libc.a(lib_a-reent.o)
 .riscv.attributes
                0x0000000000000401       0x29 /home/stefan/Documents/Graduation/RISC-V-toolchain/riscv64-unknown-elf-gcc/bin/../lib/gcc/riscv64-unknown-elf/8.2.0/../../../../riscv64-unknown-elf/lib/rv32imac/ilp32/libc.a(lib_a-fstatr.o)
 .riscv.attributes
                0x000000000000042a       0x29 /home/stefan/Documents/Graduation/RISC-V-toolchain/riscv64-unknown-elf-gcc/bin/../lib/gcc/riscv64-unknown-elf/8.2.0/../../../../riscv64-unknown-elf/lib/rv32imac/ilp32/libc.a(lib_a-isattyr.o)
 .riscv.attributes
                0x0000000000000453       0x29 /home/stefan/Documents/Graduation/RISC-V-toolchain/freedom-e-sdk/bsp/sifive-hifive1-revb/install/lib/debug//libmetal.a(libriscv__mmachine__sifive-hifive1-revb_a-entry.o)
 .riscv.attributes
                0x000000000000047c       0x29 /home/stefan/Documents/Graduation/RISC-V-toolchain/freedom-e-sdk/bsp/sifive-hifive1-revb/install/lib/debug//libmetal-gloss.a(crt0.o)
 .riscv.attributes
                0x00000000000004a5       0x29 /home/stefan/Documents/Graduation/RISC-V-toolchain/freedom-e-sdk/bsp/sifive-hifive1-revb/install/lib/debug//libmetal-gloss.a(sys_close.o)
 .riscv.attributes
                0x00000000000004ce       0x29 /home/stefan/Documents/Graduation/RISC-V-toolchain/freedom-e-sdk/bsp/sifive-hifive1-revb/install/lib/debug//libmetal-gloss.a(sys_fstat.o)
 .riscv.attributes
                0x00000000000004f7       0x29 /home/stefan/Documents/Graduation/RISC-V-toolchain/freedom-e-sdk/bsp/sifive-hifive1-revb/install/lib/debug//libmetal-gloss.a(sys_isatty.o)
 .riscv.attributes
                0x0000000000000520       0x29 /home/stefan/Documents/Graduation/RISC-V-toolchain/freedom-e-sdk/bsp/sifive-hifive1-revb/install/lib/debug//libmetal-gloss.a(sys_lseek.o)
 .riscv.attributes
                0x0000000000000549       0x29 /home/stefan/Documents/Graduation/RISC-V-toolchain/freedom-e-sdk/bsp/sifive-hifive1-revb/install/lib/debug//libmetal-gloss.a(sys_read.o)
 .riscv.attributes
                0x0000000000000572       0x29 /home/stefan/Documents/Graduation/RISC-V-toolchain/freedom-e-sdk/bsp/sifive-hifive1-revb/install/lib/debug//libmetal-gloss.a(sys_sbrk.o)
 .riscv.attributes
                0x000000000000059b       0x29 /home/stefan/Documents/Graduation/RISC-V-toolchain/freedom-e-sdk/bsp/sifive-hifive1-revb/install/lib/debug//libmetal-gloss.a(sys_write.o)
 .riscv.attributes
                0x00000000000005c4       0x29 /home/stefan/Documents/Graduation/RISC-V-toolchain/riscv64-unknown-elf-gcc/bin/../lib/gcc/riscv64-unknown-elf/8.2.0/../../../../riscv64-unknown-elf/lib/rv32imac/ilp32/libc.a(lib_a-atexit.o)
 .riscv.attributes
                0x00000000000005ed       0x29 /home/stefan/Documents/Graduation/RISC-V-toolchain/riscv64-unknown-elf-gcc/bin/../lib/gcc/riscv64-unknown-elf/8.2.0/../../../../riscv64-unknown-elf/lib/rv32imac/ilp32/libc.a(lib_a-errno.o)
 .riscv.attributes
                0x0000000000000616       0x29 /home/stefan/Documents/Graduation/RISC-V-toolchain/riscv64-unknown-elf-gcc/bin/../lib/gcc/riscv64-unknown-elf/8.2.0/../../../../riscv64-unknown-elf/lib/rv32imac/ilp32/libc.a(lib_a-exit.o)
 .riscv.attributes