Archive member included to satisfy reference by file (symbol)

/home/stefan/Documents/Graduation/RISC-V-toolchain/riscv64-unknown-elf-gcc/bin/../lib/gcc/riscv64-unknown-elf/8.2.0/../../../../riscv64-unknown-elf/lib/rv32imac/ilp32/libc.a(lib_a-printf.o)
                              benchmark.o (printf)
/home/stefan/Documents/Graduation/RISC-V-toolchain/riscv64-unknown-elf-gcc/bin/../lib/gcc/riscv64-unknown-elf/8.2.0/../../../../riscv64-unknown-elf/lib/rv32imac/ilp32/libc.a(lib_a-vfprintf.o)
                              /home/stefan/Documents/Graduation/RISC-V-toolchain/riscv64-unknown-elf-gcc/bin/../lib/gcc/riscv64-unknown-elf/8.2.0/../../../../riscv64-unknown-elf/lib/rv32imac/ilp32/libc.a(lib_a-printf.o) (_vfprintf_r)
/home/stefan/Documents/Graduation/RISC-V-toolchain/riscv64-unknown-elf-gcc/bin/../lib/gcc/riscv64-unknown-elf/8.2.0/../../../../riscv64-unknown-elf/lib/rv32imac/ilp32/libc.a(lib_a-wsetup.o)
                              /home/stefan/Documents/Graduation/RISC-V-toolchain/riscv64-unknown-elf-gcc/bin/../lib/gcc/riscv64-unknown-elf/8.2.0/../../../../riscv64-unknown-elf/lib/rv32imac/ilp32/libc.a(lib_a-vfprintf.o) (__swsetup_r)
/home/stefan/Documents/Graduation/RISC-V-toolchain/riscv64-unknown-elf-gcc/bin/../lib/gcc/riscv64-unknown-elf/8.2.0/../../../../riscv64-unknown-elf/lib/rv32imac/ilp32/libc.a(lib_a-fflush.o)
                              /home/stefan/Documents/Graduation/RISC-V-toolchain/riscv64-unknown-elf-gcc/bin/../lib/gcc/riscv64-unknown-elf/8.2.0/../../../../riscv64-unknown-elf/lib/rv32imac/ilp32/libc.a(lib_a-vfprintf.o) (_fflush_r)
/home/stefan/Documents/Graduation/RISC-V-toolchain/riscv64-unknown-elf-gcc/bin/../lib/gcc/riscv64-unknown-elf/8.2.0/../../../../riscv64-unknown-elf/lib/rv32imac/ilp32/libc.a(lib_a-findfp.o)
                              /home/stefan/Documents/Graduation/RISC-V-toolchain/riscv64-unknown-elf-gcc/bin/../lib/gcc/riscv64-unknown-elf/8.2.0/../../../../riscv64-unknown-elf/lib/rv32imac/ilp32/libc.a(lib_a-vfprintf.o) (__sinit)
/home/stefan/Documents/Graduation/RISC-V-toolchain/riscv64-unknown-elf-gcc/bin/../lib/gcc/riscv64-unknown-elf/8.2.0/../../../../riscv64-unknown-elf/lib/rv32imac/ilp32/libc.a(lib_a-freer.o)
                              /home/stefan/Documents/Graduation/RISC-V-toolchain/riscv64-unknown-elf-gcc/bin/../lib/gcc/riscv64-unknown-elf/8.2.0/../../../../riscv64-unknown-elf/lib/rv32imac/ilp32/libc.a(lib_a-vfprintf.o) (_free_r)
/home/stefan/Documents/Graduation/RISC-V-toolchain/riscv64-unknown-elf-gcc/bin/../lib/gcc/riscv64-unknown-elf/8.2.0/../../../../riscv64-unknown-elf/lib/rv32imac/ilp32/libc.a(lib_a-fwalk.o)
                              /home/stefan/Documents/Graduation/RISC-V-toolchain/riscv64-unknown-elf-gcc/bin/../lib/gcc/riscv64-unknown-elf/8.2.0/../../../../riscv64-unknown-elf/lib/rv32imac/ilp32/libc.a(lib_a-findfp.o) (_fwalk)
/home/stefan/Documents/Graduation/RISC-V-toolchain/riscv64-unknown-elf-gcc/bin/../lib/gcc/riscv64-unknown-elf/8.2.0/../../../../riscv64-unknown-elf/lib/rv32imac/ilp32/libc.a(lib_a-impure.o)
                              /home/stefan/Documents/Graduation/RISC-V-toolchain/riscv64-unknown-elf-gcc/bin/../lib/gcc/riscv64-unknown-elf/8.2.0/../../../../riscv64-unknown-elf/lib/rv32imac/ilp32/libc.a(lib_a-fflush.o) (_global_impure_ptr)
/home/stefan/Documents/Graduation/RISC-V-toolchain/riscv64-unknown-elf-gcc/bin/../lib/gcc/riscv64-unknown-elf/8.2.0/../../../../riscv64-unknown-elf/lib/rv32imac/ilp32/libc.a(lib_a-ldtoa.o)
                              /home/stefan/Documents/Graduation/RISC-V-toolchain/riscv64-unknown-elf-gcc/bin/../lib/gcc/riscv64-unknown-elf/8.2.0/../../../../riscv64-unknown-elf/lib/rv32imac/ilp32/libc.a(lib_a-vfprintf.o) (_ldtoa_r)
/home/stefan/Documents/Graduation/RISC-V-toolchain/riscv64-unknown-elf-gcc/bin/../lib/gcc/riscv64-unknown-elf/8.2.0/../../../../riscv64-unknown-elf/lib/rv32imac/ilp32/libc.a(lib_a-localeconv.o)
                              /home/stefan/Documents/Graduation/RISC-V-toolchain/riscv64-unknown-elf-gcc/bin/../lib/gcc/riscv64-unknown-elf/8.2.0/../../../../riscv64-unknown-elf/lib/rv32imac/ilp32/libc.a(lib_a-vfprintf.o) (_localeconv_r)
/home/stefan/Documents/Graduation/RISC-V-toolchain/riscv64-unknown-elf-gcc/bin/../lib/gcc/riscv64-unknown-elf/8.2.0/../../../../riscv64-unknown-elf/lib/rv32imac/ilp32/libc.a(lib_a-locale.o)
                              /home/stefan/Documents/Graduation/RISC-V-toolchain/riscv64-unknown-elf-gcc/bin/../lib/gcc/riscv64-unknown-elf/8.2.0/../../../../riscv64-unknown-elf/lib/rv32imac/ilp32/libc.a(lib_a-localeconv.o) (__global_locale)
/home/stefan/Documents/Graduation/RISC-V-toolchain/riscv64-unknown-elf-gcc/bin/../lib/gcc/riscv64-unknown-elf/8.2.0/../../../../riscv64-unknown-elf/lib/rv32imac/ilp32/libc.a(lib_a-makebuf.o)
                              /home/stefan/Documents/Graduation/RISC-V-toolchain/riscv64-unknown-elf-gcc/bin/../lib/gcc/riscv64-unknown-elf/8.2.0/../../../../riscv64-unknown-elf/lib/rv32imac/ilp32/libc.a(lib_a-wsetup.o) (__smakebuf_r)
[...]
Memory Configuration

Name             Origin             Length             Attributes
ram              0x0000000080000000 0x0000000000004000 axw !rl
flash            0x0000000020010000 0x000000000006a120 axrl !w
*default*        0x0000000000000000 0xffffffffffffffff

Linker script and memory map

LOAD benchmark.o
LOAD onetime_auth.o
LOAD main.o
LOAD radixconv.o
LOAD securemul.o
LOAD mulmod.o
LOAD test.o
LOAD interrupt.o
LOAD add.o
LOAD onetime_authloop.o
LOAD cyclecounter.o
LOAD squeeze.o
START GROUP
LOAD /home/stefan/Documents/Graduation/RISC-V-toolchain/riscv64-unknown-elf-gcc/bin/../lib/gcc/riscv64-unknown-elf/8.2.0/../../../../riscv64-unknown-elf/lib/rv32imac/ilp32/libc.a
LOAD /home/stefan/Documents/Graduation/RISC-V-toolchain/riscv64-unknown-elf-gcc/bin/../lib/gcc/riscv64-unknown-elf/8.2.0/rv32imac/ilp32/libgcc.a
LOAD /home/stefan/Documents/Graduation/RISC-V-toolchain/freedom-e-sdk/bsp/sifive-hifive1-revb/install/lib/debug//libmetal.a
LOAD /home/stefan/Documents/Graduation/RISC-V-toolchain/freedom-e-sdk/bsp/sifive-hifive1-revb/install/lib/debug//libmetal-gloss.a
END GROUP
                0x0000000000001800                __stack_size = DEFINED (__stack_size)?__stack_size:0x1800
                0x0000000000000400                __heap_size = DEFINED (__heap_size)?__heap_size:0x400

.init           0x0000000020010000      0x136
 *(.text.metal.init.enter)
 .text.metal.init.enter
                0x0000000020010000       0x54 /home/stefan/Documents/Graduation/RISC-V-toolchain/freedom-e-sdk/bsp/sifive-hifive1-revb/install/lib/debug//libmetal.a(libriscv__mmachine__sifive-hifive1-revb_a-entry.o)
                0x0000000020010000                _enter
 *(SORT_NONE(.init))
 *(.text.libgloss.start)
 .text.libgloss.start
                0x0000000020010054       0xe2 /home/stefan/Documents/Graduation/RISC-V-toolchain/freedom-e-sdk/bsp/sifive-hifive1-revb/install/lib/debug//libmetal-gloss.a(crt0.o)
                0x0000000020010054                _start
                0x0000000020010134                _init
                0x0000000020010134                _fini

.text           0x0000000020010180     0xeb42
 *(.text.unlikely .text.unlikely.*)
 *(.text.startup .text.startup.*)
 *(.text .text.*)
 .text          0x0000000020010180      0x218 benchmark.o
                0x0000000020010180                printintarray
                0x0000000020010230                dobenchmark
 .text          0x0000000020010398      0x810 onetime_auth.o
                0x0000000020010398                printbytes
                0x00000000200103fc                toradix28
                0x0000000020010564                crypto_onetimeauth
 .text          0x0000000020010ba8      0x3d0 main.o
                0x0000000020010ba8                checkCorrectness
                0x0000000020010dec                printchararray
                0x0000000020010e8c                printarray
                0x0000000020010f30                main
 .text          0x0000000020010f78      0x114 securemul.o
                0x0000000020010f78                securemul226
 .text          0x000000002001108c      0x154 mulmod.o
                0x000000002001108c                mulmod226asm
 .text          0x00000000200111e0        0xc test.o
                0x00000000200111e0                test
 .text          0x00000000200111ec       0xc0 add.o
                0x00000000200111ec                addasm
                0x0000000020011220                add226asm
 .text          0x00000000200112ac      0x108 onetime_authloop.o
                0x00000000200112ac                onetimeauth_loop
 .text          0x00000000200113b4       0x68 cyclecounter.o
                0x00000000200113b4                getcycles
                0x00000000200113f8                icachemisses
                0x0000000020011414                getsp
 .text          0x000000002001141c       0x68 squeeze.o
                0x000000002001141c                squeeze226asm
 .text          0x0000000020011484       0x4e /home/stefan/Documents/Graduation/RISC-V-toolchain/riscv64-unknown-elf-gcc/bin/../lib/gcc/riscv64-unknown-elf/8.2.0/../../../../riscv64-unknown-elf/lib/rv32imac/ilp32/libc.a(lib_a-printf.o)
                0x0000000020011484                _printf_r
                0x00000000200114a4                printf
 .text          0x00000000200114d2     0x16b2 /home/stefan/Documents/Graduation/RISC-V-toolchain/riscv64-unknown-elf-gcc/bin/../lib/gcc/riscv64-unknown-elf/8.2.0/../../../../riscv64-unknown-elf/lib/rv32imac/ilp32/libc.a(lib_a-vfprintf.o)
                0x00000000200114d2                _vfprintf_r
                0x0000000020012ae6                vfprintf
 .text          0x0000000020012b84       0xdc /home/stefan/Documents/Graduation/RISC-V-toolchain/riscv64-unknown-elf-gcc/bin/../lib/gcc/riscv64-unknown-elf/8.2.0/../../../../riscv64-unknown-elf/lib/rv32imac/ilp32/libc.a(lib_a-wsetup.o)
                0x0000000020012b84                __swsetup_r
 .text          0x0000000020012c60      0x1a8 /home/stefan/Documents/Graduation/RISC-V-toolchain/riscv64-unknown-elf-gcc/bin/../lib/gcc/riscv64-unknown-elf/8.2.0/../../../../riscv64-unknown-elf/lib/rv32imac/ilp32/libc.a(lib_a-fflush.o)
                0x0000000020012c60                __sflush_r
                0x0000000020012dba                _fflush_r
                0x0000000020012de8                fflush
 .text          0x0000000020012e08      0x1e6 /home/stefan/Documents/Graduation/RISC-V-toolchain/riscv64-unknown-elf-gcc/bin/../lib/gcc/riscv64-unknown-elf/8.2.0/../../../../riscv64-unknown-elf/lib/rv32imac/ilp32/libc.a(lib_a-findfp.o)
                0x0000000020012e76                _cleanup_r
                0x0000000020012e84                __sfmoreglue
                0x0000000020012ecc                _cleanup
                0x0000000020012ed4                __sinit
                0x0000000020012f22                __sfp
                0x0000000020012fbe                __sfp_lock_acquire
                0x0000000020012fc0                __sfp_lock_release
                0x0000000020012fc2                __sinit_lock_acquire
                0x0000000020012fc4                __sinit_lock_release
                0x0000000020012fc6                __fp_lock_all
                0x0000000020012fda                __fp_unlock_all
 .text          0x0000000020012fee      0x2a0 /home/stefan/Documents/Graduation/RISC-V-toolchain/riscv64-unknown-elf-gcc/bin/../lib/gcc/riscv64-unknown-elf/8.2.0/../../../../riscv64-unknown-elf/lib/rv32imac/ilp32/libc.a(lib_a-freer.o)
                0x0000000020012fee                _malloc_trim_r
                0x00000000200130be                _free_r
 .text          0x000000002001328e       0xce /home/stefan/Documents/Graduation/RISC-V-toolchain/riscv64-unknown-elf-gcc/bin/../lib/gcc/riscv64-unknown-elf/8.2.0/../../../../riscv64-unknown-elf/lib/rv32imac/ilp32/libc.a(lib_a-fwalk.o)
                0x000000002001328e                _fwalk
                0x00000000200132f0                _fwalk_reent
 .text          0x000000002001335c     0x1610 /home/stefan/Documents/Graduation/RISC-V-toolchain/riscv64-unknown-elf-gcc/bin/../lib/gcc/riscv64-unknown-elf/8.2.0/../../../../riscv64-unknown-elf/lib/rv32imac/ilp32/libc.a(lib_a-ldtoa.o)
                0x000000002001403a                _ldtoa_r
                0x000000002001492e                _ldcheck
 .text          0x000000002001496c       0x3e /home/stefan/Documents/Graduation/RISC-V-toolchain/riscv64-unknown-elf-gcc/bin/../lib/gcc/riscv64-unknown-elf/8.2.0/../../../../riscv64-unknown-elf/lib/rv32imac/ilp32/libc.a(lib_a-localeconv.o)
                0x000000002001496c                __localeconv_l
                0x0000000020014972                _localeconv_r
                0x000000002001498e                localeconv
 .text          0x00000000200149aa       0xa6 /home/stefan/Documents/Graduation/RISC-V-toolchain/riscv64-unknown-elf-gcc/bin/../lib/gcc/riscv64-unknown-elf/8.2.0/../../../../riscv64-unknown-elf/lib/rv32imac/ilp32/libc.a(lib_a-locale.o)
                0x00000000200149aa                _setlocale_r
                0x0000000020014a02                __locale_mb_cur_max
                0x0000000020014a1e                __locale_ctype_ptr_l
                0x0000000020014a24                __locale_ctype_ptr
                0x0000000020014a40                setlocale
 .text          0x0000000020014a50      0x104 /home/stefan/Documents/Graduation/RISC-V-toolchain/riscv64-unknown-elf-gcc/bin/../lib/gcc/riscv64-unknown-elf/8.2.0/../../../../riscv64-unknown-elf/lib/rv32imac/ilp32/libc.a(lib_a-makebuf.o)
                0x0000000020014a50                __swhatbuf_r
                0x0000000020014ab6                __smakebuf_r
 .text          0x0000000020014b54      0x50e /home/stefan/Documents/Graduation/RISC-V-toolchain/riscv64-unknown-elf-gcc/bin/../lib/gcc/riscv64-unknown-elf/8.2.0/../../../../riscv64-unknown-elf/lib/rv32imac/ilp32/libc.a(lib_a-mallocr.o)
                0x0000000020014b54                _malloc_r
 .text          0x0000000020015062       0x56 /home/stefan/Documents/Graduation/RISC-V-toolchain/riscv64-unknown-elf-gcc/bin/../lib/gcc/riscv64-unknown-elf/8.2.0/../../../../riscv64-unknown-elf/lib/rv32imac/ilp32/libc.a(lib_a-mbtowc_r.o)
                0x0000000020015062                _mbtowc_r
                0x000000002001507e                __ascii_mbtowc
 .text          0x00000000200150b8       0x1a /home/stefan/Documents/Graduation/RISC-V-toolchain/riscv64-unknown-elf-gcc/bin/../lib/gcc/riscv64-unknown-elf/8.2.0/../../../../riscv64-unknown-elf/lib/rv32imac/ilp32/libc.a(lib_a-memchr.o)
                0x00000000200150b8                memchr
 .text          0x00000000200150d2       0xa8 /home/stefan/Documents/Graduation/RISC-V-toolchain/riscv64-unknown-elf-gcc/bin/../lib/gcc/riscv64-unknown-elf/8.2.0/../../../../riscv64-unknown-elf/lib/rv32imac/ilp32/libc.a(lib_a-memset.o)
                0x00000000200150d2                memset
 .text          0x000000002001517a        0x4 /home/stefan/Documents/Graduation/RISC-V-toolchain/riscv64-unknown-elf-gcc/bin/../lib/gcc/riscv64-unknown-elf/8.2.0/../../../../riscv64-unknown-elf/lib/rv32imac/ilp32/libc.a(lib_a-mlock.o)
                0x000000002001517a                __malloc_lock
                0x000000002001517c                __malloc_unlock
 .text          0x000000002001517e      0x93c /home/stefan/Documents/Graduation/RISC-V-toolchain/riscv64-unknown-elf-gcc/bin/../lib/gcc/riscv64-unknown-elf/8.2.0/../../../../riscv64-unknown-elf/lib/rv32imac/ilp32/libc.a(lib_a-mprec.o)
                0x000000002001517e                _Balloc
                0x00000000200151e4                _Bfree
                0x00000000200151f8                __multadd
                0x000000002001528c                __s2b
                0x000000002001532c                __hi0bits
                0x0000000020015372                __lo0bits
                0x00000000200153dc                __i2b
                0x00000000200153f6                __multiply
                0x0000000020015538                __pow5mult
                0x00000000200155c8                __lshift
                0x0000000020015692                __mcmp
                0x00000000200156c4                __mdiff
                0x00000000200157b0                __ulp
                0x00000000200157f6                __b2d
                0x00000000200158a8                __d2b
                0x0000000020015974                __ratio
                0x00000000200159e4                _mprec_log10
                0x0000000020015a3e                __copybits
                0x0000000020015a74                __any_on
 .text          0x0000000020015aba       0x2a /home/stefan/Documents/Graduation/RISC-V-toolchain/riscv64-unknown-elf-gcc/bin/../lib/gcc/riscv64-unknown-elf/8.2.0/../../../../riscv64-unknown-elf/lib/rv32imac/ilp32/libc.a(lib_a-sbrkr.o)
                0x0000000020015aba                _sbrk_r
 .text          0x0000000020015ae4       0x7e /home/stefan/Documents/Graduation/RISC-V-toolchain/riscv64-unknown-elf-gcc/bin/../lib/gcc/riscv64-unknown-elf/8.2.0/../../../../riscv64-unknown-elf/lib/rv32imac/ilp32/libc.a(lib_a-s_frexp.o)
                0x0000000020015ae4                frexp
 .text          0x0000000020015b62       0x82 /home/stefan/Documents/Graduation/RISC-V-toolchain/riscv64-unknown-elf-gcc/bin/../lib/gcc/riscv64-unknown-elf/8.2.0/../../../../riscv64-unknown-elf/lib/rv32imac/ilp32/libc.a(lib_a-sprintf.o)
                0x0000000020015b62                _sprintf_r
                0x0000000020015b9c                sprintf
 .text          0x0000000020015be4       0xc8 /home/stefan/Documents/Graduation/RISC-V-toolchain/riscv64-unknown-elf-gcc/bin/../lib/gcc/riscv64-unknown-elf/8.2.0/../../../../riscv64-unknown-elf/lib/rv32imac/ilp32/libc.a(lib_a-stdio.o)
                0x0000000020015be4                __sread
                0x0000000020015c16                __seofread
                0x0000000020015c1a                __swrite
                0x0000000020015c6c                __sseek
                0x0000000020015ca4                __sclose
 .text          0x0000000020015cac      0x11e /home/stefan/Documents/Graduation/RISC-V-toolchain/riscv64-unknown-elf-gcc/bin/../lib/gcc/riscv64-unknown-elf/8.2.0/../../../../riscv64-unknown-elf/lib/rv32imac/ilp32/libc.a(lib_a-strcmp.o)
                0x0000000020015cac                strcmp
 .text          0x0000000020015dca       0x12 /home/stefan/Documents/Graduation/RISC-V-toolchain/riscv64-unknown-elf-gcc/bin/../lib/gcc/riscv64-unknown-elf/8.2.0/../../../../riscv64-unknown-elf/lib/rv32imac/ilp32/libc.a(lib_a-strcpy.o)
                0x0000000020015dca                strcpy
 .text          0x0000000020015ddc       0x12 /home/stefan/Documents/Graduation/RISC-V-toolchain/riscv64-unknown-elf-gcc/bin/../lib/gcc/riscv64-unknown-elf/8.2.0/../../../../riscv64-unknown-elf/lib/rv32imac/ilp32/libc.a(lib_a-strlen.o)
                0x0000000020015ddc                strlen
 .text          0x0000000020015dee       0x24 /home/stefan/Documents/Graduation/RISC-V-toolchain/riscv64-unknown-elf-gcc/bin/../lib/gcc/riscv64-unknown-elf/8.2.0/../../../../riscv64-unknown-elf/lib/rv32imac/ilp32/libc.a(lib_a-strncpy.o)
                0x0000000020015dee                strncpy
 .text          0x0000000020015e12     0x15da /home/stefan/Documents/Graduation/RISC-V-toolchain/riscv64-unknown-elf-gcc/bin/../lib/gcc/riscv64-unknown-elf/8.2.0/../../../../riscv64-unknown-elf/lib/rv32imac/ilp32/libc.a(lib_a-svfprintf.o)
                0x0000000020015e12                _svfprintf_r
 .text          0x00000000200173ec      0xa2a /home/stefan/Documents/Graduation/RISC-V-toolchain/riscv64-unknown-elf-gcc/bin/../lib/gcc/riscv64-unknown-elf/8.2.0/../../../../riscv64-unknown-elf/lib/rv32imac/ilp32/libc.a(lib_a-vfiprintf.o)
                0x00000000200173ec                __sprint_r
                0x0000000020017488                _vfiprintf_r
                0x0000000020017d76                vfiprintf
 .text          0x0000000020017e16       0x3c /home/stefan/Documents/Graduation/RISC-V-toolchain/riscv64-unknown-elf-gcc/bin/../lib/gcc/riscv64-unknown-elf/8.2.0/../../../../riscv64-unknown-elf/lib/rv32imac/ilp32/libc.a(lib_a-wctomb_r.o)
                0x0000000020017e16                _wctomb_r
                0x0000000020017e32                __ascii_wctomb
 .text          0x0000000020017e52       0x2e /home/stefan/Documents/Graduation/RISC-V-toolchain/riscv64-unknown-elf-gcc/bin/../lib/gcc/riscv64-unknown-elf/8.2.0/../../../../riscv64-unknown-elf/lib/rv32imac/ilp32/libc.a(lib_a-writer.o)
                0x0000000020017e52                _write_r
 .text          0x0000000020017e80       0x78 /home/stefan/Documents/Graduation/RISC-V-toolchain/riscv64-unknown-elf-gcc/bin/../lib/gcc/riscv64-unknown-elf/8.2.0/../../../../riscv64-unknown-elf/lib/rv32imac/ilp32/libc.a(lib_a-callocr.o)
                0x0000000020017e80                _calloc_r
 .text          0x0000000020017ef8       0x2a /home/stefan/Documents/Graduation/RISC-V-toolchain/riscv64-unknown-elf-gcc/bin/../lib/gcc/riscv64-unknown-elf/8.2.0/../../../../riscv64-unknown-elf/lib/rv32imac/ilp32/libc.a(lib_a-closer.o)
                0x0000000020017ef8                _close_r
 .text          0x0000000020017f22       0x9c /home/stefan/Documents/Graduation/RISC-V-toolchain/riscv64-unknown-elf-gcc/bin/../lib/gcc/riscv64-unknown-elf/8.2.0/../../../../riscv64-unknown-elf/lib/rv32imac/ilp32/libc.a(lib_a-fclose.o)
                0x0000000020017f22                _fclose_r
                0x0000000020017fb0                fclose
 .text          0x0000000020017fbe      0x106 /home/stefan/Documents/Graduation/RISC-V-toolchain/riscv64-unknown-elf-gcc/bin/../lib/gcc/riscv64-unknown-elf/8.2.0/../../../../riscv64-unknown-elf/lib/rv32imac/ilp32/libc.a(lib_a-fputwc.o)
                0x0000000020017fbe                __fputwc
                0x0000000020018072                _fputwc_r
                0x0000000020018090                fputwc
 .text          0x00000000200180c4       0x2c /home/stefan/Documents/Graduation/RISC-V-toolchain/riscv64-unknown-elf-gcc/bin/../lib/gcc/riscv64-unknown-elf/8.2.0/../../../../riscv64-unknown-elf/lib/rv32imac/ilp32/libc.a(lib_a-fstatr.o)
                0x00000000200180c4                _fstat_r
 .text          0x00000000200180f0      0x2da /home/stefan/Documents/Graduation/RISC-V-toolchain/riscv64-unknown-elf-gcc/bin/../lib/gcc/riscv64-unknown-elf/8.2.0/../../../../riscv64-unknown-elf/lib/rv32imac/ilp32/libc.a(lib_a-fvwrite.o)
                0x00000000200180f0                __sfvwrite_r
 .text          0x00000000200183ca       0x2a /home/stefan/Documents/Graduation/RISC-V-toolchain/riscv64-unknown-elf-gcc/bin/../lib/gcc/riscv64-unknown-elf/8.2.0/../../../../riscv64-unknown-elf/lib/rv32imac/ilp32/libc.a(lib_a-isattyr.o)
                0x00000000200183ca                _isatty_r
 .text          0x00000000200183f4       0x2e /home/stefan/Documents/Graduation/RISC-V-toolchain/riscv64-unknown-elf-gcc/bin/../lib/gcc/riscv64-unknown-elf/8.2.0/../../../../riscv64-unknown-elf/lib/rv32imac/ilp32/libc.a(lib_a-lseekr.o)
                0x00000000200183f4                _lseek_r
 .text          0x0000000020018422       0xb6 /home/stefan/Documents/Graduation/RISC-V-toolchain/riscv64-unknown-elf-gcc/bin/../lib/gcc/riscv64-unknown-elf/8.2.0/../../../../riscv64-unknown-elf/lib/rv32imac/ilp32/libc.a(lib_a-memcpy.o)
                0x0000000020018422                memcpy
 .text          0x00000000200184d8       0x4a /home/stefan/Documents/Graduation/RISC-V-toolchain/riscv64-unknown-elf-gcc/bin/../lib/gcc/riscv64-unknown-elf/8.2.0/../../../../riscv64-unknown-elf/lib/rv32imac/ilp32/libc.a(lib_a-memmove.o)
                0x00000000200184d8                memmove
 .text          0x0000000020018522       0x2e /home/stefan/Documents/Graduation/RISC-V-toolchain/riscv64-unknown-elf-gcc/bin/../lib/gcc/riscv64-unknown-elf/8.2.0/../../../../riscv64-unknown-elf/lib/rv32imac/ilp32/libc.a(lib_a-readr.o)
                0x0000000020018522                _read_r
 .text          0x0000000020018550      0x3a0 /home/stefan/Documents/Graduation/RISC-V-toolchain/riscv64-unknown-elf-gcc/bin/../lib/gcc/riscv64-unknown-elf/8.2.0/../../../../riscv64-unknown-elf/lib/rv32imac/ilp32/libc.a(lib_a-reallocr.o)
                0x0000000020018550                _realloc_r
 .text          0x00000000200188f0      0x9ce /home/stefan/Documents/Graduation/RISC-V-toolchain/riscv64-unknown-elf-gcc/bin/../lib/gcc/riscv64-unknown-elf/8.2.0/../../../../riscv64-unknown-elf/lib/rv32imac/ilp32/libc.a(lib_a-svfiprintf.o)
                0x00000000200188f0                __ssprint_r
                0x0000000020018a24                _svfiprintf_r
 .text          0x00000000200192be       0xca /home/stefan/Documents/Graduation/RISC-V-toolchain/riscv64-unknown-elf-gcc/bin/../lib/gcc/riscv64-unknown-elf/8.2.0/../../../../riscv64-unknown-elf/lib/rv32imac/ilp32/libc.a(lib_a-wbuf.o)
                0x00000000200192be                __swbuf_r
                0x0000000020019378                __swbuf
 .text          0x0000000020019388       0x70 /home/stefan/Documents/Graduation/RISC-V-toolchain/riscv64-unknown-elf-gcc/bin/../lib/gcc/riscv64-unknown-elf/8.2.0/../../../../riscv64-unknown-elf/lib/rv32imac/ilp32/libc.a(lib_a-wcrtomb.o)
                0x0000000020019388                _wcrtomb_r
                0x00000000200193e6                wcrtomb
 .text          0x00000000200193f8      0x35e /home/stefan/Documents/Graduation/RISC-V-toolchain/riscv64-unknown-elf-gcc/bin/../lib/gcc/riscv64-unknown-elf/8.2.0/rv32imac/ilp32/libgcc.a(_udivdi3.o)
                0x00000000200193f8                __udivdi3
 .text          0x0000000020019756      0x352 /home/stefan/Documents/Graduation/RISC-V-toolchain/riscv64-unknown-elf-gcc/bin/../lib/gcc/riscv64-unknown-elf/8.2.0/rv32imac/ilp32/libgcc.a(_umoddi3.o)
                0x0000000020019756                __umoddi3
 .text          0x0000000020019aa8      0x54a /home/stefan/Documents/Graduation/RISC-V-toolchain/riscv64-unknown-elf-gcc/bin/../lib/gcc/riscv64-unknown-elf/8.2.0/rv32imac/ilp32/libgcc.a(divdf3.o)
                0x0000000020019aa8                __divdf3
 .text          0x0000000020019ff2      0x450 /home/stefan/Documents/Graduation/RISC-V-toolchain/riscv64-unknown-elf-gcc/bin/../lib/gcc/riscv64-unknown-elf/8.2.0/rv32imac/ilp32/libgcc.a(muldf3.o)
                0x0000000020019ff2                __muldf3
 .text          0x000000002001a442       0xa6 /home/stefan/Documents/Graduation/RISC-V-toolchain/riscv64-unknown-elf-gcc/bin/../lib/gcc/riscv64-unknown-elf/8.2.0/rv32imac/ilp32/libgcc.a(eqtf2.o)
                0x000000002001a442                __eqtf2
                0x000000002001a442                __netf2
 .text          0x000000002001a4e8       0xfa /home/stefan/Documents/Graduation/RISC-V-toolchain/riscv64-unknown-elf-gcc/bin/../lib/gcc/riscv64-unknown-elf/8.2.0/rv32imac/ilp32/libgcc.a(getf2.o)
                0x000000002001a4e8                __getf2
                0x000000002001a4e8                __gttf2
 .text          0x000000002001a5e2       0xfa /home/stefan/Documents/Graduation/RISC-V-toolchain/riscv64-unknown-elf-gcc/bin/../lib/gcc/riscv64-unknown-elf/8.2.0/rv32imac/ilp32/libgcc.a(letf2.o)
                0x000000002001a5e2                __letf2
                0x000000002001a5e2                __lttf2
 .text          0x000000002001a6dc      0xb3c /home/stefan/Documents/Graduation/RISC-V-toolchain/riscv64-unknown-elf-gcc/bin/../lib/gcc/riscv64-unknown-elf/8.2.0/rv32imac/ilp32/libgcc.a(multf3.o)
                0x000000002001a6dc                __multf3
 .text          0x000000002001b218      0xe5c /home/stefan/Documents/Graduation/RISC-V-toolchain/riscv64-unknown-elf-gcc/bin/../lib/gcc/riscv64-unknown-elf/8.2.0/rv32imac/ilp32/libgcc.a(subtf3.o)
                0x000000002001b218                __subtf3
 .text          0x000000002001c074       0xec /home/stefan/Documents/Graduation/RISC-V-toolchain/riscv64-unknown-elf-gcc/bin/../lib/gcc/riscv64-unknown-elf/8.2.0/rv32imac/ilp32/libgcc.a(fixtfsi.o)
                0x000000002001c074                __fixtfsi
 .text          0x000000002001c160       0xf8 /home/stefan/Documents/Graduation/RISC-V-toolchain/riscv64-unknown-elf-gcc/bin/../lib/gcc/riscv64-unknown-elf/8.2.0/rv32imac/ilp32/libgcc.a(floatsitf.o)
                0x000000002001c160                __floatsitf
 .text          0x000000002001c258      0x152 /home/stefan/Documents/Graduation/RISC-V-toolchain/riscv64-unknown-elf-gcc/bin/../lib/gcc/riscv64-unknown-elf/8.2.0/rv32imac/ilp32/libgcc.a(extenddftf2.o)
                0x000000002001c258                __extenddftf2
 .text          0x000000002001c3aa      0x230 /home/stefan/Documents/Graduation/RISC-V-toolchain/riscv64-unknown-elf-gcc/bin/../lib/gcc/riscv64-unknown-elf/8.2.0/rv32imac/ilp32/libgcc.a(trunctfdf2.o)
                0x000000002001c3aa                __trunctfdf2
 *fill*         0x000000002001c5da        0x2 
 .text          0x000000002001c5dc       0x16 /home/stefan/Documents/Graduation/RISC-V-toolchain/riscv64-unknown-elf-gcc/bin/../lib/gcc/riscv64-unknown-elf/8.2.0/rv32imac/ilp32/libgcc.a(muldi3.o)
                0x000000002001c5dc                __mulsi3
 .text          0x000000002001c5f2       0x3c /home/stefan/Documents/Graduation/RISC-V-toolchain/riscv64-unknown-elf-gcc/bin/../lib/gcc/riscv64-unknown-elf/8.2.0/rv32imac/ilp32/libgcc.a(_clzsi2.o)
                0x000000002001c5f2                __clzsi2
 *fill*         0x000000002001c62e        0x2 
 .text.metal.init.trapvec
                0x000000002001c630        0x2 /home/stefan/Documents/Graduation/RISC-V-toolchain/freedom-e-sdk/bsp/sifive-hifive1-revb/install/lib/debug//libmetal.a(libriscv__mmachine__sifive-hifive1-revb_a-entry.o)
 .text._close   0x000000002001c632       0x22 /home/stefan/Documents/Graduation/RISC-V-toolchain/freedom-e-sdk/bsp/sifive-hifive1-revb/install/lib/debug//libmetal-gloss.a(sys_close.o)
                0x000000002001c632                _close
 .text._fstat   0x000000002001c654       0x26 /home/stefan/Documents/Graduation/RISC-V-toolchain/freedom-e-sdk/bsp/sifive-hifive1-revb/install/lib/debug//libmetal-gloss.a(sys_fstat.o)
                0x000000002001c654                _fstat
 .text._isatty  0x000000002001c67a       0x20 /home/stefan/Documents/Graduation/RISC-V-toolchain/freedom-e-sdk/bsp/sifive-hifive1-revb/install/lib/debug//libmetal-gloss.a(sys_isatty.o)
                0x000000002001c67a                _isatty
 .text._lseek   0x000000002001c69a       0x2a /home/stefan/Documents/Graduation/RISC-V-toolchain/freedom-e-sdk/bsp/sifive-hifive1-revb/install/lib/debug//libmetal-gloss.a(sys_lseek.o)
                0x000000002001c69a                _lseek
 .text._read    0x000000002001c6c4       0x2a /home/stefan/Documents/Graduation/RISC-V-toolchain/freedom-e-sdk/bsp/sifive-hifive1-revb/install/lib/debug//libmetal-gloss.a(sys_read.o)
                0x000000002001c6c4                _read
 .text._sbrk    0x000000002001c6ee       0x68 /home/stefan/Documents/Graduation/RISC-V-toolchain/freedom-e-sdk/bsp/sifive-hifive1-revb/install/lib/debug//libmetal-gloss.a(sys_sbrk.o)
                0x000000002001c6ee                _sbrk
 .text._write   0x000000002001c756       0x6e /home/stefan/Documents/Graduation/RISC-V-toolchain/freedom-e-sdk/bsp/sifive-hifive1-revb/install/lib/debug//libmetal-gloss.a(sys_write.o)
                0x000000002001c756                _write
 .text          0x000000002001c7c4        0xa /home/stefan/Documents/Graduation/RISC-V-toolchain/riscv64-unknown-elf-gcc/bin/../lib/gcc/riscv64-unknown-elf/8.2.0/../../../../riscv64-unknown-elf/lib/rv32imac/ilp32/libc.a(lib_a-atexit.o)
                0x000000002001c7c4                atexit
 .text          0x000000002001c7ce        0xc /home/stefan/Documents/Graduation/RISC-V-toolchain/riscv64-unknown-elf-gcc/bin/../lib/gcc/riscv64-unknown-elf/8.2.0/../../../../riscv64-unknown-elf/lib/rv32imac/ilp32/libc.a(lib_a-errno.o)
                0x000000002001c7ce                __errno
 .text          0x000000002001c7da       0x1e /home/stefan/Documents/Graduation/RISC-V-toolchain/riscv64-unknown-elf-gcc/bin/../lib/gcc/riscv64-unknown-elf/8.2.0/../../../../riscv64-unknown-elf/lib/rv32imac/ilp32/libc.a(lib_a-exit.o)
                0x000000002001c7da                exit
 .text          0x000000002001c7f8       0x3a /home/stefan/Documents/Graduation/RISC-V-toolchain/riscv64-unknown-elf-gcc/bin/../lib/gcc/riscv64-unknown-elf/8.2.0/../../../../riscv64-unknown-elf/lib/rv32imac/ilp32/libc.a(lib_a-fini.o)
                0x000000002001c7f8                __libc_fini_array
 .text          0x000000002001c832       0x6e /home/stefan/Documents/Graduation/RISC-V-toolchain/riscv64-unknown-elf-gcc/bin/../lib/gcc/riscv64-unknown-elf/8.2.0/../../../../riscv64-unknown-elf/lib/rv32imac/ilp32/libc.a(lib_a-init.o)
                0x000000002001c832                __libc_init_array
 .text          0x000000002001c8a0       0x62 /home/stefan/Documents/Graduation/RISC-V-toolchain/riscv64-unknown-elf-gcc/bin/../lib/gcc/riscv64-unknown-elf/8.2.0/../../../../riscv64-unknown-elf/lib/rv32imac/ilp32/libc.a(lib_a-__atexit.o)
                0x000000002001c8a0                __register_exitproc
 .text          0x000000002001c902       0xae /home/stefan/Documents/Graduation/RISC-V-toolchain/riscv64-unknown-elf-gcc/bin/../lib/gcc/riscv64-unknown-elf/8.2.0/../../../../riscv64-unknown-elf/lib/rv32imac/ilp32/libc.a(lib_a-__call_atexit.o)
                0x000000002001c902                __call_exitprocs
 .text.metal_tty_putc
                0x000000002001c9b0       0x50 /home/stefan/Documents/Graduation/RISC-V-toolchain/freedom-e-sdk/bsp/sifive-hifive1-revb/install/lib/debug//libmetal.a(libriscv__mmachine__sifive-hifive1-revb_a-tty.o)
                0x000000002001c9b0                metal_tty_putc
 .text.metal_tty_init
                0x000000002001ca00       0x22 /home/stefan/Documents/Graduation/RISC-V-toolchain/freedom-e-sdk/bsp/sifive-hifive1-revb/install/lib/debug//libmetal.a(libriscv__mmachine__sifive-hifive1-revb_a-tty.o)
 .text.metal_uart_init
                0x000000002001ca22       0x2a /home/stefan/Documents/Graduation/RISC-V-toolchain/freedom-e-sdk/bsp/sifive-hifive1-revb/install/lib/debug//libmetal.a(libriscv__mmachine__sifive-hifive1-revb_a-uart.o)
                0x000000002001ca22                metal_uart_init
 .text.metal_uart_putc
                0x000000002001ca4c       0x32 /home/stefan/Documents/Graduation/RISC-V-toolchain/freedom-e-sdk/bsp/sifive-hifive1-revb/install/lib/debug//libmetal.a(libriscv__mmachine__sifive-hifive1-revb_a-uart.o)
                0x000000002001ca4c                metal_uart_putc
 .text.metal_uart_set_baud_rate
                0x000000002001ca7e       0x2e /home/stefan/Documents/Graduation/RISC-V-toolchain/freedom-e-sdk/bsp/sifive-hifive1-revb/install/lib/debug//libmetal.a(libriscv__mmachine__sifive-hifive1-revb_a-uart.o)
                0x000000002001ca7e                metal_uart_set_baud_rate
 .text.__metal_driver_fixed_clock_get_rate_hz
                0x000000002001caac       0x20 /home/stefan/Documents/Graduation/RISC-V-toolchain/freedom-e-sdk/bsp/sifive-hifive1-revb/install/lib/debug//libmetal.a(libriscv__mmachine__sifive-hifive1-revb_a-fixed-clock.o)
                0x000000002001caac                __metal_driver_fixed_clock_get_rate_hz
 .text.__metal_driver_fixed_clock_set_rate_hz
                0x000000002001cacc       0x24 /home/stefan/Documents/Graduation/RISC-V-toolchain/freedom-e-sdk/bsp/sifive-hifive1-revb/install/lib/debug//libmetal.a(libriscv__mmachine__sifive-hifive1-revb_a-fixed-clock.o)
                0x000000002001cacc                __metal_driver_fixed_clock_set_rate_hz
 .text.__metal_clint0_mtime_get
                0x000000002001caf0       0x76 /home/stefan/Documents/Graduation/RISC-V-toolchain/freedom-e-sdk/bsp/sifive-hifive1-revb/install/lib/debug//libmetal.a(libriscv__mmachine__sifive-hifive1-revb_a-riscv,clint0.o)
                0x000000002001caf0                __metal_clint0_mtime_get
 .text.__metal_clint0_mtime_set
                0x000000002001cb66       0x58 /home/stefan/Documents/Graduation/RISC-V-toolchain/freedom-e-sdk/bsp/sifive-hifive1-revb/install/lib/debug//libmetal.a(libriscv__mmachine__sifive-hifive1-revb_a-riscv,clint0.o)
                0x000000002001cb66                __metal_clint0_mtime_set
 .text.__metal_driver_riscv_clint0_init
                0x000000002001cbbe       0x7e /home/stefan/Documents/Graduation/RISC-V-toolchain/freedom-e-sdk/bsp/sifive-hifive1-revb/install/lib/debug//libmetal.a(libriscv__mmachine__sifive-hifive1-revb_a-riscv,clint0.o)
                0x000000002001cbbe                __metal_driver_riscv_clint0_init
 .text.__metal_driver_riscv_clint0_register
                0x000000002001cc3c       0x62 /home/stefan/Documents/Graduation/RISC-V-toolchain/freedom-e-sdk/bsp/sifive-hifive1-revb/install/lib/debug//libmetal.a(libriscv__mmachine__sifive-hifive1-revb_a-riscv,clint0.o)
                0x000000002001cc3c                __metal_driver_riscv_clint0_register
 .text.__metal_driver_riscv_clint0_enable
                0x000000002001cc9e       0x56 /home/stefan/Documents/Graduation/RISC-V-toolchain/freedom-e-sdk/bsp/sifive-hifive1-revb/install/lib/debug//libmetal.a(libriscv__mmachine__sifive-hifive1-revb_a-riscv,clint0.o)
                0x000000002001cc9e                __metal_driver_riscv_clint0_enable
 .text.__metal_driver_riscv_clint0_disable
                0x000000002001ccf4       0x56 /home/stefan/Documents/Graduation/RISC-V-toolchain/freedom-e-sdk/bsp/sifive-hifive1-revb/install/lib/debug//libmetal.a(libriscv__mmachine__sifive-hifive1-revb_a-riscv,clint0.o)
                0x000000002001ccf4                __metal_driver_riscv_clint0_disable
 .text.__metal_driver_riscv_clint0_command_request
                0x000000002001cd4a      0x126 /home/stefan/Documents/Graduation/RISC-V-toolchain/freedom-e-sdk/bsp/sifive-hifive1-revb/install/lib/debug//libmetal.a(libriscv__mmachine__sifive-hifive1-revb_a-riscv,clint0.o)
                0x000000002001cd4a                __metal_driver_riscv_clint0_command_request
 .text.__metal_driver_cpu_get
                0x000000002001ce70       0x2c /home/stefan/Documents/Graduation/RISC-V-toolchain/freedom-e-sdk/bsp/sifive-hifive1-revb/install/lib/debug//libmetal.a(libriscv__mmachine__sifive-hifive1-revb_a-riscv,cpu.o)
                0x000000002001ce70                __metal_driver_cpu_get
 .text.__metal_myhart_id
                0x000000002001ce9c       0x1a /home/stefan/Documents/Graduation/RISC-V-toolchain/freedom-e-sdk/bsp/sifive-hifive1-revb/install/lib/debug//libmetal.a(libriscv__mmachine__sifive-hifive1-revb_a-riscv,cpu.o)
                0x000000002001ce9c                __metal_myhart_id
 .text.__metal_interrupt_global_enable
                0x000000002001ceb6       0x18 /home/stefan/Documents/Graduation/RISC-V-toolchain/freedom-e-sdk/bsp/sifive-hifive1-revb/install/lib/debug//libmetal.a(libriscv__mmachine__sifive-hifive1-revb_a-riscv,cpu.o)
                0x000000002001ceb6                __metal_interrupt_global_enable
 .text.__metal_interrupt_global_disable
                0x000000002001cece       0x18 /home/stefan/Documents/Graduation/RISC-V-toolchain/freedom-e-sdk/bsp/sifive-hifive1-revb/install/lib/debug//libmetal.a(libriscv__mmachine__sifive-hifive1-revb_a-riscv,cpu.o)
                0x000000002001cece                __metal_interrupt_global_disable
 .text.__metal_interrupt_software_enable
                0x000000002001cee6       0x18 /home/stefan/Documents/Graduation/RISC-V-toolchain/freedom-e-sdk/bsp/sifive-hifive1-revb/install/lib/debug//libmetal.a(libriscv__mmachine__sifive-hifive1-revb_a-riscv,cpu.o)
                0x000000002001cee6                __metal_interrupt_software_enable
 .text.__metal_interrupt_software_disable
                0x000000002001cefe       0x18 /home/stefan/Documents/Graduation/RISC-V-toolchain/freedom-e-sdk/bsp/sifive-hifive1-revb/install/lib/debug//libmetal.a(libriscv__mmachine__sifive-hifive1-revb_a-riscv,cpu.o)
                0x000000002001cefe                __metal_interrupt_software_disable
 .text.__metal_interrupt_timer_enable
                0x000000002001cf16       0x1a /home/stefan/Documents/Graduation/RISC-V-toolchain/freedom-e-sdk/bsp/sifive-hifive1-revb/install/lib/debug//libmetal.a(libriscv__mmachine__sifive-hifive1-revb_a-riscv,cpu.o)
                0x000000002001cf16                __metal_interrupt_timer_enable
 .text.__metal_interrupt_timer_disable
                0x000000002001cf30       0x1a /home/stefan/Documents/Graduation/RISC-V-toolchain/freedom-e-sdk/bsp/sifive-hifive1-revb/install/lib/debug//libmetal.a(libriscv__mmachine__sifive-hifive1-revb_a-riscv,cpu.o)
                0x000000002001cf30                __metal_interrupt_timer_disable
 .text.__metal_interrupt_external_enable
                0x000000002001cf4a       0x1c /home/stefan/Documents/Graduation/RISC-V-toolchain/freedom-e-sdk/bsp/sifive-hifive1-revb/install/lib/debug//libmetal.a(libriscv__mmachine__sifive-hifive1-revb_a-riscv,cpu.o)
                0x000000002001cf4a                __metal_interrupt_external_enable
 .text.__metal_interrupt_external_disable
                0x000000002001cf66       0x1c /home/stefan/Documents/Graduation/RISC-V-toolchain/freedom-e-sdk/bsp/sifive-hifive1-revb/install/lib/debug//libmetal.a(libriscv__mmachine__sifive-hifive1-revb_a-riscv,cpu.o)
                0x000000002001cf66                __metal_interrupt_external_disable
 .text.__metal_interrupt_local_enable
                0x000000002001cf82       0x2c /home/stefan/Documents/Graduation/RISC-V-toolchain/freedom-e-sdk/bsp/sifive-hifive1-revb/install/lib/debug//libmetal.a(libriscv__mmachine__sifive-hifive1-revb_a-riscv,cpu.o)
                0x000000002001cf82                __metal_interrupt_local_enable
 .text.__metal_interrupt_local_disable
                0x000000002001cfae       0x2c /home/stefan/Documents/Graduation/RISC-V-toolchain/freedom-e-sdk/bsp/sifive-hifive1-revb/install/lib/debug//libmetal.a(libriscv__mmachine__sifive-hifive1-revb_a-riscv,cpu.o)
                0x000000002001cfae                __metal_interrupt_local_disable
 .text.__metal_default_exception_handler
                0x000000002001cfda       0x18 /home/stefan/Documents/Graduation/RISC-V-toolchain/freedom-e-sdk/bsp/sifive-hifive1-revb/install/lib/debug//libmetal.a(libriscv__mmachine__sifive-hifive1-revb_a-riscv,cpu.o)
                0x000000002001cfda                __metal_default_exception_handler
 .text.__metal_default_interrupt_handler
                0x000000002001cff2       0x18 /home/stefan/Documents/Graduation/RISC-V-toolchain/freedom-e-sdk/bsp/sifive-hifive1-revb/install/lib/debug//libmetal.a(libriscv__mmachine__sifive-hifive1-revb_a-riscv,cpu.o)
                0x000000002001cff2                __metal_default_interrupt_handler
 .text.__metal_default_sw_handler
                0x000000002001d00a       0x66 /home/stefan/Documents/Graduation/RISC-V-toolchain/freedom-e-sdk/bsp/sifive-hifive1-revb/install/lib/debug//libmetal.a(libriscv__mmachine__sifive-hifive1-revb_a-riscv,cpu.o)
                0x000000002001d00a                __metal_default_sw_handler
 .text.__metal_default_timer_handler
                0x000000002001d070       0x6a /home/stefan/Documents/Graduation/RISC-V-toolchain/freedom-e-sdk/bsp/sifive-hifive1-revb/install/lib/debug//libmetal.a(libriscv__mmachine__sifive-hifive1-revb_a-riscv,cpu.o)
                0x000000002001d070                __metal_default_timer_handler
 *fill*         0x000000002001d0da       0x26 
 .text.__metal_exception_handler
                0x000000002001d100      0x17a /home/stefan/Documents/Graduation/RISC-V-toolchain/freedom-e-sdk/bsp/sifive-hifive1-revb/install/lib/debug//libmetal.a(libriscv__mmachine__sifive-hifive1-revb_a-riscv,cpu.o)
                0x000000002001d100                __metal_exception_handler
 .text.__metal_controller_interrupt_vector
                0x000000002001d27a       0xa6 /home/stefan/Documents/Graduation/RISC-V-toolchain/freedom-e-sdk/bsp/sifive-hifive1-revb/install/lib/debug//libmetal.a(libriscv__mmachine__sifive-hifive1-revb_a-riscv,cpu.o)
                0x000000002001d27a                __metal_controller_interrupt_vector
 .text.__metal_valid_interrupt_id
                0x000000002001d320       0x38 /home/stefan/Documents/Graduation/RISC-V-toolchain/freedom-e-sdk/bsp/sifive-hifive1-revb/install/lib/debug//libmetal.a(libriscv__mmachine__sifive-hifive1-revb_a-riscv,cpu.o)
                0x000000002001d320                __metal_valid_interrupt_id
 .text.__metal_local_interrupt_enable
                0x000000002001d358       0xb6 /home/stefan/Documents/Graduation/RISC-V-toolchain/freedom-e-sdk/bsp/sifive-hifive1-revb/install/lib/debug//libmetal.a(libriscv__mmachine__sifive-hifive1-revb_a-riscv,cpu.o)
                0x000000002001d358                __metal_local_interrupt_enable
 .text.__metal_exception_register
                0x000000002001d40e       0x4e /home/stefan/Documents/Graduation/RISC-V-toolchain/freedom-e-sdk/bsp/sifive-hifive1-revb/install/lib/debug//libmetal.a(libriscv__mmachine__sifive-hifive1-revb_a-riscv,cpu.o)
                0x000000002001d40e                __metal_exception_register
 .text.__metal_driver_riscv_cpu_controller_interrupt_init
                0x000000002001d45c       0xf6 /home/stefan/Documents/Graduation/RISC-V-toolchain/freedom-e-sdk/bsp/sifive-hifive1-revb/install/lib/debug//libmetal.a(libriscv__mmachine__sifive-hifive1-revb_a-riscv,cpu.o)
                0x000000002001d45c                __metal_driver_riscv_cpu_controller_interrupt_init
 .text.__metal_driver_riscv_cpu_controller_interrupt_register
                0x000000002001d552      0x14a /home/stefan/Documents/Graduation/RISC-V-toolchain/freedom-e-sdk/bsp/sifive-hifive1-revb/install/lib/debug//libmetal.a(libriscv__mmachine__sifive-hifive1-revb_a-riscv,cpu.o)
                0x000000002001d552                __metal_driver_riscv_cpu_controller_interrupt_register
 .text.__metal_driver_riscv_cpu_controller_interrupt_enable
                0x000000002001d69c       0x2c /home/stefan/Documents/Graduation/RISC-V-toolchain/freedom-e-sdk/bsp/sifive-hifive1-revb/install/lib/debug//libmetal.a(libriscv__mmachine__sifive-hifive1-revb_a-riscv,cpu.o)
                0x000000002001d69c                __metal_driver_riscv_cpu_controller_interrupt_enable
 .text.__metal_driver_riscv_cpu_controller_interrupt_disable
                0x000000002001d6c8       0x2c /home/stefan/Documents/Graduation/RISC-V-toolchain/freedom-e-sdk/bsp/sifive-hifive1-revb/install/lib/debug//libmetal.a(libriscv__mmachine__sifive-hifive1-revb_a-riscv,cpu.o)
                0x000000002001d6c8                __metal_driver_riscv_cpu_controller_interrupt_disable
 .text.__metal_driver_riscv_cpu_controller_interrupt_enable_vector
                0x000000002001d6f4       0x66 /home/stefan/Documents/Graduation/RISC-V-toolchain/freedom-e-sdk/bsp/sifive-hifive1-revb/install/lib/debug//libmetal.a(libriscv__mmachine__sifive-hifive1-revb_a-riscv,cpu.o)
                0x000000002001d6f4                __metal_driver_riscv_cpu_controller_interrupt_enable_vector
 .text.__metal_driver_riscv_cpu_controller_interrupt_disable_vector
                0x000000002001d75a       0x3c /home/stefan/Documents/Graduation/RISC-V-toolchain/freedom-e-sdk/bsp/sifive-hifive1-revb/install/lib/debug//libmetal.a(libriscv__mmachine__sifive-hifive1-revb_a-riscv,cpu.o)
                0x000000002001d75a                __metal_driver_riscv_cpu_controller_interrupt_disable_vector
 .text.__metal_driver_riscv_cpu_controller_command_request
                0x000000002001d796       0x1c /home/stefan/Documents/Graduation/RISC-V-toolchain/freedom-e-sdk/bsp/sifive-hifive1-revb/install/lib/debug//libmetal.a(libriscv__mmachine__sifive-hifive1-revb_a-riscv,cpu.o)
                0x000000002001d796                __metal_driver_riscv_cpu_controller_command_request
 .text.__metal_driver_cpu_timer_get
                0x000000002001d7b2       0x72 /home/stefan/Documents/Graduation/RISC-V-toolchain/freedom-e-sdk/bsp/sifive-hifive1-revb/install/lib/debug//libmetal.a(libriscv__mmachine__sifive-hifive1-revb_a-riscv,cpu.o)
                0x000000002001d7b2                __metal_driver_cpu_timer_get
 .text.__metal_driver_cpu_timebase_get
                0x000000002001d824       0x34 /home/stefan/Documents/Graduation/RISC-V-toolchain/freedom-e-sdk/bsp/sifive-hifive1-revb/install/lib/debug//libmetal.a(libriscv__mmachine__sifive-hifive1-revb_a-riscv,cpu.o)
                0x000000002001d824                __metal_driver_cpu_timebase_get
 .text.__metal_driver_cpu_mtime_get
                0x000000002001d858       0x6e /home/stefan/Documents/Graduation/RISC-V-toolchain/freedom-e-sdk/bsp/sifive-hifive1-revb/install/lib/debug//libmetal.a(libriscv__mmachine__sifive-hifive1-revb_a-riscv,cpu.o)
                0x000000002001d858                __metal_driver_cpu_mtime_get
 .text.__metal_driver_cpu_mtimecmp_set
                0x000000002001d8c6       0x6e /home/stefan/Documents/Graduation/RISC-V-toolchain/freedom-e-sdk/bsp/sifive-hifive1-revb/install/lib/debug//libmetal.a(libriscv__mmachine__sifive-hifive1-revb_a-riscv,cpu.o)
                0x000000002001d8c6                __metal_driver_cpu_mtimecmp_set
 .text.__metal_driver_cpu_timer_controller_interrupt
                0x000000002001d934       0x1a /home/stefan/Documents/Graduation/RISC-V-toolchain/freedom-e-sdk/bsp/sifive-hifive1-revb/install/lib/debug//libmetal.a(libriscv__mmachine__sifive-hifive1-revb_a-riscv,cpu.o)
                0x000000002001d934                __metal_driver_cpu_timer_controller_interrupt
 .text.__metal_driver_cpu_get_timer_interrupt_id
                0x000000002001d94e       0x14 /home/stefan/Documents/Graduation/RISC-V-toolchain/freedom-e-sdk/bsp/sifive-hifive1-revb/install/lib/debug//libmetal.a(libriscv__mmachine__sifive-hifive1-revb_a-riscv,cpu.o)
                0x000000002001d94e                __metal_driver_cpu_get_timer_interrupt_id
 .text.__metal_driver_cpu_sw_controller_interrupt
                0x000000002001d962       0x1a /home/stefan/Documents/Graduation/RISC-V-toolchain/freedom-e-sdk/bsp/sifive-hifive1-revb/install/lib/debug//libmetal.a(libriscv__mmachine__sifive-hifive1-revb_a-riscv,cpu.o)
                0x000000002001d962                __metal_driver_cpu_sw_controller_interrupt
 .text.__metal_driver_cpu_get_sw_interrupt_id
                0x000000002001d97c       0x14 /home/stefan/Documents/Graduation/RISC-V-toolchain/freedom-e-sdk/bsp/sifive-hifive1-revb/install/lib/debug//libmetal.a(libriscv__mmachine__sifive-hifive1-revb_a-riscv,cpu.o)
                0x000000002001d97c                __metal_driver_cpu_get_sw_interrupt_id
 .text.__metal_driver_cpu_set_sw_ipi
                0x000000002001d990       0x6a /home/stefan/Documents/Graduation/RISC-V-toolchain/freedom-e-sdk/bsp/sifive-hifive1-revb/install/lib/debug//libmetal.a(libriscv__mmachine__sifive-hifive1-revb_a-riscv,cpu.o)
                0x000000002001d990                __metal_driver_cpu_set_sw_ipi
 .text.__metal_driver_cpu_clear_sw_ipi
                0x000000002001d9fa       0x6a /home/stefan/Documents/Graduation/RISC-V-toolchain/freedom-e-sdk/bsp/sifive-hifive1-revb/install/lib/debug//libmetal.a(libriscv__mmachine__sifive-hifive1-revb_a-riscv,cpu.o)
                0x000000002001d9fa                __metal_driver_cpu_clear_sw_ipi
 .text.__metal_driver_cpu_get_msip
                0x000000002001da64       0x68 /home/stefan/Documents/Graduation/RISC-V-toolchain/freedom-e-sdk/bsp/sifive-hifive1-revb/install/lib/debug//libmetal.a(libriscv__mmachine__sifive-hifive1-revb_a-riscv,cpu.o)
                0x000000002001da64                __metal_driver_cpu_get_msip
 .text.__metal_driver_cpu_controller_interrupt
                0x000000002001dacc       0x20 /home/stefan/Documents/Graduation/RISC-V-toolchain/freedom-e-sdk/bsp/sifive-hifive1-revb/install/lib/debug//libmetal.a(libriscv__mmachine__sifive-hifive1-revb_a-riscv,cpu.o)
                0x000000002001dacc                __metal_driver_cpu_controller_interrupt
 .text.__metal_driver_cpu_exception_register
                0x000000002001daec       0x48 /home/stefan/Documents/Graduation/RISC-V-toolchain/freedom-e-sdk/bsp/sifive-hifive1-revb/install/lib/debug//libmetal.a(libriscv__mmachine__sifive-hifive1-revb_a-riscv,cpu.o)
                0x000000002001daec                __metal_driver_cpu_exception_register
 .text.__metal_driver_cpu_get_instruction_length
                0x000000002001db34       0x28 /home/stefan/Documents/Graduation/RISC-V-toolchain/freedom-e-sdk/bsp/sifive-hifive1-revb/install/lib/debug//libmetal.a(libriscv__mmachine__sifive-hifive1-revb_a-riscv,cpu.o)
                0x000000002001db34                __metal_driver_cpu_get_instruction_length
 .text.__metal_driver_cpu_get_exception_pc
                0x000000002001db5c       0x1e /home/stefan/Documents/Graduation/RISC-V-toolchain/freedom-e-sdk/bsp/sifive-hifive1-revb/install/lib/debug//libmetal.a(libriscv__mmachine__sifive-hifive1-revb_a-riscv,cpu.o)
                0x000000002001db5c                __metal_driver_cpu_get_exception_pc
 .text.__metal_driver_cpu_set_exception_pc
                0x000000002001db7a       0x20 /home/stefan/Documents/Graduation/RISC-V-toolchain/freedom-e-sdk/bsp/sifive-hifive1-revb/install/lib/debug//libmetal.a(libriscv__mmachine__sifive-hifive1-revb_a-riscv,cpu.o)
                0x000000002001db7a                __metal_driver_cpu_set_exception_pc
 .text.__metal_plic0_claim_interrupt
                0x000000002001db9a       0x22 /home/stefan/Documents/Graduation/RISC-V-toolchain/freedom-e-sdk/bsp/sifive-hifive1-revb/install/lib/debug//libmetal.a(libriscv__mmachine__sifive-hifive1-revb_a-riscv,plic0.o)
                0x000000002001db9a                __metal_plic0_claim_interrupt
 .text.__metal_plic0_complete_interrupt
                0x000000002001dbbc       0x2c /home/stefan/Documents/Graduation/RISC-V-toolchain/freedom-e-sdk/bsp/sifive-hifive1-revb/install/lib/debug//libmetal.a(libriscv__mmachine__sifive-hifive1-revb_a-riscv,plic0.o)
                0x000000002001dbbc                __metal_plic0_complete_interrupt
 .text.__metal_plic0_set_threshold
                0x000000002001dbe8       0x2a /home/stefan/Documents/Graduation/RISC-V-toolchain/freedom-e-sdk/bsp/sifive-hifive1-revb/install/lib/debug//libmetal.a(libriscv__mmachine__sifive-hifive1-revb_a-riscv,plic0.o)
                0x000000002001dbe8                __metal_plic0_set_threshold
 .text.__metal_plic0_set_priority
                0x000000002001dc12       0x48 /home/stefan/Documents/Graduation/RISC-V-toolchain/freedom-e-sdk/bsp/sifive-hifive1-revb/install/lib/debug//libmetal.a(libriscv__mmachine__sifive-hifive1-revb_a-riscv,plic0.o)
                0x000000002001dc12                __metal_plic0_set_priority
 .text.__metal_plic0_enable
                0x000000002001dc5a       0x8a /home/stefan/Documents/Graduation/RISC-V-toolchain/freedom-e-sdk/bsp/sifive-hifive1-revb/install/lib/debug//libmetal.a(libriscv__mmachine__sifive-hifive1-revb_a-riscv,plic0.o)
                0x000000002001dc5a                __metal_plic0_enable
 .text.__metal_plic0_default_handler
                0x000000002001dce4       0x18 /home/stefan/Documents/Graduation/RISC-V-toolchain/freedom-e-sdk/bsp/sifive-hifive1-revb/install/lib/debug//libmetal.a(libriscv__mmachine__sifive-hifive1-revb_a-riscv,plic0.o)
                0x000000002001dce4                __metal_plic0_default_handler
 .text.__metal_plic0_handler
                0x000000002001dcfc       0x8e /home/stefan/Documents/Graduation/RISC-V-toolchain/freedom-e-sdk/bsp/sifive-hifive1-revb/install/lib/debug//libmetal.a(libriscv__mmachine__sifive-hifive1-revb_a-riscv,plic0.o)
                0x000000002001dcfc                __metal_plic0_handler
 .text.__metal_driver_riscv_plic0_init
                0x000000002001dd8a      0x120 /home/stefan/Documents/Graduation/RISC-V-toolchain/freedom-e-sdk/bsp/sifive-hifive1-revb/install/lib/debug//libmetal.a(libriscv__mmachine__sifive-hifive1-revb_a-riscv,plic0.o)
                0x000000002001dd8a                __metal_driver_riscv_plic0_init
 .text.__metal_driver_riscv_plic0_register
                0x000000002001deaa       0xc2 /home/stefan/Documents/Graduation/RISC-V-toolchain/freedom-e-sdk/bsp/sifive-hifive1-revb/install/lib/debug//libmetal.a(libriscv__mmachine__sifive-hifive1-revb_a-riscv,plic0.o)
                0x000000002001deaa                __metal_driver_riscv_plic0_register
 .text.__metal_driver_riscv_plic0_enable
                0x000000002001df6c       0x44 /home/stefan/Documents/Graduation/RISC-V-toolchain/freedom-e-sdk/bsp/sifive-hifive1-revb/install/lib/debug//libmetal.a(libriscv__mmachine__sifive-hifive1-revb_a-riscv,plic0.o)
                0x000000002001df6c                __metal_driver_riscv_plic0_enable
 .text.__metal_driver_riscv_plic0_disable
                0x000000002001dfb0       0x44 /home/stefan/Documents/Graduation/RISC-V-toolchain/freedom-e-sdk/bsp/sifive-hifive1-revb/install/lib/debug//libmetal.a(libriscv__mmachine__sifive-hifive1-revb_a-riscv,plic0.o)
                0x000000002001dfb0                __metal_driver_riscv_plic0_disable
 .text.__metal_driver_sifive_fe310_g000_hfrosc_get_rate_hz
                0x000000002001dff4       0x5c /home/stefan/Documents/Graduation/RISC-V-toolchain/freedom-e-sdk/bsp/sifive-hifive1-revb/install/lib/debug//libmetal.a(libriscv__mmachine__sifive-hifive1-revb_a-sifive,fe310-g000,hfrosc.o)
                0x000000002001dff4                __metal_driver_sifive_fe310_g000_hfrosc_get_rate_hz
 .text.__metal_driver_sifive_fe310_g000_hfrosc_set_rate_hz
                0x000000002001e050       0x24 /home/stefan/Documents/Graduation/RISC-V-toolchain/freedom-e-sdk/bsp/sifive-hifive1-revb/install/lib/debug//libmetal.a(libriscv__mmachine__sifive-hifive1-revb_a-sifive,fe310-g000,hfrosc.o)
                0x000000002001e050                __metal_driver_sifive_fe310_g000_hfrosc_set_rate_hz
 .text.__metal_driver_sifive_fe310_g000_hfxosc_get_rate_hz
                0x000000002001e074       0x4c /home/stefan/Documents/Graduation/RISC-V-toolchain/freedom-e-sdk/bsp/sifive-hifive1-revb/install/lib/debug//libmetal.a(libriscv__mmachine__sifive-hifive1-revb_a-sifive,fe310-g000,hfxosc.o)
                0x000000002001e074                __metal_driver_sifive_fe310_g000_hfxosc_get_rate_hz
 .text.__metal_driver_sifive_fe310_g000_hfxosc_set_rate_hz
                0x000000002001e0c0       0x24 /home/stefan/Documents/Graduation/RISC-V-toolchain/freedom-e-sdk/bsp/sifive-hifive1-revb/install/lib/debug//libmetal.a(libriscv__mmachine__sifive-hifive1-revb_a-sifive,fe310-g000,hfxosc.o)
                0x000000002001e0c0                __metal_driver_sifive_fe310_g000_hfxosc_set_rate_hz
 .text.get_pll_config_freq
                0x000000002001e0e4       0x4e /home/stefan/Documents/Graduation/RISC-V-toolchain/freedom-e-sdk/bsp/sifive-hifive1-revb/install/lib/debug//libmetal.a(libriscv__mmachine__sifive-hifive1-revb_a-sifive,fe310-g000,pll.o)
 .text.metal_sifive_fe310_g000_pll_init
                0x000000002001e132       0x28 /home/stefan/Documents/Graduation/RISC-V-toolchain/freedom-e-sdk/bsp/sifive-hifive1-revb/install/lib/debug//libmetal.a(libriscv__mmachine__sifive-hifive1-revb_a-sifive,fe310-g000,pll.o)
 .text.__metal_driver_sifive_fe310_g000_pll_init
                0x000000002001e15a       0xaa /home/stefan/Documents/Graduation/RISC-V-toolchain/freedom-e-sdk/bsp/sifive-hifive1-revb/install/lib/debug//libmetal.a(libriscv__mmachine__sifive-hifive1-revb_a-sifive,fe310-g000,pll.o)
                0x000000002001e15a                __metal_driver_sifive_fe310_g000_pll_init
 .text.__metal_driver_sifive_fe310_g000_pll_get_rate_hz
                0x000000002001e204      0x156 /home/stefan/Documents/Graduation/RISC-V-toolchain/freedom-e-sdk/bsp/sifive-hifive1-revb/install/lib/debug//libmetal.a(libriscv__mmachine__sifive-hifive1-revb_a-sifive,fe310-g000,pll.o)
                0x000000002001e204                __metal_driver_sifive_fe310_g000_pll_get_rate_hz
 .text.find_closest_config
                0x000000002001e35a       0xaa /home/stefan/Documents/Graduation/RISC-V-toolchain/freedom-e-sdk/bsp/sifive-hifive1-revb/install/lib/debug//libmetal.a(libriscv__mmachine__sifive-hifive1-revb_a-sifive,fe310-g000,pll.o)
 .text.configure_pll
                0x000000002001e404      0x132 /home/stefan/Documents/Graduation/RISC-V-toolchain/freedom-e-sdk/bsp/sifive-hifive1-revb/install/lib/debug//libmetal.a(libriscv__mmachine__sifive-hifive1-revb_a-sifive,fe310-g000,pll.o)
 .text.__metal_driver_sifive_fe310_g000_pll_set_rate_hz
                0x000000002001e536      0x144 /home/stefan/Documents/Graduation/RISC-V-toolchain/freedom-e-sdk/bsp/sifive-hifive1-revb/install/lib/debug//libmetal.a(libriscv__mmachine__sifive-hifive1-revb_a-sifive,fe310-g000,pll.o)
                0x000000002001e536                __metal_driver_sifive_fe310_g000_pll_set_rate_hz
 .text.use_hfxosc
                0x000000002001e67a       0x28 /home/stefan/Documents/Graduation/RISC-V-toolchain/freedom-e-sdk/bsp/sifive-hifive1-revb/install/lib/debug//libmetal.a(libriscv__mmachine__sifive-hifive1-revb_a-sifive,fe310-g000,pll.o)
 .text.__metal_driver_sifive_fe310_g000_prci_get_reg
                0x000000002001e6a2       0x24 /home/stefan/Documents/Graduation/RISC-V-toolchain/freedom-e-sdk/bsp/sifive-hifive1-revb/install/lib/debug//libmetal.a(libriscv__mmachine__sifive-hifive1-revb_a-sifive,fe310-g000,prci.o)
                0x000000002001e6a2                __metal_driver_sifive_fe310_g000_prci_get_reg
 .text.__metal_driver_sifive_fe310_g000_prci_set_reg
                0x000000002001e6c6       0x2e /home/stefan/Documents/Graduation/RISC-V-toolchain/freedom-e-sdk/bsp/sifive-hifive1-revb/install/lib/debug//libmetal.a(libriscv__mmachine__sifive-hifive1-revb_a-sifive,fe310-g000,prci.o)
                0x000000002001e6c6                __metal_driver_sifive_fe310_g000_prci_set_reg
 .text.__metal_driver_sifive_gpio0_disable_input
                0x000000002001e6f4       0x40 /home/stefan/Documents/Graduation/RISC-V-toolchain/freedom-e-sdk/bsp/sifive-hifive1-revb/install/lib/debug//libmetal.a(libriscv__mmachine__sifive-hifive1-revb_a-sifive,gpio0.o)
                0x000000002001e6f4                __metal_driver_sifive_gpio0_disable_input
 .text.__metal_driver_sifive_gpio0_output
                0x000000002001e734       0x24 /home/stefan/Documents/Graduation/RISC-V-toolchain/freedom-e-sdk/bsp/sifive-hifive1-revb/install/lib/debug//libmetal.a(libriscv__mmachine__sifive-hifive1-revb_a-sifive,gpio0.o)
                0x000000002001e734                __metal_driver_sifive_gpio0_output
 .text.__metal_driver_sifive_gpio0_enable_output
                0x000000002001e758       0x3a /home/stefan/Documents/Graduation/RISC-V-toolchain/freedom-e-sdk/bsp/sifive-hifive1-revb/install/lib/debug//libmetal.a(libriscv__mmachine__sifive-hifive1-revb_a-sifive,gpio0.o)
                0x000000002001e758                __metal_driver_sifive_gpio0_enable_output
 .text.__metal_driver_sifive_gpio0_output_set
                0x000000002001e792       0x3a /home/stefan/Documents/Graduation/RISC-V-toolchain/freedom-e-sdk/bsp/sifive-hifive1-revb/install/lib/debug//libmetal.a(libriscv__mmachine__sifive-hifive1-revb_a-sifive,gpio0.o)
                0x000000002001e792                __metal_driver_sifive_gpio0_output_set
 .text.__metal_driver_sifive_gpio0_output_clear
                0x000000002001e7cc       0x40 /home/stefan/Documents/Graduation/RISC-V-toolchain/freedom-e-sdk/bsp/sifive-hifive1-revb/install/lib/debug//libmetal.a(libriscv__mmachine__sifive-hifive1-revb_a-sifive,gpio0.o)
                0x000000002001e7cc                __metal_driver_sifive_gpio0_output_clear
 .text.__metal_driver_sifive_gpio0_output_toggle
                0x000000002001e80c       0x3a /home/stefan/Documents/Graduation/RISC-V-toolchain/freedom-e-sdk/bsp/sifive-hifive1-revb/install/lib/debug//libmetal.a(libriscv__mmachine__sifive-hifive1-revb_a-sifive,gpio0.o)
                0x000000002001e80c                __metal_driver_sifive_gpio0_output_toggle
 .text.__metal_driver_sifive_gpio0_enable_io
                0x000000002001e846       0x66 /home/stefan/Documents/Graduation/RISC-V-toolchain/freedom-e-sdk/bsp/sifive-hifive1-revb/install/lib/debug//libmetal.a(libriscv__mmachine__sifive-hifive1-revb_a-sifive,gpio0.o)
                0x000000002001e846                __metal_driver_sifive_gpio0_enable_io
 .text.__metal_driver_sifive_uart0_interrupt_controller
                0x000000002001e8ac       0x20 /home/stefan/Documents/Graduation/RISC-V-toolchain/freedom-e-sdk/bsp/sifive-hifive1-revb/install/lib/debug//libmetal.a(libriscv__mmachine__sifive-hifive1-revb_a-sifive,uart0.o)
                0x000000002001e8ac                __metal_driver_sifive_uart0_interrupt_controller
 .text.__metal_driver_sifive_uart0_get_interrupt_id
                0x000000002001e8cc       0x24 /home/stefan/Documents/Graduation/RISC-V-toolchain/freedom-e-sdk/bsp/sifive-hifive1-revb/install/lib/debug//libmetal.a(libriscv__mmachine__sifive-hifive1-revb_a-sifive,uart0.o)
                0x000000002001e8cc                __metal_driver_sifive_uart0_get_interrupt_id
 .text.__metal_driver_sifive_uart0_putc
                0x000000002001e8f0       0x36 /home/stefan/Documents/Graduation/RISC-V-toolchain/freedom-e-sdk/bsp/sifive-hifive1-revb/install/lib/debug//libmetal.a(libriscv__mmachine__sifive-hifive1-revb_a-sifive,uart0.o)
                0x000000002001e8f0                __metal_driver_sifive_uart0_putc
 .text.__metal_driver_sifive_uart0_getc
                0x000000002001e926       0x48 /home/stefan/Documents/Graduation/RISC-V-toolchain/freedom-e-sdk/bsp/sifive-hifive1-revb/install/lib/debug//libmetal.a(libriscv__mmachine__sifive-hifive1-revb_a-sifive,uart0.o)
                0x000000002001e926                __metal_driver_sifive_uart0_getc
 .text.__metal_driver_sifive_uart0_get_baud_rate
                0x000000002001e96e       0x20 /home/stefan/Documents/Graduation/RISC-V-toolchain/freedom-e-sdk/bsp/sifive-hifive1-revb/install/lib/debug//libmetal.a(libriscv__mmachine__sifive-hifive1-revb_a-sifive,uart0.o)
                0x000000002001e96e                __metal_driver_sifive_uart0_get_baud_rate
 .text.__metal_driver_sifive_uart0_set_baud_rate
                0x000000002001e98e       0x98 /home/stefan/Documents/Graduation/RISC-V-toolchain/freedom-e-sdk/bsp/sifive-hifive1-revb/install/lib/debug//libmetal.a(libriscv__mmachine__sifive-hifive1-revb_a-sifive,uart0.o)
                0x000000002001e98e                __metal_driver_sifive_uart0_set_baud_rate
 .text.pre_rate_change_callback
                0x000000002001ea26       0xd0 /home/stefan/Documents/Graduation/RISC-V-toolchain/freedom-e-sdk/bsp/sifive-hifive1-revb/install/lib/debug//libmetal.a(libriscv__mmachine__sifive-hifive1-revb_a-sifive,uart0.o)
 .text.post_rate_change_callback
                0x000000002001eaf6       0x30 /home/stefan/Documents/Graduation/RISC-V-toolchain/freedom-e-sdk/bsp/sifive-hifive1-revb/install/lib/debug//libmetal.a(libriscv__mmachine__sifive-hifive1-revb_a-sifive,uart0.o)
 .text.__metal_driver_sifive_uart0_init
                0x000000002001eb26       0x94 /home/stefan/Documents/Graduation/RISC-V-toolchain/freedom-e-sdk/bsp/sifive-hifive1-revb/install/lib/debug//libmetal.a(libriscv__mmachine__sifive-hifive1-revb_a-sifive,uart0.o)
                0x000000002001eb26                __metal_driver_sifive_uart0_init
 .text.metal_clock_get_rate_hz
                0x000000002001ebba       0x26 /home/stefan/Documents/Graduation/RISC-V-toolchain/freedom-e-sdk/bsp/sifive-hifive1-revb/install/lib/debug//libmetal.a(libriscv__mmachine__sifive-hifive1-revb_a-clock.o)
                0x000000002001ebba                metal_clock_get_rate_hz
 .text.metal_clock_set_rate_hz
                0x000000002001ebe0       0x64 /home/stefan/Documents/Graduation/RISC-V-toolchain/freedom-e-sdk/bsp/sifive-hifive1-revb/install/lib/debug//libmetal.a(libriscv__mmachine__sifive-hifive1-revb_a-clock.o)
                0x000000002001ebe0                metal_clock_set_rate_hz
 .text.metal_clock_register_pre_rate_change_callback
                0x000000002001ec44       0x2e /home/stefan/Documents/Graduation/RISC-V-toolchain/freedom-e-sdk/bsp/sifive-hifive1-revb/install/lib/debug//libmetal.a(libriscv__mmachine__sifive-hifive1-revb_a-clock.o)
                0x000000002001ec44                metal_clock_register_pre_rate_change_callback
 .text.metal_clock_register_post_rate_change_callback
                0x000000002001ec72       0x2e /home/stefan/Documents/Graduation/RISC-V-toolchain/freedom-e-sdk/bsp/sifive-hifive1-revb/install/lib/debug//libmetal.a(libriscv__mmachine__sifive-hifive1-revb_a-clock.o)
                0x000000002001ec72                metal_clock_register_post_rate_change_callback
 .text.metal_shutdown
                0x000000002001eca0        0xe /home/stefan/Documents/Graduation/RISC-V-toolchain/freedom-e-sdk/bsp/sifive-hifive1-revb/install/lib/debug//libmetal.a(libriscv__mmachine__sifive-hifive1-revb_a-shutdown.o)
                0x000000002001eca0                metal_shutdown
 .text._exit    0x000000002001ecae       0x14 /home/stefan/Documents/Graduation/RISC-V-toolchain/freedom-e-sdk/bsp/sifive-hifive1-revb/install/lib/debug//libmetal-gloss.a(sys_exit.o)
                0x000000002001ecae                _exit
 *(.itim .itim.*)
 *(.gnu.linkonce.t.*)

.fini
 *(SORT_NONE(.fini))
                [!provide]                        PROVIDE (__etext = .)
                [!provide]                        PROVIDE (_etext = .)
                [!provide]                        PROVIDE (etext = .)

.rodata         0x000000002001ecc8     0x1968
 *(.rdata)
 *(.rodata .rodata.*)
 .rodata.str1.1
                0x000000002001ecc8       0x69 benchmark.o
                                         0x6b (size before relaxing)
 .rodata.str1.1
                0x000000002001ed31        0x8 onetime_auth.o
 *fill*         0x000000002001ed39        0x3 
 .rodata        0x000000002001ed3c       0x44 onetime_auth.o
 .rodata        0x000000002001ed80       0x93 main.o
 .rodata.str1.1
                0x000000002001ee13       0x54 main.o
                                         0x5b (size before relaxing)
 *fill*         0x000000002001ee67        0x1 
 .rodata        0x000000002001ee68      0x18c /home/stefan/Documents/Graduation/RISC-V-toolchain/riscv64-unknown-elf-gcc/bin/../lib/gcc/riscv64-unknown-elf/8.2.0/../../../../riscv64-unknown-elf/lib/rv32imac/ilp32/libc.a(lib_a-vfprintf.o)
 .rodata.str1.4
                0x000000002001eff4       0x3a /home/stefan/Documents/Graduation/RISC-V-toolchain/riscv64-unknown-elf-gcc/bin/../lib/gcc/riscv64-unknown-elf/8.2.0/../../../../riscv64-unknown-elf/lib/rv32imac/ilp32/libc.a(lib_a-vfprintf.o)
 *fill*         0x000000002001f02e        0x2 
 .rodata        0x000000002001f030      0x254 /home/stefan/Documents/Graduation/RISC-V-toolchain/riscv64-unknown-elf-gcc/bin/../lib/gcc/riscv64-unknown-elf/8.2.0/../../../../riscv64-unknown-elf/lib/rv32imac/ilp32/libc.a(lib_a-ldtoa.o)
 .rodata.str1.4
                0x000000002001f284       0x28 /home/stefan/Documents/Graduation/RISC-V-toolchain/riscv64-unknown-elf-gcc/bin/../lib/gcc/riscv64-unknown-elf/8.2.0/../../../../riscv64-unknown-elf/lib/rv32imac/ilp32/libc.a(lib_a-ldtoa.o)
 .rodata.str1.4
                0x000000002001f2ac       0x10 /home/stefan/Documents/Graduation/RISC-V-toolchain/riscv64-unknown-elf-gcc/bin/../lib/gcc/riscv64-unknown-elf/8.2.0/../../../../riscv64-unknown-elf/lib/rv32imac/ilp32/libc.a(lib_a-locale.o)
                                         0x12 (size before relaxing)
 *fill*         0x000000002001f2bc        0x4 
 .rodata        0x000000002001f2c0      0x128 /home/stefan/Documents/Graduation/RISC-V-toolchain/riscv64-unknown-elf-gcc/bin/../lib/gcc/riscv64-unknown-elf/8.2.0/../../../../riscv64-unknown-elf/lib/rv32imac/ilp32/libc.a(lib_a-mprec.o)
                0x000000002001f2d0                __mprec_tens
                0x000000002001f398                __mprec_tinytens
                0x000000002001f3c0                __mprec_bigtens
 .rodata        0x000000002001f3e8      0x18c /home/stefan/Documents/Graduation/RISC-V-toolchain/riscv64-unknown-elf-gcc/bin/../lib/gcc/riscv64-unknown-elf/8.2.0/../../../../riscv64-unknown-elf/lib/rv32imac/ilp32/libc.a(lib_a-svfprintf.o)
 .rodata.str1.4
                0x000000002001f574       0x3a /home/stefan/Documents/Graduation/RISC-V-toolchain/riscv64-unknown-elf-gcc/bin/../lib/gcc/riscv64-unknown-elf/8.2.0/../../../../riscv64-unknown-elf/lib/rv32imac/ilp32/libc.a(lib_a-svfprintf.o)
 .rodata        0x000000002001f574      0x18c /home/stefan/Documents/Graduation/RISC-V-toolchain/riscv64-unknown-elf-gcc/bin/../lib/gcc/riscv64-unknown-elf/8.2.0/../../../../riscv64-unknown-elf/lib/rv32imac/ilp32/libc.a(lib_a-vfiprintf.o)
 .rodata.str1.4
                0x000000002001f700       0x25 /home/stefan/Documents/Graduation/RISC-V-toolchain/riscv64-unknown-elf-gcc/bin/../lib/gcc/riscv64-unknown-elf/8.2.0/../../../../riscv64-unknown-elf/lib/rv32imac/ilp32/libc.a(lib_a-vfiprintf.o)
 .rodata        0x000000002001f700      0x101 /home/stefan/Documents/Graduation/RISC-V-toolchain/riscv64-unknown-elf-gcc/bin/../lib/gcc/riscv64-unknown-elf/8.2.0/../../../../riscv64-unknown-elf/lib/rv32imac/ilp32/libc.a(lib_a-ctype_.o)
                0x000000002001f700                _ctype_
 *fill*         0x000000002001f801        0x3 
 .rodata        0x000000002001f804      0x18c /home/stefan/Documents/Graduation/RISC-V-toolchain/riscv64-unknown-elf-gcc/bin/../lib/gcc/riscv64-unknown-elf/8.2.0/../../../../riscv64-unknown-elf/lib/rv32imac/ilp32/libc.a(lib_a-svfiprintf.o)
 .rodata.str1.4
                0x000000002001f990       0x25 /home/stefan/Documents/Graduation/RISC-V-toolchain/riscv64-unknown-elf-gcc/bin/../lib/gcc/riscv64-unknown-elf/8.2.0/../../../../riscv64-unknown-elf/lib/rv32imac/ilp32/libc.a(lib_a-svfiprintf.o)
 .rodata        0x000000002001f990       0x3c /home/stefan/Documents/Graduation/RISC-V-toolchain/riscv64-unknown-elf-gcc/bin/../lib/gcc/riscv64-unknown-elf/8.2.0/rv32imac/ilp32/libgcc.a(divdf3.o)
 .rodata        0x000000002001f9cc       0x3c /home/stefan/Documents/Graduation/RISC-V-toolchain/riscv64-unknown-elf-gcc/bin/../lib/gcc/riscv64-unknown-elf/8.2.0/rv32imac/ilp32/libgcc.a(muldf3.o)
 .rodata        0x000000002001fa08       0x3c /home/stefan/Documents/Graduation/RISC-V-toolchain/riscv64-unknown-elf-gcc/bin/../lib/gcc/riscv64-unknown-elf/8.2.0/rv32imac/ilp32/libgcc.a(multf3.o)
 .rodata        0x000000002001fa44      0x100 /home/stefan/Documents/Graduation/RISC-V-toolchain/riscv64-unknown-elf-gcc/bin/../lib/gcc/riscv64-unknown-elf/8.2.0/rv32imac/ilp32/libgcc.a(_clz.o)
                0x000000002001fa44                __clz_tab
 .rodata.libgloss.start
                0x000000002001fb44       0x11 /home/stefan/Documents/Graduation/RISC-V-toolchain/freedom-e-sdk/bsp/sifive-hifive1-revb/install/lib/debug//libmetal-gloss.a(crt0.o)
 *fill*         0x000000002001fb55        0x3 
 .rodata.__metal_driver_vtable_riscv_cpu_intc
                0x000000002001fb58       0x1c /home/stefan/Documents/Graduation/RISC-V-toolchain/freedom-e-sdk/bsp/sifive-hifive1-revb/install/lib/debug//libmetal.a(libriscv__mmachine__sifive-hifive1-revb_a-tty.o)
                0x000000002001fb58                __metal_driver_vtable_riscv_cpu_intc
 .rodata.__metal_driver_vtable_cpu
                0x000000002001fb74       0x40 /home/stefan/Documents/Graduation/RISC-V-toolchain/freedom-e-sdk/bsp/sifive-hifive1-revb/install/lib/debug//libmetal.a(libriscv__mmachine__sifive-hifive1-revb_a-tty.o)
                0x000000002001fb74                __metal_driver_vtable_cpu
 .rodata.__metal_driver_vtable_riscv_clint0
                0x000000002001fbb4       0x1c /home/stefan/Documents/Graduation/RISC-V-toolchain/freedom-e-sdk/bsp/sifive-hifive1-revb/install/lib/debug//libmetal.a(libriscv__mmachine__sifive-hifive1-revb_a-tty.o)
                0x000000002001fbb4                __metal_driver_vtable_riscv_clint0
 .rodata.__metal_driver_vtable_riscv_plic0
                0x000000002001fbd0       0x1c /home/stefan/Documents/Graduation/RISC-V-toolchain/freedom-e-sdk/bsp/sifive-hifive1-revb/install/lib/debug//libmetal.a(libriscv__mmachine__sifive-hifive1-revb_a-tty.o)
                0x000000002001fbd0                __metal_driver_vtable_riscv_plic0
 .rodata.__metal_driver_vtable_sifive_gpio0
                0x000000002001fbec       0x1c /home/stefan/Documents/Graduation/RISC-V-toolchain/freedom-e-sdk/bsp/sifive-hifive1-revb/install/lib/debug//libmetal.a(libriscv__mmachine__sifive-hifive1-revb_a-tty.o)
                0x000000002001fbec                __metal_driver_vtable_sifive_gpio0
 .rodata.__metal_driver_vtable_sifive_uart0
                0x000000002001fc08       0x1c /home/stefan/Documents/Graduation/RISC-V-toolchain/freedom-e-sdk/bsp/sifive-hifive1-revb/install/lib/debug//libmetal.a(libriscv__mmachine__sifive-hifive1-revb_a-tty.o)
                0x000000002001fc08                __metal_driver_vtable_sifive_uart0
 .rodata.__metal_driver_vtable_sifive_fe310_g000_pll
                0x000000002001fc24        0xc /home/stefan/Documents/Graduation/RISC-V-toolchain/freedom-e-sdk/bsp/sifive-hifive1-revb/install/lib/debug//libmetal.a(libriscv__mmachine__sifive-hifive1-revb_a-tty.o)
                0x000000002001fc24                __metal_driver_vtable_sifive_fe310_g000_pll
 .rodata.__metal_driver_riscv_clint0_command_request
                0x000000002001fc30       0x18 /home/stefan/Documents/Graduation/RISC-V-toolchain/freedom-e-sdk/bsp/sifive-hifive1-revb/install/lib/debug//libmetal.a(libriscv__mmachine__sifive-hifive1-revb_a-riscv,clint0.o)
 .rodata.__metal_valid_interrupt_id
                0x000000002001fc48       0x74 /home/stefan/Documents/Graduation/RISC-V-toolchain/freedom-e-sdk/bsp/sifive-hifive1-revb/install/lib/debug//libmetal.a(libriscv__mmachine__sifive-hifive1-revb_a-riscv,cpu.o)
 .rodata.__metal_local_interrupt_enable
                0x000000002001fcbc       0x80 /home/stefan/Documents/Graduation/RISC-V-toolchain/freedom-e-sdk/bsp/sifive-hifive1-revb/install/lib/debug//libmetal.a(libriscv__mmachine__sifive-hifive1-revb_a-riscv,cpu.o)
 .rodata.__metal_driver_riscv_cpu_controller_interrupt_register
                0x000000002001fd3c       0x74 /home/stefan/Documents/Graduation/RISC-V-toolchain/freedom-e-sdk/bsp/sifive-hifive1-revb/install/lib/debug//libmetal.a(libriscv__mmachine__sifive-hifive1-revb_a-riscv,cpu.o)
 .rodata.pll_configs
                0x000000002001fdb0      0x880 /home/stefan/Documents/Graduation/RISC-V-toolchain/freedom-e-sdk/bsp/sifive-hifive1-revb/install/lib/debug//libmetal.a(libriscv__mmachine__sifive-hifive1-revb_a-sifive,fe310-g000,pll.o)
 *(.gnu.linkonce.r.*)

.rela.dyn       0x0000000020020630        0x0
 .rela.text     0x0000000020020630        0x0 benchmark.o
 .rela.text.metal.init.enter
                0x0000000020020630        0x0 benchmark.o
 .rela.text.libgloss.start
                0x0000000020020630        0x0 benchmark.o
 .rela.sdata.brk
                0x0000000020020630        0x0 benchmark.o
 .rela.text._sbrk
                0x0000000020020630        0x0 benchmark.o
 .rela.data.__metal_dt_clock_0
                0x0000000020020630        0x0 benchmark.o
 .rela.data.__metal_dt_clock_2
                0x0000000020020630        0x0 benchmark.o
 .rela.data.__metal_dt_clint_2000000
                0x0000000020020630        0x0 benchmark.o
 .rela.data.__metal_dt_cpu_0
                0x0000000020020630        0x0 benchmark.o
 .rela.data.__metal_dt_interrupt_controller
                0x0000000020020630        0x0 benchmark.o
 .rela.data.__metal_dt_interrupt_controller_c000000
                0x0000000020020630        0x0 benchmark.o
 .rela.data.__metal_dt_gpio_10012000
                0x0000000020020630        0x0 benchmark.o
 .rela.data.__metal_dt_serial_10013000
                0x0000000020020630        0x0 benchmark.o
 .rela.data.__metal_dt_clock_3
                0x0000000020020630        0x0 benchmark.o
 .rela.data.__metal_dt_clock_1
                0x0000000020020630        0x0 benchmark.o
 .rela.data.__metal_dt_clock_4
                0x0000000020020630        0x0 benchmark.o
 .rela.data.__metal_dt_prci_10008000
                0x0000000020020630        0x0 benchmark.o
 .rela.sdata.__metal_cpu_table
                0x0000000020020630        0x0 benchmark.o
 .rela.text.metal_tty_putc
                0x0000000020020630        0x0 benchmark.o
 .rela.text.metal_tty_init
                0x0000000020020630        0x0 benchmark.o
 .rela.text.__metal_driver_cpu_get
                0x0000000020020630        0x0 benchmark.o
 .rela.text.__metal_default_sw_handler
                0x0000000020020630        0x0 benchmark.o
 .rela.text.__metal_exception_handler
                0x0000000020020630        0x0 benchmark.o
 .rela.text.__metal_driver_cpu_timer_controller_interrupt
                0x0000000020020630        0x0 benchmark.o
 .rela.text.__metal_driver_cpu_sw_controller_interrupt
                0x0000000020020630        0x0 benchmark.o
 .rela.text.metal_sifive_fe310_g000_pll_init
                0x0000000020020630        0x0 benchmark.o
 .rela.text.use_hfxosc
                0x0000000020020630        0x0 benchmark.o
                0x0000000020020630                . = ALIGN (0x4)

.preinit_array  0x0000000020020630        0x0
                0x0000000020020630                PROVIDE (__preinit_array_start = .)
 *(.preinit_array)
                0x0000000020020630                PROVIDE (__preinit_array_end = .)

.init_array     0x0000000020020630        0xc
                0x0000000020020630                PROVIDE (__init_array_start = .)
 *(SORT_BY_INIT_PRIORITY(.init_array.*) SORT_BY_INIT_PRIORITY(.ctors.*))
 *(.init_array EXCLUDE_FILE(*crtend?.o *crtend.o *crtbegin?.o *crtbegin.o) .ctors)
 .init_array    0x0000000020020630        0x4 /home/stefan/Documents/Graduation/RISC-V-toolchain/freedom-e-sdk/bsp/sifive-hifive1-revb/install/lib/debug//libmetal.a(libriscv__mmachine__sifive-hifive1-revb_a-tty.o)
 .init_array    0x0000000020020634        0x8 /home/stefan/Documents/Graduation/RISC-V-toolchain/freedom-e-sdk/bsp/sifive-hifive1-revb/install/lib/debug//libmetal.a(libriscv__mmachine__sifive-hifive1-revb_a-sifive,fe310-g000,pll.o)
                0x000000002002063c                PROVIDE (__init_array_end = .)

.finit_array    0x000000002002063c        0x0
                [!provide]                        PROVIDE (__finit_array_start = .)
 *(SORT_BY_INIT_PRIORITY(.fini_array.*) SORT_BY_INIT_PRIORITY(.dtors.*))
 *(.fini_array EXCLUDE_FILE(*crtend?.o *crtend.o *crtbegin?.o *crtbegin.o) .dtors)
                [!provide]                        PROVIDE (__finit_array_end = .)

.ctors
 *crtbegin.o(.ctors)
 *crtbegin?.o(.ctors)
 *(EXCLUDE_FILE(*crtend?.o *crtend.o) .ctors)
 *(SORT_BY_NAME(.ctors.*))
 *(.ctors)

.dtors
 *crtbegin.o(.dtors)
 *crtbegin?.o(.dtors)
 *(EXCLUDE_FILE(*crtend?.o *crtend.o) .dtors)
 *(SORT_BY_NAME(.dtors.*))
 *(.dtors)

.litimalign     0x000000002002063c        0x0
                0x000000002002063c                . = ALIGN (0x4)
                0x000000002002063c                PROVIDE (metal_segment_itim_source_start = .)

.ditimalign     0x0000000080000000        0x0 load address 0x000000002002063c
                0x0000000080000000                . = ALIGN (0x4)
                0x0000000080000000                PROVIDE (metal_segment_itim_target_start = .)

.itim
 *(.itim .itim.*)
                0x0000000080000000                . = ALIGN (0x8)
                0x0000000080000000                PROVIDE (metal_segment_itim_target_end = .)

.lalign         0x000000002002063c        0x0
                0x000000002002063c                . = ALIGN (0x4)
                [!provide]                        PROVIDE (_data_lma = .)
                0x000000002002063c                PROVIDE (metal_segment_data_source_start = .)

.dalign         0x0000000080000000        0x0 load address 0x000000002002063c
                0x0000000080000000                . = ALIGN (0x4)
                0x0000000080000000                PROVIDE (metal_segment_data_target_start = .)

.data           0x0000000080000000     0x1314 load address 0x000000002002063c
 *(.data .data.*)
 .data          0x0000000080000000       0xa7 benchmark.o
 .data          0x00000000800000a7       0x20 main.o
 *fill*         0x00000000800000c7        0x1 
 .data          0x00000000800000c8      0x428 /home/stefan/Documents/Graduation/RISC-V-toolchain/riscv64-unknown-elf-gcc/bin/../lib/gcc/riscv64-unknown-elf/8.2.0/../../../../riscv64-unknown-elf/lib/rv32imac/ilp32/libc.a(lib_a-impure.o)
 .data          0x00000000800004f0      0x16c /home/stefan/Documents/Graduation/RISC-V-toolchain/riscv64-unknown-elf-gcc/bin/../lib/gcc/riscv64-unknown-elf/8.2.0/../../../../riscv64-unknown-elf/lib/rv32imac/ilp32/libc.a(lib_a-locale.o)
                0x00000000800004f0                __global_locale
 .data          0x000000008000065c      0x408 /home/stefan/Documents/Graduation/RISC-V-toolchain/riscv64-unknown-elf-gcc/bin/../lib/gcc/riscv64-unknown-elf/8.2.0/../../../../riscv64-unknown-elf/lib/rv32imac/ilp32/libc.a(lib_a-mallocr.o)
                0x000000008000065c                __malloc_av_
 .data.__metal_dt_clock_0
                0x0000000080000a64       0x1c /home/stefan/Documents/Graduation/RISC-V-toolchain/freedom-e-sdk/bsp/sifive-hifive1-revb/install/lib/debug//libmetal.a(libriscv__mmachine__sifive-hifive1-revb_a-tty.o)
                0x0000000080000a64                __metal_dt_clock_0
 .data.__metal_dt_clock_2
                0x0000000080000a80       0x1c /home/stefan/Documents/Graduation/RISC-V-toolchain/freedom-e-sdk/bsp/sifive-hifive1-revb/install/lib/debug//libmetal.a(libriscv__mmachine__sifive-hifive1-revb_a-tty.o)
                0x0000000080000a80                __metal_dt_clock_2
 .data.__metal_dt_clint_2000000
                0x0000000080000a9c       0x24 /home/stefan/Documents/Graduation/RISC-V-toolchain/freedom-e-sdk/bsp/sifive-hifive1-revb/install/lib/debug//libmetal.a(libriscv__mmachine__sifive-hifive1-revb_a-tty.o)
                0x0000000080000a9c                __metal_dt_clint_2000000
 .data.__metal_dt_cpu_0
                0x0000000080000ac0       0x10 /home/stefan/Documents/Graduation/RISC-V-toolchain/freedom-e-sdk/bsp/sifive-hifive1-revb/install/lib/debug//libmetal.a(libriscv__mmachine__sifive-hifive1-revb_a-tty.o)
                0x0000000080000ac0                __metal_dt_cpu_0
 .data.__metal_dt_interrupt_controller
                0x0000000080000ad0      0x3c0 /home/stefan/Documents/Graduation/RISC-V-toolchain/freedom-e-sdk/bsp/sifive-hifive1-revb/install/lib/debug//libmetal.a(libriscv__mmachine__sifive-hifive1-revb_a-tty.o)
                0x0000000080000ad0                __metal_dt_interrupt_controller
 .data.__metal_dt_interrupt_controller_c000000
                0x0000000080000e90      0x320 /home/stefan/Documents/Graduation/RISC-V-toolchain/freedom-e-sdk/bsp/sifive-hifive1-revb/install/lib/debug//libmetal.a(libriscv__mmachine__sifive-hifive1-revb_a-tty.o)
                0x0000000080000e90                __metal_dt_interrupt_controller_c000000
 .data.__metal_dt_gpio_10012000
                0x00000000800011b0       0x58 /home/stefan/Documents/Graduation/RISC-V-toolchain/freedom-e-sdk/bsp/sifive-hifive1-revb/install/lib/debug//libmetal.a(libriscv__mmachine__sifive-hifive1-revb_a-tty.o)
                0x00000000800011b0                __metal_dt_gpio_10012000
 .data.__metal_dt_serial_10013000
                0x0000000080001208       0x30 /home/stefan/Documents/Graduation/RISC-V-toolchain/freedom-e-sdk/bsp/sifive-hifive1-revb/install/lib/debug//libmetal.a(libriscv__mmachine__sifive-hifive1-revb_a-tty.o)
                0x0000000080001208                __metal_dt_serial_10013000
 .data.__metal_dt_clock_3
                0x0000000080001238       0x24 /home/stefan/Documents/Graduation/RISC-V-toolchain/freedom-e-sdk/bsp/sifive-hifive1-revb/install/lib/debug//libmetal.a(libriscv__mmachine__sifive-hifive1-revb_a-tty.o)
                0x0000000080001238                __metal_dt_clock_3
 .data.__metal_dt_clock_1
                0x000000008000125c       0x24 /home/stefan/Documents/Graduation/RISC-V-toolchain/freedom-e-sdk/bsp/sifive-hifive1-revb/install/lib/debug//libmetal.a(libriscv__mmachine__sifive-hifive1-revb_a-tty.o)
                0x000000008000125c                __metal_dt_clock_1
 .data.__metal_dt_clock_4
                0x0000000080001280       0x34 /home/stefan/Documents/Graduation/RISC-V-toolchain/freedom-e-sdk/bsp/sifive-hifive1-revb/install/lib/debug//libmetal.a(libriscv__mmachine__sifive-hifive1-revb_a-tty.o)
                0x0000000080001280                __metal_dt_clock_4
 .data.__metal_dt_prci_10008000
                0x00000000800012b4        0xc /home/stefan/Documents/Graduation/RISC-V-toolchain/freedom-e-sdk/bsp/sifive-hifive1-revb/install/lib/debug//libmetal.a(libriscv__mmachine__sifive-hifive1-revb_a-tty.o)
                0x00000000800012b4                __metal_dt_prci_10008000
 *(.gnu.linkonce.d.*)
                0x00000000800012c0                . = ALIGN (0x8)
                0x0000000080001ac0                PROVIDE (__global_pointer$ = (. + 0x800))
 *(.sdata .sdata.* .sdata2.*)
 .sdata         0x00000000800012c0        0x4 /home/stefan/Documents/Graduation/RISC-V-toolchain/riscv64-unknown-elf-gcc/bin/../lib/gcc/riscv64-unknown-elf/8.2.0/../../../../riscv64-unknown-elf/lib/rv32imac/ilp32/libc.a(lib_a-impure.o)
                0x00000000800012c0                _impure_ptr
 .sdata         0x00000000800012c4        0x8 /home/stefan/Documents/Graduation/RISC-V-toolchain/riscv64-unknown-elf-gcc/bin/../lib/gcc/riscv64-unknown-elf/8.2.0/../../../../riscv64-unknown-elf/lib/rv32imac/ilp32/libc.a(lib_a-mallocr.o)
                0x00000000800012c4                __malloc_sbrk_base
                0x00000000800012c8                __malloc_trim_threshold
 .sdata.brk     0x00000000800012cc        0x4 /home/stefan/Documents/Graduation/RISC-V-toolchain/freedom-e-sdk/bsp/sifive-hifive1-revb/install/lib/debug//libmetal-gloss.a(sys_sbrk.o)
 .sdata2.__metal_driver_vtable_fixed_clock
                0x00000000800012d0        0x8 /home/stefan/Documents/Graduation/RISC-V-toolchain/freedom-e-sdk/bsp/sifive-hifive1-revb/install/lib/debug//libmetal.a(libriscv__mmachine__sifive-hifive1-revb_a-tty.o)
                0x00000000800012d0                __metal_driver_vtable_fixed_clock
 .sdata2.__metal_driver_vtable_sifive_fe310_g000_prci
                0x00000000800012d8        0x8 /home/stefan/Documents/Graduation/RISC-V-toolchain/freedom-e-sdk/bsp/sifive-hifive1-revb/install/lib/debug//libmetal.a(libriscv__mmachine__sifive-hifive1-revb_a-tty.o)
                0x00000000800012d8                __metal_driver_vtable_sifive_fe310_g000_prci
 .sdata2.__metal_driver_vtable_sifive_fe310_g000_hfrosc
                0x00000000800012e0        0x8 /home/stefan/Documents/Graduation/RISC-V-toolchain/freedom-e-sdk/bsp/sifive-hifive1-revb/install/lib/debug//libmetal.a(libriscv__mmachine__sifive-hifive1-revb_a-tty.o)
                0x00000000800012e0                __metal_driver_vtable_sifive_fe310_g000_hfrosc
 .sdata2.__metal_driver_vtable_sifive_fe310_g000_hfxosc
                0x00000000800012e8        0x8 /home/stefan/Documents/Graduation/RISC-V-toolchain/freedom-e-sdk/bsp/sifive-hifive1-revb/install/lib/debug//libmetal.a(libriscv__mmachine__sifive-hifive1-revb_a-tty.o)
                0x00000000800012e8                __metal_driver_vtable_sifive_fe310_g000_hfxosc
 .sdata.__metal_cpu_table
                0x00000000800012f0        0x4 /home/stefan/Documents/Graduation/RISC-V-toolchain/freedom-e-sdk/bsp/sifive-hifive1-revb/install/lib/debug//libmetal.a(libriscv__mmachine__sifive-hifive1-revb_a-tty.o)
                0x00000000800012f0                __metal_cpu_table
 *(.gnu.linkonce.s.*)
                0x00000000800012f8                . = ALIGN (0x8)
 *fill*         0x00000000800012f4        0x4 
 *(.srodata.cst16)
 *(.srodata.cst8)
 .srodata.cst8  0x00000000800012f8       0x10 /home/stefan/Documents/Graduation/RISC-V-toolchain/riscv64-unknown-elf-gcc/bin/../lib/gcc/riscv64-unknown-elf/8.2.0/../../../../riscv64-unknown-elf/lib/rv32imac/ilp32/libc.a(lib_a-mprec.o)
 .srodata.cst8  0x0000000080001308        0x8 /home/stefan/Documents/Graduation/RISC-V-toolchain/riscv64-unknown-elf-gcc/bin/../lib/gcc/riscv64-unknown-elf/8.2.0/../../../../riscv64-unknown-elf/lib/rv32imac/ilp32/libc.a(lib_a-s_frexp.o)
 *(.srodata.cst4)
 *(.srodata.cst2)
 *(.srodata .srodata.*)
 .srodata       0x0000000080001310        0x4 /home/stefan/Documents/Graduation/RISC-V-toolchain/riscv64-unknown-elf-gcc/bin/../lib/gcc/riscv64-unknown-elf/8.2.0/../../../../riscv64-unknown-elf/lib/rv32imac/ilp32/libc.a(lib_a-impure.o)
                0x0000000080001310                _global_impure_ptr
                0x0000000080001314                . = ALIGN (0x4)
                [!provide]                        PROVIDE (_edata = .)
                [!provide]                        PROVIDE (edata = .)
                0x0000000080001314                PROVIDE (metal_segment_data_target_end = .)
                [!provide]                        PROVIDE (_fbss = .)
                [!provide]                        PROVIDE (__bss_start = .)
                0x0000000080001314                PROVIDE (metal_segment_bss_target_start = .)

.bss            0x0000000080001314       0x38
 *(.sbss*)
 .sbss          0x0000000080001314        0xc /home/stefan/Documents/Graduation/RISC-V-toolchain/riscv64-unknown-elf-gcc/bin/../lib/gcc/riscv64-unknown-elf/8.2.0/../../../../riscv64-unknown-elf/lib/rv32imac/ilp32/libc.a(lib_a-mallocr.o)
                0x0000000080001314                __malloc_max_total_mem
                0x0000000080001318                __malloc_max_sbrked_mem
                0x000000008000131c                __malloc_top_pad
 *(.gnu.linkonce.sb.*)
 *(.bss .bss.*)
 .bss           0x0000000080001320       0x28 /home/stefan/Documents/Graduation/RISC-V-toolchain/riscv64-unknown-elf-gcc/bin/../lib/gcc/riscv64-unknown-elf/8.2.0/../../../../riscv64-unknown-elf/lib/rv32imac/ilp32/libc.a(lib_a-mallocr.o)
                0x0000000080001320                __malloc_current_mallinfo
 *(.gnu.linkonce.b.*)
 *(COMMON)
 COMMON         0x0000000080001348        0x4 /home/stefan/Documents/Graduation/RISC-V-toolchain/riscv64-unknown-elf-gcc/bin/../lib/gcc/riscv64-unknown-elf/8.2.0/../../../../riscv64-unknown-elf/lib/rv32imac/ilp32/libc.a(lib_a-reent.o)
                0x0000000080001348                errno
                0x000000008000134c                . = ALIGN (0x4)
                0x0000000080001350                . = ALIGN (0x8)
                [!provide]                        PROVIDE (_end = .)
                [!provide]                        PROVIDE (end = .)
                0x0000000080001350                PROVIDE (metal_segment_bss_target_end = .)

.stack          0x000000008000134c     0x1800
                [!provide]                        PROVIDE (metal_segment_stack_begin = .)
                0x0000000000001800                . = __stack_size
 *fill*         0x000000008000134c     0x1800 
                [!provide]                        PROVIDE (_sp = .)
                0x0000000080002b4c                PROVIDE (metal_segment_stack_end = .)

.heap           0x0000000080002b4c     0x14b4
                0x0000000080002b4c                PROVIDE (metal_segment_heap_target_start = .)
                0x0000000000000400                . = __heap_size
 *fill*         0x0000000080002b4c      0x400 
                0x0000000080004000                . = (__heap_size == 0x0)?0x0:(ORIGIN (ram) + LENGTH (ram))
 *fill*         0x0000000080002f4c     0x10b4 
                0x0000000080004000                PROVIDE (metal_segment_heap_target_end = .)
                [!provide]                        PROVIDE (_heap_end = .)
OUTPUT(program.elf elf32-littleriscv)

.comment        0x0000000000000000       0x26
 .comment       0x0000000000000000       0x15 benchmark.o
                                         0x16 (size before relaxing)
 .comment       0x0000000000000015       0x16 onetime_auth.o
 .comment       0x0000000000000015       0x16 main.o
 .comment       0x0000000000000015       0x11 /home/stefan/Documents/Graduation/RISC-V-toolchain/riscv64-unknown-elf-gcc/bin/../lib/gcc/riscv64-unknown-elf/8.2.0/../../../../riscv64-unknown-elf/lib/rv32imac/ilp32/libc.a(lib_a-printf.o)
                                         0x12 (size before relaxing)
 .comment       0x0000000000000026       0x12 /home/stefan/Documents/Graduation/RISC-V-toolchain/riscv64-unknown-elf-gcc/bin/../lib/gcc/riscv64-unknown-elf/8.2.0/../../../../riscv64-unknown-elf/lib/rv32imac/ilp32/libc.a(lib_a-vfprintf.o)
 .comment       0x0000000000000026       0x12 /home/stefan/Documents/Graduation/RISC-V-toolchain/riscv64-unknown-elf-gcc/bin/../lib/gcc/riscv64-unknown-elf/8.2.0/../../../../riscv64-unknown-elf/lib/rv32imac/ilp32/libc.a(lib_a-wsetup.o)
 .comment       0x0000000000000026       0x12 /home/stefan/Documents/Graduation/RISC-V-toolchain/riscv64-unknown-elf-gcc/bin/../lib/gcc/riscv64-unknown-elf/8.2.0/../../../../riscv64-unknown-elf/lib/rv32imac/ilp32/libc.a(lib_a-fflush.o)
 .comment       0x0000000000000026       0x12 /home/stefan/Documents/Graduation/RISC-V-toolchain/riscv64-unknown-elf-gcc/bin/../lib/gcc/riscv64-unknown-elf/8.2.0/../../../../riscv64-unknown-elf/lib/rv32imac/ilp32/libc.a(lib_a-findfp.o)
 .comment       0x0000000000000026       0x12 /home/stefan/Documents/Graduation/RISC-V-toolchain/riscv64-unknown-elf-gcc/bin/../lib/gcc/riscv64-unknown-elf/8.2.0/../../../../riscv64-unknown-elf/lib/rv32imac/ilp32/libc.a(lib_a-freer.o)
 .comment       0x0000000000000026       0x12 /home/stefan/Documents/Graduation/RISC-V-toolchain/riscv64-unknown-elf-gcc/bin/../lib/gcc/riscv64-unknown-elf/8.2.0/../../../../riscv64-unknown-elf/lib/rv32imac/ilp32/libc.a(lib_a-fwalk.o)
 .comment       0x0000000000000026       0x12 /home/stefan/Documents/Graduation/RISC-V-toolchain/riscv64-unknown-elf-gcc/bin/../lib/gcc/riscv64-unknown-elf/8.2.0/../../../../riscv64-unknown-elf/lib/rv32imac/ilp32/libc.a(lib_a-impure.o)
 .comment       0x0000000000000026       0x12 /home/stefan/Documents/Graduation/RISC-V-toolchain/riscv64-unknown-elf-gcc/bin/../lib/gcc/riscv64-unknown-elf/8.2.0/../../../../riscv64-unknown-elf/lib/rv32imac/ilp32/libc.a(lib_a-ldtoa.o)
 .comment       0x0000000000000026       0x12 /home/stefan/Documents/Graduation/RISC-V-toolchain/riscv64-unknown-elf-gcc/bin/../lib/gcc/riscv64-unknown-elf/8.2.0/../../../../riscv64-unknown-elf/lib/rv32imac/ilp32/libc.a(lib_a-localeconv.o)
 .comment       0x0000000000000026       0x12 /home/stefan/Documents/Graduation/RISC-V-toolchain/riscv64-unknown-elf-gcc/bin/../lib/gcc/riscv64-unknown-elf/8.2.0/../../../../riscv64-unknown-elf/lib/rv32imac/ilp32/libc.a(lib_a-locale.o)
 .comment       0x0000000000000026       0x12 /home/stefan/Documents/Graduation/RISC-V-toolchain/riscv64-unknown-elf-gcc/bin/../lib/gcc/riscv64-unknown-elf/8.2.0/../../../../riscv64-unknown-elf/lib/rv32imac/ilp32/libc.a(lib_a-makebuf.o)
 .comment       0x0000000000000026       0x12 /home/stefan/Documents/Graduation/RISC-V-toolchain/riscv64-unknown-elf-gcc/bin/../lib/gcc/riscv64-unknown-elf/8.2.0/../../../../riscv64-unknown-elf/lib/rv32imac/ilp32/libc.a(lib_a-mallocr.o)