Archive member included to satisfy reference by file (symbol)

/home/stefan/Documents/Graduation/RISC-V-toolchain/riscv64-unknown-elf-gcc/bin/../lib/gcc/riscv64-unknown-elf/8.2.0/../../../../riscv64-unknown-elf/lib/rv32imac/ilp32/libc.a(lib_a-memcpy.o)
                              scalarmult.o (memcpy)
/home/stefan/Documents/Graduation/RISC-V-toolchain/riscv64-unknown-elf-gcc/bin/../lib/gcc/riscv64-unknown-elf/8.2.0/../../../../riscv64-unknown-elf/lib/rv32imac/ilp32/libc.a(lib_a-printf.o)
                              benchmark.o (printf)
/home/stefan/Documents/Graduation/RISC-V-toolchain/riscv64-unknown-elf-gcc/bin/../lib/gcc/riscv64-unknown-elf/8.2.0/../../../../riscv64-unknown-elf/lib/rv32imac/ilp32/libc.a(lib_a-putchar.o)
                              benchmark.o (putchar)
/home/stefan/Documents/Graduation/RISC-V-toolchain/riscv64-unknown-elf-gcc/bin/../lib/gcc/riscv64-unknown-elf/8.2.0/../../../../riscv64-unknown-elf/lib/rv32imac/ilp32/libc.a(lib_a-putc.o)
                              /home/stefan/Documents/Graduation/RISC-V-toolchain/riscv64-unknown-elf-gcc/bin/../lib/gcc/riscv64-unknown-elf/8.2.0/../../../../riscv64-unknown-elf/lib/rv32imac/ilp32/libc.a(lib_a-putchar.o) (_putc_r)
/home/stefan/Documents/Graduation/RISC-V-toolchain/riscv64-unknown-elf-gcc/bin/../lib/gcc/riscv64-unknown-elf/8.2.0/../../../../riscv64-unknown-elf/lib/rv32imac/ilp32/libc.a(lib_a-puts.o)
                              benchmark.o (puts)
/home/stefan/Documents/Graduation/RISC-V-toolchain/riscv64-unknown-elf-gcc/bin/../lib/gcc/riscv64-unknown-elf/8.2.0/../../../../riscv64-unknown-elf/lib/rv32imac/ilp32/libc.a(lib_a-strlen.o)
                              /home/stefan/Documents/Graduation/RISC-V-toolchain/riscv64-unknown-elf-gcc/bin/../lib/gcc/riscv64-unknown-elf/8.2.0/../../../../riscv64-unknown-elf/lib/rv32imac/ilp32/libc.a(lib_a-puts.o) (strlen)
/home/stefan/Documents/Graduation/RISC-V-toolchain/riscv64-unknown-elf-gcc/bin/../lib/gcc/riscv64-unknown-elf/8.2.0/../../../../riscv64-unknown-elf/lib/rv32imac/ilp32/libc.a(lib_a-vfprintf.o)
                              /home/stefan/Documents/Graduation/RISC-V-toolchain/riscv64-unknown-elf-gcc/bin/../lib/gcc/riscv64-unknown-elf/8.2.0/../../../../riscv64-unknown-elf/lib/rv32imac/ilp32/libc.a(lib_a-printf.o) (_vfprintf_r)
/home/stefan/Documents/Graduation/RISC-V-toolchain/riscv64-unknown-elf-gcc/bin/../lib/gcc/riscv64-unknown-elf/8.2.0/../../../../riscv64-unknown-elf/lib/rv32imac/ilp32/libc.a(lib_a-wbuf.o)
                              /home/stefan/Documents/Graduation/RISC-V-toolchain/riscv64-unknown-elf-gcc/bin/../lib/gcc/riscv64-unknown-elf/8.2.0/../../../../riscv64-unknown-elf/lib/rv32imac/ilp32/libc.a(lib_a-putc.o) (__swbuf_r)
/home/stefan/Documents/Graduation/RISC-V-toolchain/riscv64-unknown-elf-gcc/bin/../lib/gcc/riscv64-unknown-elf/8.2.0/../../../../riscv64-unknown-elf/lib/rv32imac/ilp32/libc.a(lib_a-wsetup.o)
                              /home/stefan/Documents/Graduation/RISC-V-toolchain/riscv64-unknown-elf-gcc/bin/../lib/gcc/riscv64-unknown-elf/8.2.0/../../../../riscv64-unknown-elf/lib/rv32imac/ilp32/libc.a(lib_a-vfprintf.o) (__swsetup_r)
/home/stefan/Documents/Graduation/RISC-V-toolchain/riscv64-unknown-elf-gcc/bin/../lib/gcc/riscv64-unknown-elf/8.2.0/../../../../riscv64-unknown-elf/lib/rv32imac/ilp32/libc.a(lib_a-fflush.o)
                              /home/stefan/Documents/Graduation/RISC-V-toolchain/riscv64-unknown-elf-gcc/bin/../lib/gcc/riscv64-unknown-elf/8.2.0/../../../../riscv64-unknown-elf/lib/rv32imac/ilp32/libc.a(lib_a-vfprintf.o) (_fflush_r)
/home/stefan/Documents/Graduation/RISC-V-toolchain/riscv64-unknown-elf-gcc/bin/../lib/gcc/riscv64-unknown-elf/8.2.0/../../../../riscv64-unknown-elf/lib/rv32imac/ilp32/libc.a(lib_a-findfp.o)
                              /home/stefan/Documents/Graduation/RISC-V-toolchain/riscv64-unknown-elf-gcc/bin/../lib/gcc/riscv64-unknown-elf/8.2.0/../../../../riscv64-unknown-elf/lib/rv32imac/ilp32/libc.a(lib_a-putc.o) (__sinit)
/home/stefan/Documents/Graduation/RISC-V-toolchain/riscv64-unknown-elf-gcc/bin/../lib/gcc/riscv64-unknown-elf/8.2.0/../../../../riscv64-unknown-elf/lib/rv32imac/ilp32/libc.a(lib_a-freer.o)
                              /home/stefan/Documents/Graduation/RISC-V-toolchain/riscv64-unknown-elf-gcc/bin/../lib/gcc/riscv64-unknown-elf/8.2.0/../../../../riscv64-unknown-elf/lib/rv32imac/ilp32/libc.a(lib_a-vfprintf.o) (_free_r)
/home/stefan/Documents/Graduation/RISC-V-toolchain/riscv64-unknown-elf-gcc/bin/../lib/gcc/riscv64-unknown-elf/8.2.0/../../../../riscv64-unknown-elf/lib/rv32imac/ilp32/libc.a(lib_a-fvwrite.o)
                              /home/stefan/Documents/Graduation/RISC-V-toolchain/riscv64-unknown-elf-gcc/bin/../lib/gcc/riscv64-unknown-elf/8.2.0/../../../../riscv64-unknown-elf/lib/rv32imac/ilp32/libc.a(lib_a-puts.o) (__sfvwrite_r)
[...]
Memory Configuration

Name             Origin             Length             Attributes
ram              0x0000000080000000 0x0000000000004000 axw !rl
flash            0x0000000020010000 0x000000000006a120 axrl !w
*default*        0x0000000000000000 0xffffffffffffffff

Linker script and memory map

                0x0000000000000800                __stack_size = 0x800
LOAD scalarmult.o
LOAD benchmark.o
LOAD main.o
LOAD karatsuba226.o
LOAD karatsuba226_2.o
LOAD karatsuba226_3.o
LOAD crypto_scalarmult.o
LOAD karatsuba226_5.o
LOAD square226_2.o
LOAD securemul.o
LOAD square226_3.o
LOAD crypto_select_asm.o
LOAD square226_5.o
LOAD square226.o
LOAD squeeze226.o
LOAD mainloop.o
LOAD cyclecounter.o
START GROUP
LOAD /home/stefan/Documents/Graduation/RISC-V-toolchain/riscv64-unknown-elf-gcc/bin/../lib/gcc/riscv64-unknown-elf/8.2.0/../../../../riscv64-unknown-elf/lib/rv32imac/ilp32/libc.a
LOAD /home/stefan/Documents/Graduation/RISC-V-toolchain/riscv64-unknown-elf-gcc/bin/../lib/gcc/riscv64-unknown-elf/8.2.0/rv32imac/ilp32/libgcc.a
LOAD /home/stefan/Documents/Graduation/RISC-V-toolchain/freedom-e-sdk/bsp/sifive-hifive1-revb/install/lib/debug//libmetal.a
LOAD /home/stefan/Documents/Graduation/RISC-V-toolchain/freedom-e-sdk/bsp/sifive-hifive1-revb/install/lib/debug//libmetal-gloss.a
END GROUP
                0x0000000000000800                __stack_size = DEFINED (__stack_size)?__stack_size:0x1800
                0x0000000000000400                __heap_size = DEFINED (__heap_size)?__heap_size:0x400

.init           0x0000000020010000      0x132
 *(.text.metal.init.enter)
 .text.metal.init.enter
                0x0000000020010000       0x54 /home/stefan/Documents/Graduation/RISC-V-toolchain/freedom-e-sdk/bsp/sifive-hifive1-revb/install/lib/debug//libmetal.a(libriscv__mmachine__sifive-hifive1-revb_a-entry.o)
                0x0000000020010000                _enter
 *(SORT_NONE(.init))
 *(.text.libgloss.start)
 .text.libgloss.start
                0x0000000020010054       0xde /home/stefan/Documents/Graduation/RISC-V-toolchain/freedom-e-sdk/bsp/sifive-hifive1-revb/install/lib/debug//libmetal-gloss.a(crt0.o)
                0x0000000020010054                _start
                0x0000000020010130                _init
                0x0000000020010130                _fini

.text           0x0000000020010180    0x127c2
 *(.text.unlikely .text.unlikely.*)
 *(.text.startup .text.startup.*)
 *(.text .text.*)
 .text          0x0000000020010180     0x1794 scalarmult.o
                0x0000000020010180                add226
                0x000000002001029c                add226_wo_squeeze
                0x00000000200103b4                sub226
                0x0000000020010658                freeze
                0x0000000020010808                recip226
                0x0000000020011328                convert_to_radix226
                0x0000000020011510                toradix28
                0x00000000200116c4                crypto_scalarmult
 .text          0x0000000020011914      0xc7c benchmark.o
                0x0000000020011914                printarray
                0x000000002001197c                printcounters
                0x00000000200119fc                dobenchmark
 .text          0x0000000020012590      0x1bc main.o
                0x0000000020012590                printchararray_inv
                0x00000000200125f8                printchararray
                0x0000000020012660                printbyte
                0x0000000020012688                printintarray
                0x000000002001272c                main
 .text          0x000000002001274c      0x768 karatsuba226.o
                0x000000002001274c                karatsuba226
 .text          0x0000000020012eb4      0x120 karatsuba226_2.o
                0x0000000020012eb4                karatsuba226_2asm
 .text          0x0000000020012fd4      0x208 karatsuba226_3.o
                0x0000000020012fd4                karatsuba226_3asm
 .text          0x00000000200131dc       0xc8 crypto_scalarmult.o
                0x00000000200131dc                crypto_scalarmult_asm
 .text          0x00000000200132a4      0x318 karatsuba226_5.o
                0x00000000200132a4                karatsuba226_5asm
 .text          0x00000000200135bc      0x114 square226_2.o
                0x00000000200135bc                square226_2asm
 .text          0x00000000200136d0      0x5ec securemul.o
                0x00000000200136d0                securemul226
                0x00000000200136f4                mul121665asm
 .text          0x0000000020013cbc      0x188 square226_3.o
                0x0000000020013cbc                square226_3asm
 .text          0x0000000020013e44      0x288 crypto_select_asm.o
                0x0000000020013e44                crypto_select_asm
 .text          0x00000000200140cc      0x250 square226_5.o
                0x00000000200140cc                square226_5asm
 .text          0x000000002001431c      0x610 square226.o
                0x000000002001431c                square226
 .text          0x000000002001492c      0x158 squeeze226.o
                0x000000002001492c                squeeze226
 .text          0x0000000020014a84      0x50c mainloop.o
                0x0000000020014a84                mainloop226_asm
 .text          0x0000000020014f90       0x48 cyclecounter.o
                0x0000000020014f90                getcycles
                0x0000000020014fac                icachemisses
                0x0000000020014fc8                getsp
                0x0000000020014fd0                getra
 .text          0x0000000020014fd8       0xb6 /home/stefan/Documents/Graduation/RISC-V-toolchain/riscv64-unknown-elf-gcc/bin/../lib/gcc/riscv64-unknown-elf/8.2.0/../../../../riscv64-unknown-elf/lib/rv32imac/ilp32/libc.a(lib_a-memcpy.o)
                0x0000000020014fd8                memcpy
 .text          0x000000002001508e       0x4e /home/stefan/Documents/Graduation/RISC-V-toolchain/riscv64-unknown-elf-gcc/bin/../lib/gcc/riscv64-unknown-elf/8.2.0/../../../../riscv64-unknown-elf/lib/rv32imac/ilp32/libc.a(lib_a-printf.o)
                0x000000002001508e                _printf_r
                0x00000000200150ae                printf
 .text          0x00000000200150dc       0x16 /home/stefan/Documents/Graduation/RISC-V-toolchain/riscv64-unknown-elf-gcc/bin/../lib/gcc/riscv64-unknown-elf/8.2.0/../../../../riscv64-unknown-elf/lib/rv32imac/ilp32/libc.a(lib_a-putchar.o)
                0x00000000200150dc                _putchar_r
                0x00000000200150e0                putchar
 .text          0x00000000200150f2       0x68 /home/stefan/Documents/Graduation/RISC-V-toolchain/riscv64-unknown-elf-gcc/bin/../lib/gcc/riscv64-unknown-elf/8.2.0/../../../../riscv64-unknown-elf/lib/rv32imac/ilp32/libc.a(lib_a-putc.o)
                0x00000000200150f2                _putc_r
                0x000000002001514a                putc
 .text          0x000000002001515a       0x82 /home/stefan/Documents/Graduation/RISC-V-toolchain/riscv64-unknown-elf-gcc/bin/../lib/gcc/riscv64-unknown-elf/8.2.0/../../../../riscv64-unknown-elf/lib/rv32imac/ilp32/libc.a(lib_a-puts.o)
                0x000000002001515a                _puts_r
                0x00000000200151ce                puts
 .text          0x00000000200151dc       0x12 /home/stefan/Documents/Graduation/RISC-V-toolchain/riscv64-unknown-elf-gcc/bin/../lib/gcc/riscv64-unknown-elf/8.2.0/../../../../riscv64-unknown-elf/lib/rv32imac/ilp32/libc.a(lib_a-strlen.o)
                0x00000000200151dc                strlen
 .text          0x00000000200151ee     0x16b0 /home/stefan/Documents/Graduation/RISC-V-toolchain/riscv64-unknown-elf-gcc/bin/../lib/gcc/riscv64-unknown-elf/8.2.0/../../../../riscv64-unknown-elf/lib/rv32imac/ilp32/libc.a(lib_a-vfprintf.o)
                0x00000000200151ee                _vfprintf_r
                0x0000000020016800                vfprintf
 .text          0x000000002001689e       0xc2 /home/stefan/Documents/Graduation/RISC-V-toolchain/riscv64-unknown-elf-gcc/bin/../lib/gcc/riscv64-unknown-elf/8.2.0/../../../../riscv64-unknown-elf/lib/rv32imac/ilp32/libc.a(lib_a-wbuf.o)
                0x000000002001689e                __swbuf_r
                0x0000000020016950                __swbuf
 .text          0x0000000020016960       0xdc /home/stefan/Documents/Graduation/RISC-V-toolchain/riscv64-unknown-elf-gcc/bin/../lib/gcc/riscv64-unknown-elf/8.2.0/../../../../riscv64-unknown-elf/lib/rv32imac/ilp32/libc.a(lib_a-wsetup.o)
                0x0000000020016960                __swsetup_r
 .text          0x0000000020016a3c      0x1aa /home/stefan/Documents/Graduation/RISC-V-toolchain/riscv64-unknown-elf-gcc/bin/../lib/gcc/riscv64-unknown-elf/8.2.0/../../../../riscv64-unknown-elf/lib/rv32imac/ilp32/libc.a(lib_a-fflush.o)
                0x0000000020016a3c                __sflush_r
                0x0000000020016b96                _fflush_r
                0x0000000020016bc4                fflush
 .text          0x0000000020016be6      0x1e8 /home/stefan/Documents/Graduation/RISC-V-toolchain/riscv64-unknown-elf-gcc/bin/../lib/gcc/riscv64-unknown-elf/8.2.0/../../../../riscv64-unknown-elf/lib/rv32imac/ilp32/libc.a(lib_a-findfp.o)
                0x0000000020016c54                _cleanup_r
                0x0000000020016c64                __sfmoreglue
                0x0000000020016cac                _cleanup
                0x0000000020016cb4                __sinit
                0x0000000020016d02                __sfp
                0x0000000020016d9e                __sfp_lock_acquire
                0x0000000020016da0                __sfp_lock_release
                0x0000000020016da2                __sinit_lock_acquire
                0x0000000020016da4                __sinit_lock_release
                0x0000000020016da6                __fp_lock_all
                0x0000000020016dba                __fp_unlock_all
 .text          0x0000000020016dce      0x2a0 /home/stefan/Documents/Graduation/RISC-V-toolchain/riscv64-unknown-elf-gcc/bin/../lib/gcc/riscv64-unknown-elf/8.2.0/../../../../riscv64-unknown-elf/lib/rv32imac/ilp32/libc.a(lib_a-freer.o)
                0x0000000020016dce                _malloc_trim_r
                0x0000000020016e9e                _free_r
 .text          0x000000002001706e      0x2e0 /home/stefan/Documents/Graduation/RISC-V-toolchain/riscv64-unknown-elf-gcc/bin/../lib/gcc/riscv64-unknown-elf/8.2.0/../../../../riscv64-unknown-elf/lib/rv32imac/ilp32/libc.a(lib_a-fvwrite.o)
                0x000000002001706e                __sfvwrite_r
 .text          0x000000002001734e       0xce /home/stefan/Documents/Graduation/RISC-V-toolchain/riscv64-unknown-elf-gcc/bin/../lib/gcc/riscv64-unknown-elf/8.2.0/../../../../riscv64-unknown-elf/lib/rv32imac/ilp32/libc.a(lib_a-fwalk.o)
                0x000000002001734e                _fwalk
                0x00000000200173b0                _fwalk_reent
 .text          0x000000002001741c     0x1610 /home/stefan/Documents/Graduation/RISC-V-toolchain/riscv64-unknown-elf-gcc/bin/../lib/gcc/riscv64-unknown-elf/8.2.0/../../../../riscv64-unknown-elf/lib/rv32imac/ilp32/libc.a(lib_a-ldtoa.o)
                0x00000000200180fa                _ldtoa_r
                0x00000000200189ee                _ldcheck
 .text          0x0000000020018a2c       0x3e /home/stefan/Documents/Graduation/RISC-V-toolchain/riscv64-unknown-elf-gcc/bin/../lib/gcc/riscv64-unknown-elf/8.2.0/../../../../riscv64-unknown-elf/lib/rv32imac/ilp32/libc.a(lib_a-localeconv.o)
                0x0000000020018a2c                __localeconv_l
                0x0000000020018a32                _localeconv_r
                0x0000000020018a4e                localeconv
 .text          0x0000000020018a6a       0xa6 /home/stefan/Documents/Graduation/RISC-V-toolchain/riscv64-unknown-elf-gcc/bin/../lib/gcc/riscv64-unknown-elf/8.2.0/../../../../riscv64-unknown-elf/lib/rv32imac/ilp32/libc.a(lib_a-locale.o)
                0x0000000020018a6a                _setlocale_r
                0x0000000020018ac2                __locale_mb_cur_max
                0x0000000020018ade                __locale_ctype_ptr_l
                0x0000000020018ae4                __locale_ctype_ptr
                0x0000000020018b00                setlocale
 .text          0x0000000020018b10      0x104 /home/stefan/Documents/Graduation/RISC-V-toolchain/riscv64-unknown-elf-gcc/bin/../lib/gcc/riscv64-unknown-elf/8.2.0/../../../../riscv64-unknown-elf/lib/rv32imac/ilp32/libc.a(lib_a-makebuf.o)
                0x0000000020018b10                __swhatbuf_r
                0x0000000020018b76                __smakebuf_r
 .text          0x0000000020018c14      0x50e /home/stefan/Documents/Graduation/RISC-V-toolchain/riscv64-unknown-elf-gcc/bin/../lib/gcc/riscv64-unknown-elf/8.2.0/../../../../riscv64-unknown-elf/lib/rv32imac/ilp32/libc.a(lib_a-mallocr.o)
                0x0000000020018c14                _malloc_r
 .text          0x0000000020019122       0x56 /home/stefan/Documents/Graduation/RISC-V-toolchain/riscv64-unknown-elf-gcc/bin/../lib/gcc/riscv64-unknown-elf/8.2.0/../../../../riscv64-unknown-elf/lib/rv32imac/ilp32/libc.a(lib_a-mbtowc_r.o)
                0x0000000020019122                _mbtowc_r
                0x000000002001913e                __ascii_mbtowc
 .text          0x0000000020019178       0x1a /home/stefan/Documents/Graduation/RISC-V-toolchain/riscv64-unknown-elf-gcc/bin/../lib/gcc/riscv64-unknown-elf/8.2.0/../../../../riscv64-unknown-elf/lib/rv32imac/ilp32/libc.a(lib_a-memchr.o)
                0x0000000020019178                memchr
 .text          0x0000000020019192       0x4a /home/stefan/Documents/Graduation/RISC-V-toolchain/riscv64-unknown-elf-gcc/bin/../lib/gcc/riscv64-unknown-elf/8.2.0/../../../../riscv64-unknown-elf/lib/rv32imac/ilp32/libc.a(lib_a-memmove.o)
                0x0000000020019192                memmove
 .text          0x00000000200191dc       0xa8 /home/stefan/Documents/Graduation/RISC-V-toolchain/riscv64-unknown-elf-gcc/bin/../lib/gcc/riscv64-unknown-elf/8.2.0/../../../../riscv64-unknown-elf/lib/rv32imac/ilp32/libc.a(lib_a-memset.o)
                0x00000000200191dc                memset
 .text          0x0000000020019284        0x4 /home/stefan/Documents/Graduation/RISC-V-toolchain/riscv64-unknown-elf-gcc/bin/../lib/gcc/riscv64-unknown-elf/8.2.0/../../../../riscv64-unknown-elf/lib/rv32imac/ilp32/libc.a(lib_a-mlock.o)
                0x0000000020019284                __malloc_lock
                0x0000000020019286                __malloc_unlock
 .text          0x0000000020019288      0x93c /home/stefan/Documents/Graduation/RISC-V-toolchain/riscv64-unknown-elf-gcc/bin/../lib/gcc/riscv64-unknown-elf/8.2.0/../../../../riscv64-unknown-elf/lib/rv32imac/ilp32/libc.a(lib_a-mprec.o)
                0x0000000020019288                _Balloc
                0x00000000200192ee                _Bfree
                0x0000000020019302                __multadd
                0x0000000020019396                __s2b
                0x0000000020019436                __hi0bits
                0x000000002001947c                __lo0bits
                0x00000000200194e6                __i2b
                0x0000000020019500                __multiply
                0x0000000020019642                __pow5mult
                0x00000000200196d2                __lshift
                0x000000002001979c                __mcmp
                0x00000000200197ce                __mdiff
                0x00000000200198ba                __ulp
                0x0000000020019900                __b2d
                0x00000000200199b2                __d2b
                0x0000000020019a7e                __ratio
                0x0000000020019aee                _mprec_log10
                0x0000000020019b48                __copybits
                0x0000000020019b7e                __any_on
 .text          0x0000000020019bc4      0x3a0 /home/stefan/Documents/Graduation/RISC-V-toolchain/riscv64-unknown-elf-gcc/bin/../lib/gcc/riscv64-unknown-elf/8.2.0/../../../../riscv64-unknown-elf/lib/rv32imac/ilp32/libc.a(lib_a-reallocr.o)
                0x0000000020019bc4                _realloc_r
 .text          0x0000000020019f64       0x2a /home/stefan/Documents/Graduation/RISC-V-toolchain/riscv64-unknown-elf-gcc/bin/../lib/gcc/riscv64-unknown-elf/8.2.0/../../../../riscv64-unknown-elf/lib/rv32imac/ilp32/libc.a(lib_a-sbrkr.o)
                0x0000000020019f64                _sbrk_r
 .text          0x0000000020019f8e       0x7e /home/stefan/Documents/Graduation/RISC-V-toolchain/riscv64-unknown-elf-gcc/bin/../lib/gcc/riscv64-unknown-elf/8.2.0/../../../../riscv64-unknown-elf/lib/rv32imac/ilp32/libc.a(lib_a-s_frexp.o)
                0x0000000020019f8e                frexp
 .text          0x000000002001a00c       0x82 /home/stefan/Documents/Graduation/RISC-V-toolchain/riscv64-unknown-elf-gcc/bin/../lib/gcc/riscv64-unknown-elf/8.2.0/../../../../riscv64-unknown-elf/lib/rv32imac/ilp32/libc.a(lib_a-sprintf.o)
                0x000000002001a00c                _sprintf_r
                0x000000002001a046                sprintf
 .text          0x000000002001a08e       0xc8 /home/stefan/Documents/Graduation/RISC-V-toolchain/riscv64-unknown-elf-gcc/bin/../lib/gcc/riscv64-unknown-elf/8.2.0/../../../../riscv64-unknown-elf/lib/rv32imac/ilp32/libc.a(lib_a-stdio.o)
                0x000000002001a08e                __sread
                0x000000002001a0c0                __seofread
                0x000000002001a0c4                __swrite
                0x000000002001a116                __sseek
                0x000000002001a14e                __sclose
 .text          0x000000002001a156      0x11e /home/stefan/Documents/Graduation/RISC-V-toolchain/riscv64-unknown-elf-gcc/bin/../lib/gcc/riscv64-unknown-elf/8.2.0/../../../../riscv64-unknown-elf/lib/rv32imac/ilp32/libc.a(lib_a-strcmp.o)
                0x000000002001a156                strcmp
 .text          0x000000002001a274       0x12 /home/stefan/Documents/Graduation/RISC-V-toolchain/riscv64-unknown-elf-gcc/bin/../lib/gcc/riscv64-unknown-elf/8.2.0/../../../../riscv64-unknown-elf/lib/rv32imac/ilp32/libc.a(lib_a-strcpy.o)
                0x000000002001a274                strcpy
 .text          0x000000002001a286       0x24 /home/stefan/Documents/Graduation/RISC-V-toolchain/riscv64-unknown-elf-gcc/bin/../lib/gcc/riscv64-unknown-elf/8.2.0/../../../../riscv64-unknown-elf/lib/rv32imac/ilp32/libc.a(lib_a-strncpy.o)
                0x000000002001a286                strncpy
 .text          0x000000002001a2aa     0x15de /home/stefan/Documents/Graduation/RISC-V-toolchain/riscv64-unknown-elf-gcc/bin/../lib/gcc/riscv64-unknown-elf/8.2.0/../../../../riscv64-unknown-elf/lib/rv32imac/ilp32/libc.a(lib_a-svfprintf.o)
                0x000000002001a2aa                _svfprintf_r
 .text          0x000000002001b888      0xa2a /home/stefan/Documents/Graduation/RISC-V-toolchain/riscv64-unknown-elf-gcc/bin/../lib/gcc/riscv64-unknown-elf/8.2.0/../../../../riscv64-unknown-elf/lib/rv32imac/ilp32/libc.a(lib_a-vfiprintf.o)
                0x000000002001b888                __sprint_r
                0x000000002001b924                _vfiprintf_r
                0x000000002001c212                vfiprintf
 .text          0x000000002001c2b2       0x3c /home/stefan/Documents/Graduation/RISC-V-toolchain/riscv64-unknown-elf-gcc/bin/../lib/gcc/riscv64-unknown-elf/8.2.0/../../../../riscv64-unknown-elf/lib/rv32imac/ilp32/libc.a(lib_a-wctomb_r.o)
                0x000000002001c2b2                _wctomb_r
                0x000000002001c2ce                __ascii_wctomb
 .text          0x000000002001c2ee       0x2e /home/stefan/Documents/Graduation/RISC-V-toolchain/riscv64-unknown-elf-gcc/bin/../lib/gcc/riscv64-unknown-elf/8.2.0/../../../../riscv64-unknown-elf/lib/rv32imac/ilp32/libc.a(lib_a-writer.o)
                0x000000002001c2ee                _write_r
 .text          0x000000002001c31c       0x78 /home/stefan/Documents/Graduation/RISC-V-toolchain/riscv64-unknown-elf-gcc/bin/../lib/gcc/riscv64-unknown-elf/8.2.0/../../../../riscv64-unknown-elf/lib/rv32imac/ilp32/libc.a(lib_a-callocr.o)
                0x000000002001c31c                _calloc_r
 .text          0x000000002001c394       0x2a /home/stefan/Documents/Graduation/RISC-V-toolchain/riscv64-unknown-elf-gcc/bin/../lib/gcc/riscv64-unknown-elf/8.2.0/../../../../riscv64-unknown-elf/lib/rv32imac/ilp32/libc.a(lib_a-closer.o)
                0x000000002001c394                _close_r
 .text          0x000000002001c3be       0x9c /home/stefan/Documents/Graduation/RISC-V-toolchain/riscv64-unknown-elf-gcc/bin/../lib/gcc/riscv64-unknown-elf/8.2.0/../../../../riscv64-unknown-elf/lib/rv32imac/ilp32/libc.a(lib_a-fclose.o)
                0x000000002001c3be                _fclose_r
                0x000000002001c44c                fclose
 .text          0x000000002001c45a      0x106 /home/stefan/Documents/Graduation/RISC-V-toolchain/riscv64-unknown-elf-gcc/bin/../lib/gcc/riscv64-unknown-elf/8.2.0/../../../../riscv64-unknown-elf/lib/rv32imac/ilp32/libc.a(lib_a-fputwc.o)
                0x000000002001c45a                __fputwc
                0x000000002001c50e                _fputwc_r
                0x000000002001c52c                fputwc
 .text          0x000000002001c560       0x2c /home/stefan/Documents/Graduation/RISC-V-toolchain/riscv64-unknown-elf-gcc/bin/../lib/gcc/riscv64-unknown-elf/8.2.0/../../../../riscv64-unknown-elf/lib/rv32imac/ilp32/libc.a(lib_a-fstatr.o)
                0x000000002001c560                _fstat_r
 .text          0x000000002001c58c       0x2a /home/stefan/Documents/Graduation/RISC-V-toolchain/riscv64-unknown-elf-gcc/bin/../lib/gcc/riscv64-unknown-elf/8.2.0/../../../../riscv64-unknown-elf/lib/rv32imac/ilp32/libc.a(lib_a-isattyr.o)
                0x000000002001c58c                _isatty_r
 .text          0x000000002001c5b6       0x2e /home/stefan/Documents/Graduation/RISC-V-toolchain/riscv64-unknown-elf-gcc/bin/../lib/gcc/riscv64-unknown-elf/8.2.0/../../../../riscv64-unknown-elf/lib/rv32imac/ilp32/libc.a(lib_a-lseekr.o)
                0x000000002001c5b6                _lseek_r
 .text          0x000000002001c5e4       0x2e /home/stefan/Documents/Graduation/RISC-V-toolchain/riscv64-unknown-elf-gcc/bin/../lib/gcc/riscv64-unknown-elf/8.2.0/../../../../riscv64-unknown-elf/lib/rv32imac/ilp32/libc.a(lib_a-readr.o)
                0x000000002001c5e4                _read_r
 .text          0x000000002001c612      0x9ce /home/stefan/Documents/Graduation/RISC-V-toolchain/riscv64-unknown-elf-gcc/bin/../lib/gcc/riscv64-unknown-elf/8.2.0/../../../../riscv64-unknown-elf/lib/rv32imac/ilp32/libc.a(lib_a-svfiprintf.o)
                0x000000002001c612                __ssprint_r
                0x000000002001c746                _svfiprintf_r
 .text          0x000000002001cfe0       0x70 /home/stefan/Documents/Graduation/RISC-V-toolchain/riscv64-unknown-elf-gcc/bin/../lib/gcc/riscv64-unknown-elf/8.2.0/../../../../riscv64-unknown-elf/lib/rv32imac/ilp32/libc.a(lib_a-wcrtomb.o)
                0x000000002001cfe0                _wcrtomb_r
                0x000000002001d03e                wcrtomb
 .text          0x000000002001d050      0x35e /home/stefan/Documents/Graduation/RISC-V-toolchain/riscv64-unknown-elf-gcc/bin/../lib/gcc/riscv64-unknown-elf/8.2.0/rv32imac/ilp32/libgcc.a(_udivdi3.o)
                0x000000002001d050                __udivdi3
 .text          0x000000002001d3ae      0x352 /home/stefan/Documents/Graduation/RISC-V-toolchain/riscv64-unknown-elf-gcc/bin/../lib/gcc/riscv64-unknown-elf/8.2.0/rv32imac/ilp32/libgcc.a(_umoddi3.o)
                0x000000002001d3ae                __umoddi3
 .text          0x000000002001d700      0x54a /home/stefan/Documents/Graduation/RISC-V-toolchain/riscv64-unknown-elf-gcc/bin/../lib/gcc/riscv64-unknown-elf/8.2.0/rv32imac/ilp32/libgcc.a(divdf3.o)
                0x000000002001d700                __divdf3
 .text          0x000000002001dc4a      0x450 /home/stefan/Documents/Graduation/RISC-V-toolchain/riscv64-unknown-elf-gcc/bin/../lib/gcc/riscv64-unknown-elf/8.2.0/rv32imac/ilp32/libgcc.a(muldf3.o)
                0x000000002001dc4a                __muldf3
 .text          0x000000002001e09a       0xa6 /home/stefan/Documents/Graduation/RISC-V-toolchain/riscv64-unknown-elf-gcc/bin/../lib/gcc/riscv64-unknown-elf/8.2.0/rv32imac/ilp32/libgcc.a(eqtf2.o)
                0x000000002001e09a                __eqtf2
                0x000000002001e09a                __netf2
 .text          0x000000002001e140       0xfa /home/stefan/Documents/Graduation/RISC-V-toolchain/riscv64-unknown-elf-gcc/bin/../lib/gcc/riscv64-unknown-elf/8.2.0/rv32imac/ilp32/libgcc.a(getf2.o)
                0x000000002001e140                __getf2
                0x000000002001e140                __gttf2
 .text          0x000000002001e23a       0xfa /home/stefan/Documents/Graduation/RISC-V-toolchain/riscv64-unknown-elf-gcc/bin/../lib/gcc/riscv64-unknown-elf/8.2.0/rv32imac/ilp32/libgcc.a(letf2.o)
                0x000000002001e23a                __letf2
                0x000000002001e23a                __lttf2
 .text          0x000000002001e334      0xb3c /home/stefan/Documents/Graduation/RISC-V-toolchain/riscv64-unknown-elf-gcc/bin/../lib/gcc/riscv64-unknown-elf/8.2.0/rv32imac/ilp32/libgcc.a(multf3.o)
                0x000000002001e334                __multf3
 .text          0x000000002001ee70      0xe5c /home/stefan/Documents/Graduation/RISC-V-toolchain/riscv64-unknown-elf-gcc/bin/../lib/gcc/riscv64-unknown-elf/8.2.0/rv32imac/ilp32/libgcc.a(subtf3.o)
                0x000000002001ee70                __subtf3
 .text          0x000000002001fccc       0xec /home/stefan/Documents/Graduation/RISC-V-toolchain/riscv64-unknown-elf-gcc/bin/../lib/gcc/riscv64-unknown-elf/8.2.0/rv32imac/ilp32/libgcc.a(fixtfsi.o)
                0x000000002001fccc                __fixtfsi
 .text          0x000000002001fdb8       0xf8 /home/stefan/Documents/Graduation/RISC-V-toolchain/riscv64-unknown-elf-gcc/bin/../lib/gcc/riscv64-unknown-elf/8.2.0/rv32imac/ilp32/libgcc.a(floatsitf.o)
                0x000000002001fdb8                __floatsitf
 .text          0x000000002001feb0      0x152 /home/stefan/Documents/Graduation/RISC-V-toolchain/riscv64-unknown-elf-gcc/bin/../lib/gcc/riscv64-unknown-elf/8.2.0/rv32imac/ilp32/libgcc.a(extenddftf2.o)
                0x000000002001feb0                __extenddftf2
 .text          0x0000000020020002      0x230 /home/stefan/Documents/Graduation/RISC-V-toolchain/riscv64-unknown-elf-gcc/bin/../lib/gcc/riscv64-unknown-elf/8.2.0/rv32imac/ilp32/libgcc.a(trunctfdf2.o)
                0x0000000020020002                __trunctfdf2
 .text          0x0000000020020232       0x3c /home/stefan/Documents/Graduation/RISC-V-toolchain/riscv64-unknown-elf-gcc/bin/../lib/gcc/riscv64-unknown-elf/8.2.0/rv32imac/ilp32/libgcc.a(_clzsi2.o)
                0x0000000020020232                __clzsi2
 *fill*         0x000000002002026e        0x2 
 .text.metal.init.trapvec
                0x0000000020020270        0x2 /home/stefan/Documents/Graduation/RISC-V-toolchain/freedom-e-sdk/bsp/sifive-hifive1-revb/install/lib/debug//libmetal.a(libriscv__mmachine__sifive-hifive1-revb_a-entry.o)
 .text._close   0x0000000020020272       0x22 /home/stefan/Documents/Graduation/RISC-V-toolchain/freedom-e-sdk/bsp/sifive-hifive1-revb/install/lib/debug//libmetal-gloss.a(sys_close.o)
                0x0000000020020272                _close
 .text._fstat   0x0000000020020294       0x26 /home/stefan/Documents/Graduation/RISC-V-toolchain/freedom-e-sdk/bsp/sifive-hifive1-revb/install/lib/debug//libmetal-gloss.a(sys_fstat.o)
                0x0000000020020294                _fstat
 .text._isatty  0x00000000200202ba       0x20 /home/stefan/Documents/Graduation/RISC-V-toolchain/freedom-e-sdk/bsp/sifive-hifive1-revb/install/lib/debug//libmetal-gloss.a(sys_isatty.o)
                0x00000000200202ba                _isatty
 .text._lseek   0x00000000200202da       0x2a /home/stefan/Documents/Graduation/RISC-V-toolchain/freedom-e-sdk/bsp/sifive-hifive1-revb/install/lib/debug//libmetal-gloss.a(sys_lseek.o)
                0x00000000200202da                _lseek
 .text._read    0x0000000020020304       0x2a /home/stefan/Documents/Graduation/RISC-V-toolchain/freedom-e-sdk/bsp/sifive-hifive1-revb/install/lib/debug//libmetal-gloss.a(sys_read.o)
                0x0000000020020304                _read
 .text._sbrk    0x000000002002032e       0x64 /home/stefan/Documents/Graduation/RISC-V-toolchain/freedom-e-sdk/bsp/sifive-hifive1-revb/install/lib/debug//libmetal-gloss.a(sys_sbrk.o)
                0x000000002002032e                _sbrk
 .text._write   0x0000000020020392       0x6e /home/stefan/Documents/Graduation/RISC-V-toolchain/freedom-e-sdk/bsp/sifive-hifive1-revb/install/lib/debug//libmetal-gloss.a(sys_write.o)
                0x0000000020020392                _write
 .text          0x0000000020020400        0xa /home/stefan/Documents/Graduation/RISC-V-toolchain/riscv64-unknown-elf-gcc/bin/../lib/gcc/riscv64-unknown-elf/8.2.0/../../../../riscv64-unknown-elf/lib/rv32imac/ilp32/libc.a(lib_a-atexit.o)
                0x0000000020020400                atexit
 .text          0x000000002002040a        0xc /home/stefan/Documents/Graduation/RISC-V-toolchain/riscv64-unknown-elf-gcc/bin/../lib/gcc/riscv64-unknown-elf/8.2.0/../../../../riscv64-unknown-elf/lib/rv32imac/ilp32/libc.a(lib_a-errno.o)
                0x000000002002040a                __errno
 .text          0x0000000020020416       0x1e /home/stefan/Documents/Graduation/RISC-V-toolchain/riscv64-unknown-elf-gcc/bin/../lib/gcc/riscv64-unknown-elf/8.2.0/../../../../riscv64-unknown-elf/lib/rv32imac/ilp32/libc.a(lib_a-exit.o)
                0x0000000020020416                exit
 .text          0x0000000020020434       0x3a /home/stefan/Documents/Graduation/RISC-V-toolchain/riscv64-unknown-elf-gcc/bin/../lib/gcc/riscv64-unknown-elf/8.2.0/../../../../riscv64-unknown-elf/lib/rv32imac/ilp32/libc.a(lib_a-fini.o)
                0x0000000020020434                __libc_fini_array
 .text          0x000000002002046e       0x6e /home/stefan/Documents/Graduation/RISC-V-toolchain/riscv64-unknown-elf-gcc/bin/../lib/gcc/riscv64-unknown-elf/8.2.0/../../../../riscv64-unknown-elf/lib/rv32imac/ilp32/libc.a(lib_a-init.o)
                0x000000002002046e                __libc_init_array
 .text          0x00000000200204dc       0x62 /home/stefan/Documents/Graduation/RISC-V-toolchain/riscv64-unknown-elf-gcc/bin/../lib/gcc/riscv64-unknown-elf/8.2.0/../../../../riscv64-unknown-elf/lib/rv32imac/ilp32/libc.a(lib_a-__atexit.o)
                0x00000000200204dc                __register_exitproc
 .text          0x000000002002053e       0xae /home/stefan/Documents/Graduation/RISC-V-toolchain/riscv64-unknown-elf-gcc/bin/../lib/gcc/riscv64-unknown-elf/8.2.0/../../../../riscv64-unknown-elf/lib/rv32imac/ilp32/libc.a(lib_a-__call_atexit.o)
                0x000000002002053e                __call_exitprocs
 .text.metal_tty_putc
                0x00000000200205ec       0x50 /home/stefan/Documents/Graduation/RISC-V-toolchain/freedom-e-sdk/bsp/sifive-hifive1-revb/install/lib/debug//libmetal.a(libriscv__mmachine__sifive-hifive1-revb_a-tty.o)
                0x00000000200205ec                metal_tty_putc
 .text.metal_tty_init
                0x000000002002063c       0x22 /home/stefan/Documents/Graduation/RISC-V-toolchain/freedom-e-sdk/bsp/sifive-hifive1-revb/install/lib/debug//libmetal.a(libriscv__mmachine__sifive-hifive1-revb_a-tty.o)
 .text.metal_uart_init
                0x000000002002065e       0x2a /home/stefan/Documents/Graduation/RISC-V-toolchain/freedom-e-sdk/bsp/sifive-hifive1-revb/install/lib/debug//libmetal.a(libriscv__mmachine__sifive-hifive1-revb_a-uart.o)
                0x000000002002065e                metal_uart_init
 .text.metal_uart_putc
                0x0000000020020688       0x32 /home/stefan/Documents/Graduation/RISC-V-toolchain/freedom-e-sdk/bsp/sifive-hifive1-revb/install/lib/debug//libmetal.a(libriscv__mmachine__sifive-hifive1-revb_a-uart.o)
                0x0000000020020688                metal_uart_putc
 .text.metal_uart_set_baud_rate
                0x00000000200206ba       0x2e /home/stefan/Documents/Graduation/RISC-V-toolchain/freedom-e-sdk/bsp/sifive-hifive1-revb/install/lib/debug//libmetal.a(libriscv__mmachine__sifive-hifive1-revb_a-uart.o)
                0x00000000200206ba                metal_uart_set_baud_rate
 .text.__metal_driver_fixed_clock_get_rate_hz
                0x00000000200206e8       0x20 /home/stefan/Documents/Graduation/RISC-V-toolchain/freedom-e-sdk/bsp/sifive-hifive1-revb/install/lib/debug//libmetal.a(libriscv__mmachine__sifive-hifive1-revb_a-fixed-clock.o)
                0x00000000200206e8                __metal_driver_fixed_clock_get_rate_hz
 .text.__metal_driver_fixed_clock_set_rate_hz
                0x0000000020020708       0x24 /home/stefan/Documents/Graduation/RISC-V-toolchain/freedom-e-sdk/bsp/sifive-hifive1-revb/install/lib/debug//libmetal.a(libriscv__mmachine__sifive-hifive1-revb_a-fixed-clock.o)
                0x0000000020020708                __metal_driver_fixed_clock_set_rate_hz
 .text.__metal_clint0_mtime_get
                0x000000002002072c       0x76 /home/stefan/Documents/Graduation/RISC-V-toolchain/freedom-e-sdk/bsp/sifive-hifive1-revb/install/lib/debug//libmetal.a(libriscv__mmachine__sifive-hifive1-revb_a-riscv,clint0.o)
                0x000000002002072c                __metal_clint0_mtime_get
 .text.__metal_clint0_mtime_set
                0x00000000200207a2       0x58 /home/stefan/Documents/Graduation/RISC-V-toolchain/freedom-e-sdk/bsp/sifive-hifive1-revb/install/lib/debug//libmetal.a(libriscv__mmachine__sifive-hifive1-revb_a-riscv,clint0.o)
                0x00000000200207a2                __metal_clint0_mtime_set
 .text.__metal_driver_riscv_clint0_init
                0x00000000200207fa       0x7e /home/stefan/Documents/Graduation/RISC-V-toolchain/freedom-e-sdk/bsp/sifive-hifive1-revb/install/lib/debug//libmetal.a(libriscv__mmachine__sifive-hifive1-revb_a-riscv,clint0.o)
                0x00000000200207fa                __metal_driver_riscv_clint0_init
 .text.__metal_driver_riscv_clint0_register
                0x0000000020020878       0x62 /home/stefan/Documents/Graduation/RISC-V-toolchain/freedom-e-sdk/bsp/sifive-hifive1-revb/install/lib/debug//libmetal.a(libriscv__mmachine__sifive-hifive1-revb_a-riscv,clint0.o)
                0x0000000020020878                __metal_driver_riscv_clint0_register
 .text.__metal_driver_riscv_clint0_enable
                0x00000000200208da       0x56 /home/stefan/Documents/Graduation/RISC-V-toolchain/freedom-e-sdk/bsp/sifive-hifive1-revb/install/lib/debug//libmetal.a(libriscv__mmachine__sifive-hifive1-revb_a-riscv,clint0.o)
                0x00000000200208da                __metal_driver_riscv_clint0_enable
 .text.__metal_driver_riscv_clint0_disable
                0x0000000020020930       0x56 /home/stefan/Documents/Graduation/RISC-V-toolchain/freedom-e-sdk/bsp/sifive-hifive1-revb/install/lib/debug//libmetal.a(libriscv__mmachine__sifive-hifive1-revb_a-riscv,clint0.o)
                0x0000000020020930                __metal_driver_riscv_clint0_disable
 .text.__metal_driver_riscv_clint0_command_request
                0x0000000020020986      0x126 /home/stefan/Documents/Graduation/RISC-V-toolchain/freedom-e-sdk/bsp/sifive-hifive1-revb/install/lib/debug//libmetal.a(libriscv__mmachine__sifive-hifive1-revb_a-riscv,clint0.o)
                0x0000000020020986                __metal_driver_riscv_clint0_command_request
 .text.__metal_driver_cpu_get
                0x0000000020020aac       0x2c /home/stefan/Documents/Graduation/RISC-V-toolchain/freedom-e-sdk/bsp/sifive-hifive1-revb/install/lib/debug//libmetal.a(libriscv__mmachine__sifive-hifive1-revb_a-riscv,cpu.o)
                0x0000000020020aac                __metal_driver_cpu_get
 .text.__metal_myhart_id
                0x0000000020020ad8       0x1a /home/stefan/Documents/Graduation/RISC-V-toolchain/freedom-e-sdk/bsp/sifive-hifive1-revb/install/lib/debug//libmetal.a(libriscv__mmachine__sifive-hifive1-revb_a-riscv,cpu.o)
                0x0000000020020ad8                __metal_myhart_id
 .text.__metal_interrupt_global_enable
                0x0000000020020af2       0x18 /home/stefan/Documents/Graduation/RISC-V-toolchain/freedom-e-sdk/bsp/sifive-hifive1-revb/install/lib/debug//libmetal.a(libriscv__mmachine__sifive-hifive1-revb_a-riscv,cpu.o)
                0x0000000020020af2                __metal_interrupt_global_enable
 .text.__metal_interrupt_global_disable
                0x0000000020020b0a       0x18 /home/stefan/Documents/Graduation/RISC-V-toolchain/freedom-e-sdk/bsp/sifive-hifive1-revb/install/lib/debug//libmetal.a(libriscv__mmachine__sifive-hifive1-revb_a-riscv,cpu.o)
                0x0000000020020b0a                __metal_interrupt_global_disable
 .text.__metal_interrupt_software_enable
                0x0000000020020b22       0x18 /home/stefan/Documents/Graduation/RISC-V-toolchain/freedom-e-sdk/bsp/sifive-hifive1-revb/install/lib/debug//libmetal.a(libriscv__mmachine__sifive-hifive1-revb_a-riscv,cpu.o)
                0x0000000020020b22                __metal_interrupt_software_enable
 .text.__metal_interrupt_software_disable
                0x0000000020020b3a       0x18 /home/stefan/Documents/Graduation/RISC-V-toolchain/freedom-e-sdk/bsp/sifive-hifive1-revb/install/lib/debug//libmetal.a(libriscv__mmachine__sifive-hifive1-revb_a-riscv,cpu.o)
                0x0000000020020b3a                __metal_interrupt_software_disable
 .text.__metal_interrupt_timer_enable
                0x0000000020020b52       0x1a /home/stefan/Documents/Graduation/RISC-V-toolchain/freedom-e-sdk/bsp/sifive-hifive1-revb/install/lib/debug//libmetal.a(libriscv__mmachine__sifive-hifive1-revb_a-riscv,cpu.o)
                0x0000000020020b52                __metal_interrupt_timer_enable
 .text.__metal_interrupt_timer_disable
                0x0000000020020b6c       0x1a /home/stefan/Documents/Graduation/RISC-V-toolchain/freedom-e-sdk/bsp/sifive-hifive1-revb/install/lib/debug//libmetal.a(libriscv__mmachine__sifive-hifive1-revb_a-riscv,cpu.o)
                0x0000000020020b6c                __metal_interrupt_timer_disable
 .text.__metal_interrupt_external_enable
                0x0000000020020b86       0x1c /home/stefan/Documents/Graduation/RISC-V-toolchain/freedom-e-sdk/bsp/sifive-hifive1-revb/install/lib/debug//libmetal.a(libriscv__mmachine__sifive-hifive1-revb_a-riscv,cpu.o)
                0x0000000020020b86                __metal_interrupt_external_enable
 .text.__metal_interrupt_external_disable
                0x0000000020020ba2       0x1c /home/stefan/Documents/Graduation/RISC-V-toolchain/freedom-e-sdk/bsp/sifive-hifive1-revb/install/lib/debug//libmetal.a(libriscv__mmachine__sifive-hifive1-revb_a-riscv,cpu.o)
                0x0000000020020ba2                __metal_interrupt_external_disable
 .text.__metal_interrupt_local_enable
                0x0000000020020bbe       0x2c /home/stefan/Documents/Graduation/RISC-V-toolchain/freedom-e-sdk/bsp/sifive-hifive1-revb/install/lib/debug//libmetal.a(libriscv__mmachine__sifive-hifive1-revb_a-riscv,cpu.o)
                0x0000000020020bbe                __metal_interrupt_local_enable
 .text.__metal_interrupt_local_disable
                0x0000000020020bea       0x2c /home/stefan/Documents/Graduation/RISC-V-toolchain/freedom-e-sdk/bsp/sifive-hifive1-revb/install/lib/debug//libmetal.a(libriscv__mmachine__sifive-hifive1-revb_a-riscv,cpu.o)
                0x0000000020020bea                __metal_interrupt_local_disable
 .text.__metal_default_exception_handler
                0x0000000020020c16       0x18 /home/stefan/Documents/Graduation/RISC-V-toolchain/freedom-e-sdk/bsp/sifive-hifive1-revb/install/lib/debug//libmetal.a(libriscv__mmachine__sifive-hifive1-revb_a-riscv,cpu.o)
                0x0000000020020c16                __metal_default_exception_handler
 .text.__metal_default_interrupt_handler
                0x0000000020020c2e       0x18 /home/stefan/Documents/Graduation/RISC-V-toolchain/freedom-e-sdk/bsp/sifive-hifive1-revb/install/lib/debug//libmetal.a(libriscv__mmachine__sifive-hifive1-revb_a-riscv,cpu.o)
                0x0000000020020c2e                __metal_default_interrupt_handler
 .text.__metal_default_sw_handler
                0x0000000020020c46       0x66 /home/stefan/Documents/Graduation/RISC-V-toolchain/freedom-e-sdk/bsp/sifive-hifive1-revb/install/lib/debug//libmetal.a(libriscv__mmachine__sifive-hifive1-revb_a-riscv,cpu.o)
                0x0000000020020c46                __metal_default_sw_handler
 .text.__metal_default_timer_handler
                0x0000000020020cac       0x6a /home/stefan/Documents/Graduation/RISC-V-toolchain/freedom-e-sdk/bsp/sifive-hifive1-revb/install/lib/debug//libmetal.a(libriscv__mmachine__sifive-hifive1-revb_a-riscv,cpu.o)
                0x0000000020020cac                __metal_default_timer_handler
 *fill*         0x0000000020020d16       0x6a 
 .text.__metal_exception_handler
                0x0000000020020d80      0x17a /home/stefan/Documents/Graduation/RISC-V-toolchain/freedom-e-sdk/bsp/sifive-hifive1-revb/install/lib/debug//libmetal.a(libriscv__mmachine__sifive-hifive1-revb_a-riscv,cpu.o)
                0x0000000020020d80                __metal_exception_handler
 .text.__metal_controller_interrupt_vector
                0x0000000020020efa       0xa6 /home/stefan/Documents/Graduation/RISC-V-toolchain/freedom-e-sdk/bsp/sifive-hifive1-revb/install/lib/debug//libmetal.a(libriscv__mmachine__sifive-hifive1-revb_a-riscv,cpu.o)
                0x0000000020020efa                __metal_controller_interrupt_vector
 .text.__metal_valid_interrupt_id
                0x0000000020020fa0       0x38 /home/stefan/Documents/Graduation/RISC-V-toolchain/freedom-e-sdk/bsp/sifive-hifive1-revb/install/lib/debug//libmetal.a(libriscv__mmachine__sifive-hifive1-revb_a-riscv,cpu.o)
                0x0000000020020fa0                __metal_valid_interrupt_id
 .text.__metal_local_interrupt_enable
                0x0000000020020fd8       0xb6 /home/stefan/Documents/Graduation/RISC-V-toolchain/freedom-e-sdk/bsp/sifive-hifive1-revb/install/lib/debug//libmetal.a(libriscv__mmachine__sifive-hifive1-revb_a-riscv,cpu.o)
                0x0000000020020fd8                __metal_local_interrupt_enable
 .text.__metal_exception_register
                0x000000002002108e       0x4e /home/stefan/Documents/Graduation/RISC-V-toolchain/freedom-e-sdk/bsp/sifive-hifive1-revb/install/lib/debug//libmetal.a(libriscv__mmachine__sifive-hifive1-revb_a-riscv,cpu.o)
                0x000000002002108e                __metal_exception_register
 .text.__metal_driver_riscv_cpu_controller_interrupt_init
                0x00000000200210dc       0xf6 /home/stefan/Documents/Graduation/RISC-V-toolchain/freedom-e-sdk/bsp/sifive-hifive1-revb/install/lib/debug//libmetal.a(libriscv__mmachine__sifive-hifive1-revb_a-riscv,cpu.o)
                0x00000000200210dc                __metal_driver_riscv_cpu_controller_interrupt_init
 .text.__metal_driver_riscv_cpu_controller_interrupt_register
                0x00000000200211d2      0x14a /home/stefan/Documents/Graduation/RISC-V-toolchain/freedom-e-sdk/bsp/sifive-hifive1-revb/install/lib/debug//libmetal.a(libriscv__mmachine__sifive-hifive1-revb_a-riscv,cpu.o)
                0x00000000200211d2                __metal_driver_riscv_cpu_controller_interrupt_register
 .text.__metal_driver_riscv_cpu_controller_interrupt_enable
                0x000000002002131c       0x2c /home/stefan/Documents/Graduation/RISC-V-toolchain/freedom-e-sdk/bsp/sifive-hifive1-revb/install/lib/debug//libmetal.a(libriscv__mmachine__sifive-hifive1-revb_a-riscv,cpu.o)
                0x000000002002131c                __metal_driver_riscv_cpu_controller_interrupt_enable
 .text.__metal_driver_riscv_cpu_controller_interrupt_disable
                0x0000000020021348       0x2c /home/stefan/Documents/Graduation/RISC-V-toolchain/freedom-e-sdk/bsp/sifive-hifive1-revb/install/lib/debug//libmetal.a(libriscv__mmachine__sifive-hifive1-revb_a-riscv,cpu.o)
                0x0000000020021348                __metal_driver_riscv_cpu_controller_interrupt_disable
 .text.__metal_driver_riscv_cpu_controller_interrupt_enable_vector
                0x0000000020021374       0x66 /home/stefan/Documents/Graduation/RISC-V-toolchain/freedom-e-sdk/bsp/sifive-hifive1-revb/install/lib/debug//libmetal.a(libriscv__mmachine__sifive-hifive1-revb_a-riscv,cpu.o)
                0x0000000020021374                __metal_driver_riscv_cpu_controller_interrupt_enable_vector
 .text.__metal_driver_riscv_cpu_controller_interrupt_disable_vector
                0x00000000200213da       0x3c /home/stefan/Documents/Graduation/RISC-V-toolchain/freedom-e-sdk/bsp/sifive-hifive1-revb/install/lib/debug//libmetal.a(libriscv__mmachine__sifive-hifive1-revb_a-riscv,cpu.o)
                0x00000000200213da                __metal_driver_riscv_cpu_controller_interrupt_disable_vector
 .text.__metal_driver_riscv_cpu_controller_command_request
                0x0000000020021416       0x1c /home/stefan/Documents/Graduation/RISC-V-toolchain/freedom-e-sdk/bsp/sifive-hifive1-revb/install/lib/debug//libmetal.a(libriscv__mmachine__sifive-hifive1-revb_a-riscv,cpu.o)
                0x0000000020021416                __metal_driver_riscv_cpu_controller_command_request
 .text.__metal_driver_cpu_timer_get
                0x0000000020021432       0x72 /home/stefan/Documents/Graduation/RISC-V-toolchain/freedom-e-sdk/bsp/sifive-hifive1-revb/install/lib/debug//libmetal.a(libriscv__mmachine__sifive-hifive1-revb_a-riscv,cpu.o)
                0x0000000020021432                __metal_driver_cpu_timer_get
 .text.__metal_driver_cpu_timebase_get
                0x00000000200214a4       0x34 /home/stefan/Documents/Graduation/RISC-V-toolchain/freedom-e-sdk/bsp/sifive-hifive1-revb/install/lib/debug//libmetal.a(libriscv__mmachine__sifive-hifive1-revb_a-riscv,cpu.o)
                0x00000000200214a4                __metal_driver_cpu_timebase_get
 .text.__metal_driver_cpu_mtime_get
                0x00000000200214d8       0x6e /home/stefan/Documents/Graduation/RISC-V-toolchain/freedom-e-sdk/bsp/sifive-hifive1-revb/install/lib/debug//libmetal.a(libriscv__mmachine__sifive-hifive1-revb_a-riscv,cpu.o)
                0x00000000200214d8                __metal_driver_cpu_mtime_get
 .text.__metal_driver_cpu_mtimecmp_set
                0x0000000020021546       0x6e /home/stefan/Documents/Graduation/RISC-V-toolchain/freedom-e-sdk/bsp/sifive-hifive1-revb/install/lib/debug//libmetal.a(libriscv__mmachine__sifive-hifive1-revb_a-riscv,cpu.o)
                0x0000000020021546                __metal_driver_cpu_mtimecmp_set
 .text.__metal_driver_cpu_timer_controller_interrupt
                0x00000000200215b4       0x1a /home/stefan/Documents/Graduation/RISC-V-toolchain/freedom-e-sdk/bsp/sifive-hifive1-revb/install/lib/debug//libmetal.a(libriscv__mmachine__sifive-hifive1-revb_a-riscv,cpu.o)
                0x00000000200215b4                __metal_driver_cpu_timer_controller_interrupt
 .text.__metal_driver_cpu_get_timer_interrupt_id
                0x00000000200215ce       0x14 /home/stefan/Documents/Graduation/RISC-V-toolchain/freedom-e-sdk/bsp/sifive-hifive1-revb/install/lib/debug//libmetal.a(libriscv__mmachine__sifive-hifive1-revb_a-riscv,cpu.o)
                0x00000000200215ce                __metal_driver_cpu_get_timer_interrupt_id
 .text.__metal_driver_cpu_sw_controller_interrupt
                0x00000000200215e2       0x1a /home/stefan/Documents/Graduation/RISC-V-toolchain/freedom-e-sdk/bsp/sifive-hifive1-revb/install/lib/debug//libmetal.a(libriscv__mmachine__sifive-hifive1-revb_a-riscv,cpu.o)
                0x00000000200215e2                __metal_driver_cpu_sw_controller_interrupt
 .text.__metal_driver_cpu_get_sw_interrupt_id
                0x00000000200215fc       0x14 /home/stefan/Documents/Graduation/RISC-V-toolchain/freedom-e-sdk/bsp/sifive-hifive1-revb/install/lib/debug//libmetal.a(libriscv__mmachine__sifive-hifive1-revb_a-riscv,cpu.o)
                0x00000000200215fc                __metal_driver_cpu_get_sw_interrupt_id
 .text.__metal_driver_cpu_set_sw_ipi
                0x0000000020021610       0x6a /home/stefan/Documents/Graduation/RISC-V-toolchain/freedom-e-sdk/bsp/sifive-hifive1-revb/install/lib/debug//libmetal.a(libriscv__mmachine__sifive-hifive1-revb_a-riscv,cpu.o)
                0x0000000020021610                __metal_driver_cpu_set_sw_ipi
 .text.__metal_driver_cpu_clear_sw_ipi
                0x000000002002167a       0x6a /home/stefan/Documents/Graduation/RISC-V-toolchain/freedom-e-sdk/bsp/sifive-hifive1-revb/install/lib/debug//libmetal.a(libriscv__mmachine__sifive-hifive1-revb_a-riscv,cpu.o)
                0x000000002002167a                __metal_driver_cpu_clear_sw_ipi
 .text.__metal_driver_cpu_get_msip
                0x00000000200216e4       0x68 /home/stefan/Documents/Graduation/RISC-V-toolchain/freedom-e-sdk/bsp/sifive-hifive1-revb/install/lib/debug//libmetal.a(libriscv__mmachine__sifive-hifive1-revb_a-riscv,cpu.o)
                0x00000000200216e4                __metal_driver_cpu_get_msip
 .text.__metal_driver_cpu_controller_interrupt
                0x000000002002174c       0x20 /home/stefan/Documents/Graduation/RISC-V-toolchain/freedom-e-sdk/bsp/sifive-hifive1-revb/install/lib/debug//libmetal.a(libriscv__mmachine__sifive-hifive1-revb_a-riscv,cpu.o)
                0x000000002002174c                __metal_driver_cpu_controller_interrupt
 .text.__metal_driver_cpu_exception_register
                0x000000002002176c       0x48 /home/stefan/Documents/Graduation/RISC-V-toolchain/freedom-e-sdk/bsp/sifive-hifive1-revb/install/lib/debug//libmetal.a(libriscv__mmachine__sifive-hifive1-revb_a-riscv,cpu.o)
                0x000000002002176c                __metal_driver_cpu_exception_register
 .text.__metal_driver_cpu_get_instruction_length
                0x00000000200217b4       0x28 /home/stefan/Documents/Graduation/RISC-V-toolchain/freedom-e-sdk/bsp/sifive-hifive1-revb/install/lib/debug//libmetal.a(libriscv__mmachine__sifive-hifive1-revb_a-riscv,cpu.o)
                0x00000000200217b4                __metal_driver_cpu_get_instruction_length
 .text.__metal_driver_cpu_get_exception_pc
                0x00000000200217dc       0x1e /home/stefan/Documents/Graduation/RISC-V-toolchain/freedom-e-sdk/bsp/sifive-hifive1-revb/install/lib/debug//libmetal.a(libriscv__mmachine__sifive-hifive1-revb_a-riscv,cpu.o)
                0x00000000200217dc                __metal_driver_cpu_get_exception_pc
 .text.__metal_driver_cpu_set_exception_pc
                0x00000000200217fa       0x20 /home/stefan/Documents/Graduation/RISC-V-toolchain/freedom-e-sdk/bsp/sifive-hifive1-revb/install/lib/debug//libmetal.a(libriscv__mmachine__sifive-hifive1-revb_a-riscv,cpu.o)
                0x00000000200217fa                __metal_driver_cpu_set_exception_pc
 .text.__metal_plic0_claim_interrupt
                0x000000002002181a       0x22 /home/stefan/Documents/Graduation/RISC-V-toolchain/freedom-e-sdk/bsp/sifive-hifive1-revb/install/lib/debug//libmetal.a(libriscv__mmachine__sifive-hifive1-revb_a-riscv,plic0.o)
                0x000000002002181a                __metal_plic0_claim_interrupt
 .text.__metal_plic0_complete_interrupt
                0x000000002002183c       0x2c /home/stefan/Documents/Graduation/RISC-V-toolchain/freedom-e-sdk/bsp/sifive-hifive1-revb/install/lib/debug//libmetal.a(libriscv__mmachine__sifive-hifive1-revb_a-riscv,plic0.o)
                0x000000002002183c                __metal_plic0_complete_interrupt
 .text.__metal_plic0_set_threshold
                0x0000000020021868       0x2a /home/stefan/Documents/Graduation/RISC-V-toolchain/freedom-e-sdk/bsp/sifive-hifive1-revb/install/lib/debug//libmetal.a(libriscv__mmachine__sifive-hifive1-revb_a-riscv,plic0.o)
                0x0000000020021868                __metal_plic0_set_threshold
 .text.__metal_plic0_set_priority
                0x0000000020021892       0x48 /home/stefan/Documents/Graduation/RISC-V-toolchain/freedom-e-sdk/bsp/sifive-hifive1-revb/install/lib/debug//libmetal.a(libriscv__mmachine__sifive-hifive1-revb_a-riscv,plic0.o)
                0x0000000020021892                __metal_plic0_set_priority
 .text.__metal_plic0_enable
                0x00000000200218da       0x8a /home/stefan/Documents/Graduation/RISC-V-toolchain/freedom-e-sdk/bsp/sifive-hifive1-revb/install/lib/debug//libmetal.a(libriscv__mmachine__sifive-hifive1-revb_a-riscv,plic0.o)
                0x00000000200218da                __metal_plic0_enable
 .text.__metal_plic0_default_handler
                0x0000000020021964       0x18 /home/stefan/Documents/Graduation/RISC-V-toolchain/freedom-e-sdk/bsp/sifive-hifive1-revb/install/lib/debug//libmetal.a(libriscv__mmachine__sifive-hifive1-revb_a-riscv,plic0.o)
                0x0000000020021964                __metal_plic0_default_handler
 .text.__metal_plic0_handler
                0x000000002002197c       0x8e /home/stefan/Documents/Graduation/RISC-V-toolchain/freedom-e-sdk/bsp/sifive-hifive1-revb/install/lib/debug//libmetal.a(libriscv__mmachine__sifive-hifive1-revb_a-riscv,plic0.o)
                0x000000002002197c                __metal_plic0_handler
 .text.__metal_driver_riscv_plic0_init
                0x0000000020021a0a      0x120 /home/stefan/Documents/Graduation/RISC-V-toolchain/freedom-e-sdk/bsp/sifive-hifive1-revb/install/lib/debug//libmetal.a(libriscv__mmachine__sifive-hifive1-revb_a-riscv,plic0.o)
                0x0000000020021a0a                __metal_driver_riscv_plic0_init
 .text.__metal_driver_riscv_plic0_register
                0x0000000020021b2a       0xc2 /home/stefan/Documents/Graduation/RISC-V-toolchain/freedom-e-sdk/bsp/sifive-hifive1-revb/install/lib/debug//libmetal.a(libriscv__mmachine__sifive-hifive1-revb_a-riscv,plic0.o)
                0x0000000020021b2a                __metal_driver_riscv_plic0_register
 .text.__metal_driver_riscv_plic0_enable
                0x0000000020021bec       0x44 /home/stefan/Documents/Graduation/RISC-V-toolchain/freedom-e-sdk/bsp/sifive-hifive1-revb/install/lib/debug//libmetal.a(libriscv__mmachine__sifive-hifive1-revb_a-riscv,plic0.o)
                0x0000000020021bec                __metal_driver_riscv_plic0_enable
 .text.__metal_driver_riscv_plic0_disable
                0x0000000020021c30       0x44 /home/stefan/Documents/Graduation/RISC-V-toolchain/freedom-e-sdk/bsp/sifive-hifive1-revb/install/lib/debug//libmetal.a(libriscv__mmachine__sifive-hifive1-revb_a-riscv,plic0.o)
                0x0000000020021c30                __metal_driver_riscv_plic0_disable
 .text.__metal_driver_sifive_fe310_g000_hfrosc_get_rate_hz
                0x0000000020021c74       0x5c /home/stefan/Documents/Graduation/RISC-V-toolchain/freedom-e-sdk/bsp/sifive-hifive1-revb/install/lib/debug//libmetal.a(libriscv__mmachine__sifive-hifive1-revb_a-sifive,fe310-g000,hfrosc.o)
                0x0000000020021c74                __metal_driver_sifive_fe310_g000_hfrosc_get_rate_hz
 .text.__metal_driver_sifive_fe310_g000_hfrosc_set_rate_hz
                0x0000000020021cd0       0x24 /home/stefan/Documents/Graduation/RISC-V-toolchain/freedom-e-sdk/bsp/sifive-hifive1-revb/install/lib/debug//libmetal.a(libriscv__mmachine__sifive-hifive1-revb_a-sifive,fe310-g000,hfrosc.o)
                0x0000000020021cd0                __metal_driver_sifive_fe310_g000_hfrosc_set_rate_hz
 .text.__metal_driver_sifive_fe310_g000_hfxosc_get_rate_hz
                0x0000000020021cf4       0x4c /home/stefan/Documents/Graduation/RISC-V-toolchain/freedom-e-sdk/bsp/sifive-hifive1-revb/install/lib/debug//libmetal.a(libriscv__mmachine__sifive-hifive1-revb_a-sifive,fe310-g000,hfxosc.o)
                0x0000000020021cf4                __metal_driver_sifive_fe310_g000_hfxosc_get_rate_hz
 .text.__metal_driver_sifive_fe310_g000_hfxosc_set_rate_hz
                0x0000000020021d40       0x24 /home/stefan/Documents/Graduation/RISC-V-toolchain/freedom-e-sdk/bsp/sifive-hifive1-revb/install/lib/debug//libmetal.a(libriscv__mmachine__sifive-hifive1-revb_a-sifive,fe310-g000,hfxosc.o)
                0x0000000020021d40                __metal_driver_sifive_fe310_g000_hfxosc_set_rate_hz
 .text.get_pll_config_freq
                0x0000000020021d64       0x4e /home/stefan/Documents/Graduation/RISC-V-toolchain/freedom-e-sdk/bsp/sifive-hifive1-revb/install/lib/debug//libmetal.a(libriscv__mmachine__sifive-hifive1-revb_a-sifive,fe310-g000,pll.o)
 .text.metal_sifive_fe310_g000_pll_init
                0x0000000020021db2       0x28 /home/stefan/Documents/Graduation/RISC-V-toolchain/freedom-e-sdk/bsp/sifive-hifive1-revb/install/lib/debug//libmetal.a(libriscv__mmachine__sifive-hifive1-revb_a-sifive,fe310-g000,pll.o)
 .text.__metal_driver_sifive_fe310_g000_pll_init
                0x0000000020021dda       0xaa /home/stefan/Documents/Graduation/RISC-V-toolchain/freedom-e-sdk/bsp/sifive-hifive1-revb/install/lib/debug//libmetal.a(libriscv__mmachine__sifive-hifive1-revb_a-sifive,fe310-g000,pll.o)
                0x0000000020021dda                __metal_driver_sifive_fe310_g000_pll_init
 .text.__metal_driver_sifive_fe310_g000_pll_get_rate_hz
                0x0000000020021e84      0x156 /home/stefan/Documents/Graduation/RISC-V-toolchain/freedom-e-sdk/bsp/sifive-hifive1-revb/install/lib/debug//libmetal.a(libriscv__mmachine__sifive-hifive1-revb_a-sifive,fe310-g000,pll.o)
                0x0000000020021e84                __metal_driver_sifive_fe310_g000_pll_get_rate_hz
 .text.find_closest_config
                0x0000000020021fda       0xaa /home/stefan/Documents/Graduation/RISC-V-toolchain/freedom-e-sdk/bsp/sifive-hifive1-revb/install/lib/debug//libmetal.a(libriscv__mmachine__sifive-hifive1-revb_a-sifive,fe310-g000,pll.o)
 .text.configure_pll
                0x0000000020022084      0x132 /home/stefan/Documents/Graduation/RISC-V-toolchain/freedom-e-sdk/bsp/sifive-hifive1-revb/install/lib/debug//libmetal.a(libriscv__mmachine__sifive-hifive1-revb_a-sifive,fe310-g000,pll.o)
 .text.__metal_driver_sifive_fe310_g000_pll_set_rate_hz
                0x00000000200221b6      0x144 /home/stefan/Documents/Graduation/RISC-V-toolchain/freedom-e-sdk/bsp/sifive-hifive1-revb/install/lib/debug//libmetal.a(libriscv__mmachine__sifive-hifive1-revb_a-sifive,fe310-g000,pll.o)
                0x00000000200221b6                __metal_driver_sifive_fe310_g000_pll_set_rate_hz
 .text.use_hfxosc
                0x00000000200222fa       0x28 /home/stefan/Documents/Graduation/RISC-V-toolchain/freedom-e-sdk/bsp/sifive-hifive1-revb/install/lib/debug//libmetal.a(libriscv__mmachine__sifive-hifive1-revb_a-sifive,fe310-g000,pll.o)
 .text.__metal_driver_sifive_fe310_g000_prci_get_reg
                0x0000000020022322       0x24 /home/stefan/Documents/Graduation/RISC-V-toolchain/freedom-e-sdk/bsp/sifive-hifive1-revb/install/lib/debug//libmetal.a(libriscv__mmachine__sifive-hifive1-revb_a-sifive,fe310-g000,prci.o)
                0x0000000020022322                __metal_driver_sifive_fe310_g000_prci_get_reg
 .text.__metal_driver_sifive_fe310_g000_prci_set_reg
                0x0000000020022346       0x2e /home/stefan/Documents/Graduation/RISC-V-toolchain/freedom-e-sdk/bsp/sifive-hifive1-revb/install/lib/debug//libmetal.a(libriscv__mmachine__sifive-hifive1-revb_a-sifive,fe310-g000,prci.o)
                0x0000000020022346                __metal_driver_sifive_fe310_g000_prci_set_reg
 .text.__metal_driver_sifive_gpio0_disable_input
                0x0000000020022374       0x40 /home/stefan/Documents/Graduation/RISC-V-toolchain/freedom-e-sdk/bsp/sifive-hifive1-revb/install/lib/debug//libmetal.a(libriscv__mmachine__sifive-hifive1-revb_a-sifive,gpio0.o)
                0x0000000020022374                __metal_driver_sifive_gpio0_disable_input
 .text.__metal_driver_sifive_gpio0_output
                0x00000000200223b4       0x24 /home/stefan/Documents/Graduation/RISC-V-toolchain/freedom-e-sdk/bsp/sifive-hifive1-revb/install/lib/debug//libmetal.a(libriscv__mmachine__sifive-hifive1-revb_a-sifive,gpio0.o)
                0x00000000200223b4                __metal_driver_sifive_gpio0_output
 .text.__metal_driver_sifive_gpio0_enable_output
                0x00000000200223d8       0x3a /home/stefan/Documents/Graduation/RISC-V-toolchain/freedom-e-sdk/bsp/sifive-hifive1-revb/install/lib/debug//libmetal.a(libriscv__mmachine__sifive-hifive1-revb_a-sifive,gpio0.o)
                0x00000000200223d8                __metal_driver_sifive_gpio0_enable_output
 .text.__metal_driver_sifive_gpio0_output_set
                0x0000000020022412       0x3a /home/stefan/Documents/Graduation/RISC-V-toolchain/freedom-e-sdk/bsp/sifive-hifive1-revb/install/lib/debug//libmetal.a(libriscv__mmachine__sifive-hifive1-revb_a-sifive,gpio0.o)
                0x0000000020022412                __metal_driver_sifive_gpio0_output_set
 .text.__metal_driver_sifive_gpio0_output_clear
                0x000000002002244c       0x40 /home/stefan/Documents/Graduation/RISC-V-toolchain/freedom-e-sdk/bsp/sifive-hifive1-revb/install/lib/debug//libmetal.a(libriscv__mmachine__sifive-hifive1-revb_a-sifive,gpio0.o)
                0x000000002002244c                __metal_driver_sifive_gpio0_output_clear
 .text.__metal_driver_sifive_gpio0_output_toggle
                0x000000002002248c       0x3a /home/stefan/Documents/Graduation/RISC-V-toolchain/freedom-e-sdk/bsp/sifive-hifive1-revb/install/lib/debug//libmetal.a(libriscv__mmachine__sifive-hifive1-revb_a-sifive,gpio0.o)
                0x000000002002248c                __metal_driver_sifive_gpio0_output_toggle
 .text.__metal_driver_sifive_gpio0_enable_io
                0x00000000200224c6       0x66 /home/stefan/Documents/Graduation/RISC-V-toolchain/freedom-e-sdk/bsp/sifive-hifive1-revb/install/lib/debug//libmetal.a(libriscv__mmachine__sifive-hifive1-revb_a-sifive,gpio0.o)
                0x00000000200224c6                __metal_driver_sifive_gpio0_enable_io
 .text.__metal_driver_sifive_uart0_interrupt_controller
                0x000000002002252c       0x20 /home/stefan/Documents/Graduation/RISC-V-toolchain/freedom-e-sdk/bsp/sifive-hifive1-revb/install/lib/debug//libmetal.a(libriscv__mmachine__sifive-hifive1-revb_a-sifive,uart0.o)
                0x000000002002252c                __metal_driver_sifive_uart0_interrupt_controller
 .text.__metal_driver_sifive_uart0_get_interrupt_id
                0x000000002002254c       0x24 /home/stefan/Documents/Graduation/RISC-V-toolchain/freedom-e-sdk/bsp/sifive-hifive1-revb/install/lib/debug//libmetal.a(libriscv__mmachine__sifive-hifive1-revb_a-sifive,uart0.o)
                0x000000002002254c                __metal_driver_sifive_uart0_get_interrupt_id
 .text.__metal_driver_sifive_uart0_putc
                0x0000000020022570       0x36 /home/stefan/Documents/Graduation/RISC-V-toolchain/freedom-e-sdk/bsp/sifive-hifive1-revb/install/lib/debug//libmetal.a(libriscv__mmachine__sifive-hifive1-revb_a-sifive,uart0.o)
                0x0000000020022570                __metal_driver_sifive_uart0_putc
 .text.__metal_driver_sifive_uart0_getc
                0x00000000200225a6       0x48 /home/stefan/Documents/Graduation/RISC-V-toolchain/freedom-e-sdk/bsp/sifive-hifive1-revb/install/lib/debug//libmetal.a(libriscv__mmachine__sifive-hifive1-revb_a-sifive,uart0.o)
                0x00000000200225a6                __metal_driver_sifive_uart0_getc
 .text.__metal_driver_sifive_uart0_get_baud_rate
                0x00000000200225ee       0x20 /home/stefan/Documents/Graduation/RISC-V-toolchain/freedom-e-sdk/bsp/sifive-hifive1-revb/install/lib/debug//libmetal.a(libriscv__mmachine__sifive-hifive1-revb_a-sifive,uart0.o)
                0x00000000200225ee                __metal_driver_sifive_uart0_get_baud_rate
 .text.__metal_driver_sifive_uart0_set_baud_rate
                0x000000002002260e       0x98 /home/stefan/Documents/Graduation/RISC-V-toolchain/freedom-e-sdk/bsp/sifive-hifive1-revb/install/lib/debug//libmetal.a(libriscv__mmachine__sifive-hifive1-revb_a-sifive,uart0.o)
                0x000000002002260e                __metal_driver_sifive_uart0_set_baud_rate
 .text.pre_rate_change_callback
                0x00000000200226a6       0xd0 /home/stefan/Documents/Graduation/RISC-V-toolchain/freedom-e-sdk/bsp/sifive-hifive1-revb/install/lib/debug//libmetal.a(libriscv__mmachine__sifive-hifive1-revb_a-sifive,uart0.o)
 .text.post_rate_change_callback
                0x0000000020022776       0x30 /home/stefan/Documents/Graduation/RISC-V-toolchain/freedom-e-sdk/bsp/sifive-hifive1-revb/install/lib/debug//libmetal.a(libriscv__mmachine__sifive-hifive1-revb_a-sifive,uart0.o)
 .text.__metal_driver_sifive_uart0_init
                0x00000000200227a6       0x94 /home/stefan/Documents/Graduation/RISC-V-toolchain/freedom-e-sdk/bsp/sifive-hifive1-revb/install/lib/debug//libmetal.a(libriscv__mmachine__sifive-hifive1-revb_a-sifive,uart0.o)
                0x00000000200227a6                __metal_driver_sifive_uart0_init
 .text.metal_clock_get_rate_hz
                0x000000002002283a       0x26 /home/stefan/Documents/Graduation/RISC-V-toolchain/freedom-e-sdk/bsp/sifive-hifive1-revb/install/lib/debug//libmetal.a(libriscv__mmachine__sifive-hifive1-revb_a-clock.o)
                0x000000002002283a                metal_clock_get_rate_hz
 .text.metal_clock_set_rate_hz
                0x0000000020022860       0x64 /home/stefan/Documents/Graduation/RISC-V-toolchain/freedom-e-sdk/bsp/sifive-hifive1-revb/install/lib/debug//libmetal.a(libriscv__mmachine__sifive-hifive1-revb_a-clock.o)
                0x0000000020022860                metal_clock_set_rate_hz
 .text.metal_clock_register_pre_rate_change_callback
                0x00000000200228c4       0x2e /home/stefan/Documents/Graduation/RISC-V-toolchain/freedom-e-sdk/bsp/sifive-hifive1-revb/install/lib/debug//libmetal.a(libriscv__mmachine__sifive-hifive1-revb_a-clock.o)
                0x00000000200228c4                metal_clock_register_pre_rate_change_callback
 .text.metal_clock_register_post_rate_change_callback
                0x00000000200228f2       0x2e /home/stefan/Documents/Graduation/RISC-V-toolchain/freedom-e-sdk/bsp/sifive-hifive1-revb/install/lib/debug//libmetal.a(libriscv__mmachine__sifive-hifive1-revb_a-clock.o)
                0x00000000200228f2                metal_clock_register_post_rate_change_callback
 .text.metal_shutdown
                0x0000000020022920        0xe /home/stefan/Documents/Graduation/RISC-V-toolchain/freedom-e-sdk/bsp/sifive-hifive1-revb/install/lib/debug//libmetal.a(libriscv__mmachine__sifive-hifive1-revb_a-shutdown.o)
                0x0000000020022920                metal_shutdown
 .text._exit    0x000000002002292e       0x14 /home/stefan/Documents/Graduation/RISC-V-toolchain/freedom-e-sdk/bsp/sifive-hifive1-revb/install/lib/debug//libmetal-gloss.a(sys_exit.o)
                0x000000002002292e                _exit
 *(.itim .itim.*)
 *(.gnu.linkonce.t.*)

.fini
 *(SORT_NONE(.fini))
                [!provide]                        PROVIDE (__etext = .)
                [!provide]                        PROVIDE (_etext = .)
                [!provide]                        PROVIDE (etext = .)

.rodata         0x0000000020022948     0x1860
 *(.rdata)
 *(.rodata .rodata.*)
 .rodata.str1.1
                0x0000000020022948       0x5b benchmark.o
                                         0x5d (size before relaxing)
 *fill*         0x00000000200229a3        0x1 
 .rodata.cst16  0x00000000200229a4       0x20 benchmark.o
 .rodata.str1.1
                0x00000000200229c4       0x16 main.o
                                         0x1b (size before relaxing)
 *fill*         0x00000000200229da        0x2 
 .rodata.str1.4
                0x00000000200229dc        0x2 /home/stefan/Documents/Graduation/RISC-V-toolchain/riscv64-unknown-elf-gcc/bin/../lib/gcc/riscv64-unknown-elf/8.2.0/../../../../riscv64-unknown-elf/lib/rv32imac/ilp32/libc.a(lib_a-puts.o)
 *fill*         0x00000000200229de        0x2 
 .rodata        0x00000000200229e0      0x18c /home/stefan/Documents/Graduation/RISC-V-toolchain/riscv64-unknown-elf-gcc/bin/../lib/gcc/riscv64-unknown-elf/8.2.0/../../../../riscv64-unknown-elf/lib/rv32imac/ilp32/libc.a(lib_a-vfprintf.o)
 .rodata.str1.4
                0x0000000020022b6c       0x3a /home/stefan/Documents/Graduation/RISC-V-toolchain/riscv64-unknown-elf-gcc/bin/../lib/gcc/riscv64-unknown-elf/8.2.0/../../../../riscv64-unknown-elf/lib/rv32imac/ilp32/libc.a(lib_a-vfprintf.o)
 *fill*         0x0000000020022ba6        0x2 
 .rodata        0x0000000020022ba8      0x254 /home/stefan/Documents/Graduation/RISC-V-toolchain/riscv64-unknown-elf-gcc/bin/../lib/gcc/riscv64-unknown-elf/8.2.0/../../../../riscv64-unknown-elf/lib/rv32imac/ilp32/libc.a(lib_a-ldtoa.o)
 .rodata.str1.4
                0x0000000020022dfc       0x28 /home/stefan/Documents/Graduation/RISC-V-toolchain/riscv64-unknown-elf-gcc/bin/../lib/gcc/riscv64-unknown-elf/8.2.0/../../../../riscv64-unknown-elf/lib/rv32imac/ilp32/libc.a(lib_a-ldtoa.o)
 .rodata.str1.4
                0x0000000020022e24       0x10 /home/stefan/Documents/Graduation/RISC-V-toolchain/riscv64-unknown-elf-gcc/bin/../lib/gcc/riscv64-unknown-elf/8.2.0/../../../../riscv64-unknown-elf/lib/rv32imac/ilp32/libc.a(lib_a-locale.o)
                                         0x12 (size before relaxing)
 *fill*         0x0000000020022e34        0x4 
 .rodata        0x0000000020022e38      0x128 /home/stefan/Documents/Graduation/RISC-V-toolchain/riscv64-unknown-elf-gcc/bin/../lib/gcc/riscv64-unknown-elf/8.2.0/../../../../riscv64-unknown-elf/lib/rv32imac/ilp32/libc.a(lib_a-mprec.o)
                0x0000000020022e48                __mprec_tens
                0x0000000020022f10                __mprec_tinytens
                0x0000000020022f38                __mprec_bigtens
 .rodata        0x0000000020022f60      0x18c /home/stefan/Documents/Graduation/RISC-V-toolchain/riscv64-unknown-elf-gcc/bin/../lib/gcc/riscv64-unknown-elf/8.2.0/../../../../riscv64-unknown-elf/lib/rv32imac/ilp32/libc.a(lib_a-svfprintf.o)
 .rodata.str1.4
                0x00000000200230ec       0x3a /home/stefan/Documents/Graduation/RISC-V-toolchain/riscv64-unknown-elf-gcc/bin/../lib/gcc/riscv64-unknown-elf/8.2.0/../../../../riscv64-unknown-elf/lib/rv32imac/ilp32/libc.a(lib_a-svfprintf.o)
 .rodata        0x00000000200230ec      0x18c /home/stefan/Documents/Graduation/RISC-V-toolchain/riscv64-unknown-elf-gcc/bin/../lib/gcc/riscv64-unknown-elf/8.2.0/../../../../riscv64-unknown-elf/lib/rv32imac/ilp32/libc.a(lib_a-vfiprintf.o)
 .rodata.str1.4
                0x0000000020023278       0x25 /home/stefan/Documents/Graduation/RISC-V-toolchain/riscv64-unknown-elf-gcc/bin/../lib/gcc/riscv64-unknown-elf/8.2.0/../../../../riscv64-unknown-elf/lib/rv32imac/ilp32/libc.a(lib_a-vfiprintf.o)
 .rodata        0x0000000020023278      0x101 /home/stefan/Documents/Graduation/RISC-V-toolchain/riscv64-unknown-elf-gcc/bin/../lib/gcc/riscv64-unknown-elf/8.2.0/../../../../riscv64-unknown-elf/lib/rv32imac/ilp32/libc.a(lib_a-ctype_.o)
                0x0000000020023278                _ctype_
 *fill*         0x0000000020023379        0x3 
 .rodata        0x000000002002337c      0x18c /home/stefan/Documents/Graduation/RISC-V-toolchain/riscv64-unknown-elf-gcc/bin/../lib/gcc/riscv64-unknown-elf/8.2.0/../../../../riscv64-unknown-elf/lib/rv32imac/ilp32/libc.a(lib_a-svfiprintf.o)
 .rodata.str1.4
                0x0000000020023508       0x25 /home/stefan/Documents/Graduation/RISC-V-toolchain/riscv64-unknown-elf-gcc/bin/../lib/gcc/riscv64-unknown-elf/8.2.0/../../../../riscv64-unknown-elf/lib/rv32imac/ilp32/libc.a(lib_a-svfiprintf.o)
 .rodata        0x0000000020023508       0x3c /home/stefan/Documents/Graduation/RISC-V-toolchain/riscv64-unknown-elf-gcc/bin/../lib/gcc/riscv64-unknown-elf/8.2.0/rv32imac/ilp32/libgcc.a(divdf3.o)
 .rodata        0x0000000020023544       0x3c /home/stefan/Documents/Graduation/RISC-V-toolchain/riscv64-unknown-elf-gcc/bin/../lib/gcc/riscv64-unknown-elf/8.2.0/rv32imac/ilp32/libgcc.a(muldf3.o)
 .rodata        0x0000000020023580       0x3c /home/stefan/Documents/Graduation/RISC-V-toolchain/riscv64-unknown-elf-gcc/bin/../lib/gcc/riscv64-unknown-elf/8.2.0/rv32imac/ilp32/libgcc.a(multf3.o)
 .rodata        0x00000000200235bc      0x100 /home/stefan/Documents/Graduation/RISC-V-toolchain/riscv64-unknown-elf-gcc/bin/../lib/gcc/riscv64-unknown-elf/8.2.0/rv32imac/ilp32/libgcc.a(_clz.o)
                0x00000000200235bc                __clz_tab
 .rodata.libgloss.start
                0x00000000200236bc       0x11 /home/stefan/Documents/Graduation/RISC-V-toolchain/freedom-e-sdk/bsp/sifive-hifive1-revb/install/lib/debug//libmetal-gloss.a(crt0.o)
 *fill*         0x00000000200236cd        0x3 
 .rodata.__metal_driver_vtable_riscv_cpu_intc
                0x00000000200236d0       0x1c /home/stefan/Documents/Graduation/RISC-V-toolchain/freedom-e-sdk/bsp/sifive-hifive1-revb/install/lib/debug//libmetal.a(libriscv__mmachine__sifive-hifive1-revb_a-tty.o)
                0x00000000200236d0                __metal_driver_vtable_riscv_cpu_intc
 .rodata.__metal_driver_vtable_cpu
                0x00000000200236ec       0x40 /home/stefan/Documents/Graduation/RISC-V-toolchain/freedom-e-sdk/bsp/sifive-hifive1-revb/install/lib/debug//libmetal.a(libriscv__mmachine__sifive-hifive1-revb_a-tty.o)
                0x00000000200236ec                __metal_driver_vtable_cpu
 .rodata.__metal_driver_vtable_riscv_clint0
                0x000000002002372c       0x1c /home/stefan/Documents/Graduation/RISC-V-toolchain/freedom-e-sdk/bsp/sifive-hifive1-revb/install/lib/debug//libmetal.a(libriscv__mmachine__sifive-hifive1-revb_a-tty.o)
                0x000000002002372c                __metal_driver_vtable_riscv_clint0
 .rodata.__metal_driver_vtable_riscv_plic0
                0x0000000020023748       0x1c /home/stefan/Documents/Graduation/RISC-V-toolchain/freedom-e-sdk/bsp/sifive-hifive1-revb/install/lib/debug//libmetal.a(libriscv__mmachine__sifive-hifive1-revb_a-tty.o)
                0x0000000020023748                __metal_driver_vtable_riscv_plic0
 .rodata.__metal_driver_vtable_sifive_gpio0
                0x0000000020023764       0x1c /home/stefan/Documents/Graduation/RISC-V-toolchain/freedom-e-sdk/bsp/sifive-hifive1-revb/install/lib/debug//libmetal.a(libriscv__mmachine__sifive-hifive1-revb_a-tty.o)
                0x0000000020023764                __metal_driver_vtable_sifive_gpio0
 .rodata.__metal_driver_vtable_sifive_uart0
                0x0000000020023780       0x1c /home/stefan/Documents/Graduation/RISC-V-toolchain/freedom-e-sdk/bsp/sifive-hifive1-revb/install/lib/debug//libmetal.a(libriscv__mmachine__sifive-hifive1-revb_a-tty.o)
                0x0000000020023780                __metal_driver_vtable_sifive_uart0
 .rodata.__metal_driver_vtable_sifive_fe310_g000_pll
                0x000000002002379c        0xc /home/stefan/Documents/Graduation/RISC-V-toolchain/freedom-e-sdk/bsp/sifive-hifive1-revb/install/lib/debug//libmetal.a(libriscv__mmachine__sifive-hifive1-revb_a-tty.o)
                0x000000002002379c                __metal_driver_vtable_sifive_fe310_g000_pll
 .rodata.__metal_driver_riscv_clint0_command_request
                0x00000000200237a8       0x18 /home/stefan/Documents/Graduation/RISC-V-toolchain/freedom-e-sdk/bsp/sifive-hifive1-revb/install/lib/debug//libmetal.a(libriscv__mmachine__sifive-hifive1-revb_a-riscv,clint0.o)
 .rodata.__metal_valid_interrupt_id
                0x00000000200237c0       0x74 /home/stefan/Documents/Graduation/RISC-V-toolchain/freedom-e-sdk/bsp/sifive-hifive1-revb/install/lib/debug//libmetal.a(libriscv__mmachine__sifive-hifive1-revb_a-riscv,cpu.o)
 .rodata.__metal_local_interrupt_enable
                0x0000000020023834       0x80 /home/stefan/Documents/Graduation/RISC-V-toolchain/freedom-e-sdk/bsp/sifive-hifive1-revb/install/lib/debug//libmetal.a(libriscv__mmachine__sifive-hifive1-revb_a-riscv,cpu.o)
 .rodata.__metal_driver_riscv_cpu_controller_interrupt_register
                0x00000000200238b4       0x74 /home/stefan/Documents/Graduation/RISC-V-toolchain/freedom-e-sdk/bsp/sifive-hifive1-revb/install/lib/debug//libmetal.a(libriscv__mmachine__sifive-hifive1-revb_a-riscv,cpu.o)
 .rodata.pll_configs
                0x0000000020023928      0x880 /home/stefan/Documents/Graduation/RISC-V-toolchain/freedom-e-sdk/bsp/sifive-hifive1-revb/install/lib/debug//libmetal.a(libriscv__mmachine__sifive-hifive1-revb_a-sifive,fe310-g000,pll.o)
 *(.gnu.linkonce.r.*)

.rela.dyn       0x00000000200241a8        0x0
 .rela.text     0x00000000200241a8        0x0 scalarmult.o
 .rela.text.metal.init.enter
                0x00000000200241a8        0x0 scalarmult.o
 .rela.text.libgloss.start
                0x00000000200241a8        0x0 scalarmult.o
 .rela.sdata.brk
                0x00000000200241a8        0x0 scalarmult.o
 .rela.text._sbrk
                0x00000000200241a8        0x0 scalarmult.o
 .rela.data.__metal_dt_clock_0
                0x00000000200241a8        0x0 scalarmult.o
 .rela.data.__metal_dt_clock_2
                0x00000000200241a8        0x0 scalarmult.o
 .rela.data.__metal_dt_clint_2000000
                0x00000000200241a8        0x0 scalarmult.o
 .rela.data.__metal_dt_cpu_0
                0x00000000200241a8        0x0 scalarmult.o
 .rela.data.__metal_dt_interrupt_controller
                0x00000000200241a8        0x0 scalarmult.o
 .rela.data.__metal_dt_interrupt_controller_c000000
                0x00000000200241a8        0x0 scalarmult.o
 .rela.data.__metal_dt_gpio_10012000
                0x00000000200241a8        0x0 scalarmult.o
 .rela.data.__metal_dt_serial_10013000
                0x00000000200241a8        0x0 scalarmult.o
 .rela.data.__metal_dt_clock_3
                0x00000000200241a8        0x0 scalarmult.o
 .rela.data.__metal_dt_clock_1
                0x00000000200241a8        0x0 scalarmult.o
 .rela.data.__metal_dt_clock_4
                0x00000000200241a8        0x0 scalarmult.o
 .rela.data.__metal_dt_prci_10008000
                0x00000000200241a8        0x0 scalarmult.o
 .rela.sdata.__metal_cpu_table
                0x00000000200241a8        0x0 scalarmult.o
 .rela.text.metal_tty_putc
                0x00000000200241a8        0x0 scalarmult.o
 .rela.text.metal_tty_init
                0x00000000200241a8        0x0 scalarmult.o
 .rela.text.__metal_driver_cpu_get
                0x00000000200241a8        0x0 scalarmult.o
 .rela.text.__metal_default_sw_handler
                0x00000000200241a8        0x0 scalarmult.o
 .rela.text.__metal_exception_handler
                0x00000000200241a8        0x0 scalarmult.o
 .rela.text.__metal_driver_cpu_timer_controller_interrupt
                0x00000000200241a8        0x0 scalarmult.o
 .rela.text.__metal_driver_cpu_sw_controller_interrupt
                0x00000000200241a8        0x0 scalarmult.o
 .rela.text.metal_sifive_fe310_g000_pll_init
                0x00000000200241a8        0x0 scalarmult.o
 .rela.text.use_hfxosc
                0x00000000200241a8        0x0 scalarmult.o
                0x00000000200241a8                . = ALIGN (0x4)

.preinit_array  0x00000000200241a8        0x0
                0x00000000200241a8                PROVIDE (__preinit_array_start = .)
 *(.preinit_array)
                0x00000000200241a8                PROVIDE (__preinit_array_end = .)

.init_array     0x00000000200241a8        0xc
                0x00000000200241a8                PROVIDE (__init_array_start = .)
 *(SORT_BY_INIT_PRIORITY(.init_array.*) SORT_BY_INIT_PRIORITY(.ctors.*))
 *(.init_array EXCLUDE_FILE(*crtend?.o *crtend.o *crtbegin?.o *crtbegin.o) .ctors)
 .init_array    0x00000000200241a8        0x4 /home/stefan/Documents/Graduation/RISC-V-toolchain/freedom-e-sdk/bsp/sifive-hifive1-revb/install/lib/debug//libmetal.a(libriscv__mmachine__sifive-hifive1-revb_a-tty.o)
 .init_array    0x00000000200241ac        0x8 /home/stefan/Documents/Graduation/RISC-V-toolchain/freedom-e-sdk/bsp/sifive-hifive1-revb/install/lib/debug//libmetal.a(libriscv__mmachine__sifive-hifive1-revb_a-sifive,fe310-g000,pll.o)
                0x00000000200241b4                PROVIDE (__init_array_end = .)

.finit_array    0x00000000200241b4        0x0
                [!provide]                        PROVIDE (__finit_array_start = .)
 *(SORT_BY_INIT_PRIORITY(.fini_array.*) SORT_BY_INIT_PRIORITY(.dtors.*))
 *(.fini_array EXCLUDE_FILE(*crtend?.o *crtend.o *crtbegin?.o *crtbegin.o) .dtors)
                [!provide]                        PROVIDE (__finit_array_end = .)

.ctors
 *crtbegin.o(.ctors)
 *crtbegin?.o(.ctors)
 *(EXCLUDE_FILE(*crtend?.o *crtend.o) .ctors)
 *(SORT_BY_NAME(.ctors.*))
 *(.ctors)

.dtors
 *crtbegin.o(.dtors)
 *crtbegin?.o(.dtors)
 *(EXCLUDE_FILE(*crtend?.o *crtend.o) .dtors)
 *(SORT_BY_NAME(.dtors.*))
 *(.dtors)

.litimalign     0x00000000200241b4        0x0
                0x00000000200241b4                . = ALIGN (0x4)
                0x00000000200241b4                PROVIDE (metal_segment_itim_source_start = .)

.ditimalign     0x0000000080000000        0x0 load address 0x00000000200241b4
                0x0000000080000000                . = ALIGN (0x4)
                0x0000000080000000                PROVIDE (metal_segment_itim_target_start = .)

.itim
 *(.itim .itim.*)
                0x0000000080000000                . = ALIGN (0x8)
                0x0000000080000000                PROVIDE (metal_segment_itim_target_end = .)

.lalign         0x00000000200241b4        0x0
                0x00000000200241b4                . = ALIGN (0x4)
                [!provide]                        PROVIDE (_data_lma = .)
                0x00000000200241b4                PROVIDE (metal_segment_data_source_start = .)

.dalign         0x0000000080000000        0x0 load address 0x00000000200241b4
                0x0000000080000000                . = ALIGN (0x4)
                0x0000000080000000                PROVIDE (metal_segment_data_target_start = .)

.data           0x0000000080000000     0x128c load address 0x00000000200241b4
 *(.data .data.*)
 .data          0x0000000080000000       0x40 benchmark.o
 .data          0x0000000080000040      0x428 /home/stefan/Documents/Graduation/RISC-V-toolchain/riscv64-unknown-elf-gcc/bin/../lib/gcc/riscv64-unknown-elf/8.2.0/../../../../riscv64-unknown-elf/lib/rv32imac/ilp32/libc.a(lib_a-impure.o)
 .data          0x0000000080000468      0x16c /home/stefan/Documents/Graduation/RISC-V-toolchain/riscv64-unknown-elf-gcc/bin/../lib/gcc/riscv64-unknown-elf/8.2.0/../../../../riscv64-unknown-elf/lib/rv32imac/ilp32/libc.a(lib_a-locale.o)
                0x0000000080000468                __global_locale
 .data          0x00000000800005d4      0x408 /home/stefan/Documents/Graduation/RISC-V-toolchain/riscv64-unknown-elf-gcc/bin/../lib/gcc/riscv64-unknown-elf/8.2.0/../../../../riscv64-unknown-elf/lib/rv32imac/ilp32/libc.a(lib_a-mallocr.o)
                0x00000000800005d4                __malloc_av_
 .data.__metal_dt_clock_0
                0x00000000800009dc       0x1c /home/stefan/Documents/Graduation/RISC-V-toolchain/freedom-e-sdk/bsp/sifive-hifive1-revb/install/lib/debug//libmetal.a(libriscv__mmachine__sifive-hifive1-revb_a-tty.o)
                0x00000000800009dc                __metal_dt_clock_0
 .data.__metal_dt_clock_2
                0x00000000800009f8       0x1c /home/stefan/Documents/Graduation/RISC-V-toolchain/freedom-e-sdk/bsp/sifive-hifive1-revb/install/lib/debug//libmetal.a(libriscv__mmachine__sifive-hifive1-revb_a-tty.o)
                0x00000000800009f8                __metal_dt_clock_2
 .data.__metal_dt_clint_2000000
                0x0000000080000a14       0x24 /home/stefan/Documents/Graduation/RISC-V-toolchain/freedom-e-sdk/bsp/sifive-hifive1-revb/install/lib/debug//libmetal.a(libriscv__mmachine__sifive-hifive1-revb_a-tty.o)
                0x0000000080000a14                __metal_dt_clint_2000000
 .data.__metal_dt_cpu_0
                0x0000000080000a38       0x10 /home/stefan/Documents/Graduation/RISC-V-toolchain/freedom-e-sdk/bsp/sifive-hifive1-revb/install/lib/debug//libmetal.a(libriscv__mmachine__sifive-hifive1-revb_a-tty.o)
                0x0000000080000a38                __metal_dt_cpu_0
 .data.__metal_dt_interrupt_controller
                0x0000000080000a48      0x3c0 /home/stefan/Documents/Graduation/RISC-V-toolchain/freedom-e-sdk/bsp/sifive-hifive1-revb/install/lib/debug//libmetal.a(libriscv__mmachine__sifive-hifive1-revb_a-tty.o)
                0x0000000080000a48                __metal_dt_interrupt_controller
 .data.__metal_dt_interrupt_controller_c000000
                0x0000000080000e08      0x320 /home/stefan/Documents/Graduation/RISC-V-toolchain/freedom-e-sdk/bsp/sifive-hifive1-revb/install/lib/debug//libmetal.a(libriscv__mmachine__sifive-hifive1-revb_a-tty.o)
                0x0000000080000e08                __metal_dt_interrupt_controller_c000000
 .data.__metal_dt_gpio_10012000
                0x0000000080001128       0x58 /home/stefan/Documents/Graduation/RISC-V-toolchain/freedom-e-sdk/bsp/sifive-hifive1-revb/install/lib/debug//libmetal.a(libriscv__mmachine__sifive-hifive1-revb_a-tty.o)
                0x0000000080001128                __metal_dt_gpio_10012000
 .data.__metal_dt_serial_10013000
                0x0000000080001180       0x30 /home/stefan/Documents/Graduation/RISC-V-toolchain/freedom-e-sdk/bsp/sifive-hifive1-revb/install/lib/debug//libmetal.a(libriscv__mmachine__sifive-hifive1-revb_a-tty.o)
                0x0000000080001180                __metal_dt_serial_10013000
 .data.__metal_dt_clock_3
                0x00000000800011b0       0x24 /home/stefan/Documents/Graduation/RISC-V-toolchain/freedom-e-sdk/bsp/sifive-hifive1-revb/install/lib/debug//libmetal.a(libriscv__mmachine__sifive-hifive1-revb_a-tty.o)
                0x00000000800011b0                __metal_dt_clock_3
 .data.__metal_dt_clock_1
                0x00000000800011d4       0x24 /home/stefan/Documents/Graduation/RISC-V-toolchain/freedom-e-sdk/bsp/sifive-hifive1-revb/install/lib/debug//libmetal.a(libriscv__mmachine__sifive-hifive1-revb_a-tty.o)
                0x00000000800011d4                __metal_dt_clock_1
 .data.__metal_dt_clock_4
                0x00000000800011f8       0x34 /home/stefan/Documents/Graduation/RISC-V-toolchain/freedom-e-sdk/bsp/sifive-hifive1-revb/install/lib/debug//libmetal.a(libriscv__mmachine__sifive-hifive1-revb_a-tty.o)
                0x00000000800011f8                __metal_dt_clock_4
 .data.__metal_dt_prci_10008000
                0x000000008000122c        0xc /home/stefan/Documents/Graduation/RISC-V-toolchain/freedom-e-sdk/bsp/sifive-hifive1-revb/install/lib/debug//libmetal.a(libriscv__mmachine__sifive-hifive1-revb_a-tty.o)
                0x000000008000122c                __metal_dt_prci_10008000
 *(.gnu.linkonce.d.*)
                0x0000000080001238                . = ALIGN (0x8)
                0x0000000080001a38                PROVIDE (__global_pointer$ = (. + 0x800))
 *(.sdata .sdata.* .sdata2.*)
 .sdata         0x0000000080001238        0x4 /home/stefan/Documents/Graduation/RISC-V-toolchain/riscv64-unknown-elf-gcc/bin/../lib/gcc/riscv64-unknown-elf/8.2.0/../../../../riscv64-unknown-elf/lib/rv32imac/ilp32/libc.a(lib_a-impure.o)
                0x0000000080001238                _impure_ptr
 .sdata         0x000000008000123c        0x8 /home/stefan/Documents/Graduation/RISC-V-toolchain/riscv64-unknown-elf-gcc/bin/../lib/gcc/riscv64-unknown-elf/8.2.0/../../../../riscv64-unknown-elf/lib/rv32imac/ilp32/libc.a(lib_a-mallocr.o)
                0x000000008000123c                __malloc_sbrk_base
                0x0000000080001240                __malloc_trim_threshold
 .sdata.brk     0x0000000080001244        0x4 /home/stefan/Documents/Graduation/RISC-V-toolchain/freedom-e-sdk/bsp/sifive-hifive1-revb/install/lib/debug//libmetal-gloss.a(sys_sbrk.o)
 .sdata2.__metal_driver_vtable_fixed_clock
                0x0000000080001248        0x8 /home/stefan/Documents/Graduation/RISC-V-toolchain/freedom-e-sdk/bsp/sifive-hifive1-revb/install/lib/debug//libmetal.a(libriscv__mmachine__sifive-hifive1-revb_a-tty.o)
                0x0000000080001248                __metal_driver_vtable_fixed_clock
 .sdata2.__metal_driver_vtable_sifive_fe310_g000_prci
                0x0000000080001250        0x8 /home/stefan/Documents/Graduation/RISC-V-toolchain/freedom-e-sdk/bsp/sifive-hifive1-revb/install/lib/debug//libmetal.a(libriscv__mmachine__sifive-hifive1-revb_a-tty.o)
                0x0000000080001250                __metal_driver_vtable_sifive_fe310_g000_prci
 .sdata2.__metal_driver_vtable_sifive_fe310_g000_hfrosc
                0x0000000080001258        0x8 /home/stefan/Documents/Graduation/RISC-V-toolchain/freedom-e-sdk/bsp/sifive-hifive1-revb/install/lib/debug//libmetal.a(libriscv__mmachine__sifive-hifive1-revb_a-tty.o)
                0x0000000080001258                __metal_driver_vtable_sifive_fe310_g000_hfrosc
 .sdata2.__metal_driver_vtable_sifive_fe310_g000_hfxosc
                0x0000000080001260        0x8 /home/stefan/Documents/Graduation/RISC-V-toolchain/freedom-e-sdk/bsp/sifive-hifive1-revb/install/lib/debug//libmetal.a(libriscv__mmachine__sifive-hifive1-revb_a-tty.o)
                0x0000000080001260                __metal_driver_vtable_sifive_fe310_g000_hfxosc
 .sdata.__metal_cpu_table
                0x0000000080001268        0x4 /home/stefan/Documents/Graduation/RISC-V-toolchain/freedom-e-sdk/bsp/sifive-hifive1-revb/install/lib/debug//libmetal.a(libriscv__mmachine__sifive-hifive1-revb_a-tty.o)
                0x0000000080001268                __metal_cpu_table
 *(.gnu.linkonce.s.*)
                0x0000000080001270                . = ALIGN (0x8)
 *fill*         0x000000008000126c        0x4 
 *(.srodata.cst16)
 *(.srodata.cst8)
 .srodata.cst8  0x0000000080001270       0x10 /home/stefan/Documents/Graduation/RISC-V-toolchain/riscv64-unknown-elf-gcc/bin/../lib/gcc/riscv64-unknown-elf/8.2.0/../../../../riscv64-unknown-elf/lib/rv32imac/ilp32/libc.a(lib_a-mprec.o)
 .srodata.cst8  0x0000000080001280        0x8 /home/stefan/Documents/Graduation/RISC-V-toolchain/riscv64-unknown-elf-gcc/bin/../lib/gcc/riscv64-unknown-elf/8.2.0/../../../../riscv64-unknown-elf/lib/rv32imac/ilp32/libc.a(lib_a-s_frexp.o)
 *(.srodata.cst4)
 *(.srodata.cst2)
 *(.srodata .srodata.*)
 .srodata       0x0000000080001288        0x4 /home/stefan/Documents/Graduation/RISC-V-toolchain/riscv64-unknown-elf-gcc/bin/../lib/gcc/riscv64-unknown-elf/8.2.0/../../../../riscv64-unknown-elf/lib/rv32imac/ilp32/libc.a(lib_a-impure.o)
                0x0000000080001288                _global_impure_ptr
                0x000000008000128c                . = ALIGN (0x4)
                [!provide]                        PROVIDE (_edata = .)
                [!provide]                        PROVIDE (edata = .)
                0x000000008000128c                PROVIDE (metal_segment_data_target_end = .)
                [!provide]                        PROVIDE (_fbss = .)
                [!provide]                        PROVIDE (__bss_start = .)
                0x000000008000128c                PROVIDE (metal_segment_bss_target_start = .)

.bss            0x000000008000128c       0x38
 *(.sbss*)
 .sbss          0x000000008000128c        0xc /home/stefan/Documents/Graduation/RISC-V-toolchain/riscv64-unknown-elf-gcc/bin/../lib/gcc/riscv64-unknown-elf/8.2.0/../../../../riscv64-unknown-elf/lib/rv32imac/ilp32/libc.a(lib_a-mallocr.o)
                0x000000008000128c                __malloc_max_total_mem
                0x0000000080001290                __malloc_max_sbrked_mem
                0x0000000080001294                __malloc_top_pad
 *(.gnu.linkonce.sb.*)
 *(.bss .bss.*)
 .bss           0x0000000080001298       0x28 /home/stefan/Documents/Graduation/RISC-V-toolchain/riscv64-unknown-elf-gcc/bin/../lib/gcc/riscv64-unknown-elf/8.2.0/../../../../riscv64-unknown-elf/lib/rv32imac/ilp32/libc.a(lib_a-mallocr.o)
                0x0000000080001298                __malloc_current_mallinfo
 *(.gnu.linkonce.b.*)
 *(COMMON)
 COMMON         0x00000000800012c0        0x4 /home/stefan/Documents/Graduation/RISC-V-toolchain/riscv64-unknown-elf-gcc/bin/../lib/gcc/riscv64-unknown-elf/8.2.0/../../../../riscv64-unknown-elf/lib/rv32imac/ilp32/libc.a(lib_a-reent.o)
                0x00000000800012c0                errno
                0x00000000800012c4                . = ALIGN (0x4)
                0x00000000800012c8                . = ALIGN (0x8)
                [!provide]                        PROVIDE (_end = .)
                [!provide]                        PROVIDE (end = .)
                0x00000000800012c8                PROVIDE (metal_segment_bss_target_end = .)

.stack          0x00000000800012c4      0x800
                [!provide]                        PROVIDE (metal_segment_stack_begin = .)
                0x0000000000000800                . = __stack_size
 *fill*         0x00000000800012c4      0x800 
                [!provide]                        PROVIDE (_sp = .)
                0x0000000080001ac4                PROVIDE (metal_segment_stack_end = .)

.heap           0x0000000080001ac4     0x253c
                0x0000000080001ac4                PROVIDE (metal_segment_heap_target_start = .)
                0x0000000000000400                . = __heap_size
 *fill*         0x0000000080001ac4      0x400 
                0x0000000080004000                . = (__heap_size == 0x0)?0x0:(ORIGIN (ram) + LENGTH (ram))
 *fill*         0x0000000080001ec4     0x213c 
                0x0000000080004000                PROVIDE (metal_segment_heap_target_end = .)
                [!provide]                        PROVIDE (_heap_end = .)
OUTPUT(program.elf elf32-littleriscv)

.comment        0x0000000000000000       0x26
 .comment       0x0000000000000000       0x15 scalarmult.o
                                         0x16 (size before relaxing)
 .comment       0x0000000000000015       0x16 benchmark.o
 .comment       0x0000000000000015       0x16 main.o
 .comment       0x0000000000000015       0x11 /home/stefan/Documents/Graduation/RISC-V-toolchain/riscv64-unknown-elf-gcc/bin/../lib/gcc/riscv64-unknown-elf/8.2.0/../../../../riscv64-unknown-elf/lib/rv32imac/ilp32/libc.a(lib_a-memcpy.o)
                                         0x12 (size before relaxing)
 .comment       0x0000000000000026       0x12 /home/stefan/Documents/Graduation/RISC-V-toolchain/riscv64-unknown-elf-gcc/bin/../lib/gcc/riscv64-unknown-elf/8.2.0/../../../../riscv64-unknown-elf/lib/rv32imac/ilp32/libc.a(lib_a-printf.o)
 .comment       0x0000000000000026       0x12 /home/stefan/Documents/Graduation/RISC-V-toolchain/riscv64-unknown-elf-gcc/bin/../lib/gcc/riscv64-unknown-elf/8.2.0/../../../../riscv64-unknown-elf/lib/rv32imac/ilp32/libc.a(lib_a-putchar.o)