Archive member included to satisfy reference by file (symbol)

build/lib.a(crypto_scalarmult.o)
                              build/benchmark.o (crypto_scalarmult_asm)
build/lib.a(mainloop.o)       build/lib.a(crypto_scalarmult.o) (mainloop226_asm)
build/lib.a(scalarmult.o)     build/lib.a(mainloop.o) (add226)
build/lib.a(karatsuba226.o)   build/lib.a(crypto_scalarmult.o) (karatsuba226_255)
build/lib.a(mul121665.o)      build/lib.a(mainloop.o) (mul121665asm)
build/lib.a(karatsuba226_5.o)
                              build/lib.a(karatsuba226.o) (karatsuba226_255_5asm)
build/lib.a(crypto_select_asm.o)
                              build/lib.a(mainloop.o) (crypto_select_asm)
build/lib.a(squeeze226.o)     build/lib.a(scalarmult.o) (squeeze226_255)
/home/stefan/Documents/Graduation/RISC-V-toolchain/riscv64-unknown-elf-gcc/bin/../lib/gcc/riscv64-unknown-elf/8.2.0/../../../../riscv64-unknown-elf/lib/rv32imac/ilp32/libc.a(lib_a-fflush.o)
                              build/benchmark.o (fflush)
/home/stefan/Documents/Graduation/RISC-V-toolchain/riscv64-unknown-elf-gcc/bin/../lib/gcc/riscv64-unknown-elf/8.2.0/../../../../riscv64-unknown-elf/lib/rv32imac/ilp32/libc.a(lib_a-findfp.o)
                              /home/stefan/Documents/Graduation/RISC-V-toolchain/riscv64-unknown-elf-gcc/bin/../lib/gcc/riscv64-unknown-elf/8.2.0/../../../../riscv64-unknown-elf/lib/rv32imac/ilp32/libc.a(lib_a-fflush.o) (__sinit)
/home/stefan/Documents/Graduation/RISC-V-toolchain/riscv64-unknown-elf-gcc/bin/../lib/gcc/riscv64-unknown-elf/8.2.0/../../../../riscv64-unknown-elf/lib/rv32imac/ilp32/libc.a(lib_a-freer.o)
                              /home/stefan/Documents/Graduation/RISC-V-toolchain/riscv64-unknown-elf-gcc/bin/../lib/gcc/riscv64-unknown-elf/8.2.0/../../../../riscv64-unknown-elf/lib/rv32imac/ilp32/libc.a(lib_a-fflush.o) (_free_r)
/home/stefan/Documents/Graduation/RISC-V-toolchain/riscv64-unknown-elf-gcc/bin/../lib/gcc/riscv64-unknown-elf/8.2.0/../../../../riscv64-unknown-elf/lib/rv32imac/ilp32/libc.a(lib_a-fwalk.o)
                              /home/stefan/Documents/Graduation/RISC-V-toolchain/riscv64-unknown-elf-gcc/bin/../lib/gcc/riscv64-unknown-elf/8.2.0/../../../../riscv64-unknown-elf/lib/rv32imac/ilp32/libc.a(lib_a-findfp.o) (_fwalk)
/home/stefan/Documents/Graduation/RISC-V-toolchain/riscv64-unknown-elf-gcc/bin/../lib/gcc/riscv64-unknown-elf/8.2.0/../../../../riscv64-unknown-elf/lib/rv32imac/ilp32/libc.a(lib_a-impure.o)
                              /home/stefan/Documents/Graduation/RISC-V-toolchain/riscv64-unknown-elf-gcc/bin/../lib/gcc/riscv64-unknown-elf/8.2.0/../../../../riscv64-unknown-elf/lib/rv32imac/ilp32/libc.a(lib_a-fflush.o) (_global_impure_ptr)
/home/stefan/Documents/Graduation/RISC-V-toolchain/riscv64-unknown-elf-gcc/bin/../lib/gcc/riscv64-unknown-elf/8.2.0/../../../../riscv64-unknown-elf/lib/rv32imac/ilp32/libc.a(lib_a-mallocr.o)
                              /home/stefan/Documents/Graduation/RISC-V-toolchain/riscv64-unknown-elf-gcc/bin/../lib/gcc/riscv64-unknown-elf/8.2.0/../../../../riscv64-unknown-elf/lib/rv32imac/ilp32/libc.a(lib_a-findfp.o) (_malloc_r)
/home/stefan/Documents/Graduation/RISC-V-toolchain/riscv64-unknown-elf-gcc/bin/../lib/gcc/riscv64-unknown-elf/8.2.0/../../../../riscv64-unknown-elf/lib/rv32imac/ilp32/libc.a(lib_a-memcpy.o)
                              build/lib.a(scalarmult.o) (memcpy)
/home/stefan/Documents/Graduation/RISC-V-toolchain/riscv64-unknown-elf-gcc/bin/../lib/gcc/riscv64-unknown-elf/8.2.0/../../../../riscv64-unknown-elf/lib/rv32imac/ilp32/libc.a(lib_a-memset.o)
                              /home/stefan/Documents/Graduation/RISC-V-toolchain/riscv64-unknown-elf-gcc/bin/../lib/gcc/riscv64-unknown-elf/8.2.0/../../../../riscv64-unknown-elf/lib/rv32imac/ilp32/libc.a(lib_a-findfp.o) (memset)
/home/stefan/Documents/Graduation/RISC-V-toolchain/riscv64-unknown-elf-gcc/bin/../lib/gcc/riscv64-unknown-elf/8.2.0/../../../../riscv64-unknown-elf/lib/rv32imac/ilp32/libc.a(lib_a-mlock.o)
                              /home/stefan/Documents/Graduation/RISC-V-toolchain/riscv64-unknown-elf-gcc/bin/../lib/gcc/riscv64-unknown-elf/8.2.0/../../../../riscv64-unknown-elf/lib/rv32imac/ilp32/libc.a(lib_a-freer.o) (__malloc_lock)
/home/stefan/Documents/Graduation/RISC-V-toolchain/riscv64-unknown-elf-gcc/bin/../lib/gcc/riscv64-unknown-elf/8.2.0/../../../../riscv64-unknown-elf/lib/rv32imac/ilp32/libc.a(lib_a-printf.o)
                              build/benchmark.o (printf)
/home/stefan/Documents/Graduation/RISC-V-toolchain/riscv64-unknown-elf-gcc/bin/../lib/gcc/riscv64-unknown-elf/8.2.0/../../../../riscv64-unknown-elf/lib/rv32imac/ilp32/libc.a(lib_a-putchar.o)
                              build/benchmark.o (putchar)
/home/stefan/Documents/Graduation/RISC-V-toolchain/riscv64-unknown-elf-gcc/bin/../lib/gcc/riscv64-unknown-elf/8.2.0/../../../../riscv64-unknown-elf/lib/rv32imac/ilp32/libc.a(lib_a-putc.o)
[...]
Memory Configuration

Name             Origin             Length             Attributes
ram              0x0000000080000000 0x0000000000004000 axw !rl
flash            0x0000000020010000 0x000000000006a120 axrl !w
*default*        0x0000000000000000 0xffffffffffffffff

Linker script and memory map

LOAD build/benchmark.o
LOAD build/main.o
LOAD build/cyclecounter.o
LOAD build/lib.a
START GROUP
LOAD /home/stefan/Documents/Graduation/RISC-V-toolchain/riscv64-unknown-elf-gcc/bin/../lib/gcc/riscv64-unknown-elf/8.2.0/../../../../riscv64-unknown-elf/lib/rv32imac/ilp32/libc.a
LOAD /home/stefan/Documents/Graduation/RISC-V-toolchain/riscv64-unknown-elf-gcc/bin/../lib/gcc/riscv64-unknown-elf/8.2.0/rv32imac/ilp32/libgcc.a
LOAD /home/stefan/Documents/Graduation/RISC-V-toolchain/freedom-e-sdk/bsp/sifive-hifive1-revb/install/lib/debug//libmetal.a
LOAD /home/stefan/Documents/Graduation/RISC-V-toolchain/freedom-e-sdk/bsp/sifive-hifive1-revb/install/lib/debug//libmetal-gloss.a
END GROUP
                0x0000000000001800                __stack_size = DEFINED (__stack_size)?__stack_size:0x1800
                0x0000000000000400                __heap_size = DEFINED (__heap_size)?__heap_size:0x400

.init           0x0000000020010000      0x136
 *(.text.metal.init.enter)
 .text.metal.init.enter
                0x0000000020010000       0x54 /home/stefan/Documents/Graduation/RISC-V-toolchain/freedom-e-sdk/bsp/sifive-hifive1-revb/install/lib/debug//libmetal.a(libriscv__mmachine__sifive-hifive1-revb_a-entry.o)
                0x0000000020010000                _enter
 *(SORT_NONE(.init))
 *(.text.libgloss.start)
 .text.libgloss.start
                0x0000000020010054       0xe2 /home/stefan/Documents/Graduation/RISC-V-toolchain/freedom-e-sdk/bsp/sifive-hifive1-revb/install/lib/debug//libmetal-gloss.a(crt0.o)
                0x0000000020010054                _start
                0x0000000020010134                _init
                0x0000000020010134                _fini

.text           0x0000000020010180    0x109c2
 *(.text.unlikely .text.unlikely.*)
 *(.text.startup .text.startup.*)
 *(.text .text.*)
 .text          0x0000000020010180      0xb96 build/benchmark.o
                0x0000000020010180                printresult
                0x00000000200101dc                printresultreverse
                0x0000000020010226                printintarray
                0x000000002001026a                printchararray
                0x00000000200102b0                printcounters
                0x0000000020010308                dobenchmark
 *fill*         0x0000000020010d16        0x2 
 .text          0x0000000020010d18       0x24 build/main.o
                0x0000000020010d18                main
                0x0000000020010d2c                printdebug
 .text          0x0000000020010d3c       0x36 build/cyclecounter.o
                0x0000000020010d3c                getcycles
                0x0000000020010d56                icachemisses
                0x0000000020010d68                getsp
                0x0000000020010d6c                getra
 *fill*         0x0000000020010d72        0x2 
 .text          0x0000000020010d74       0x8c build/lib.a(crypto_scalarmult.o)
                0x0000000020010d74                crypto_scalarmult_asm
 .text          0x0000000020010e00      0x396 build/lib.a(mainloop.o)
                0x0000000020010e00                mainloop226_asm
 *fill*         0x0000000020011196        0x2 
 .text          0x0000000020011198     0x120c build/lib.a(scalarmult.o)
                0x0000000020011198                add226
                0x000000002001123c                add226_wo_squeeze
                0x00000000200112da                sub226
                0x00000000200114ec                freeze
                0x0000000020011620                recip226
                0x0000000020011f9c                convert_to_radix226_255
                0x00000000200120e2                toradix28_255
                0x0000000020012208                crypto_scalarmult
 .text          0x00000000200123a4      0x5c8 build/lib.a(karatsuba226.o)
                0x00000000200123a4                karatsuba226_255
 .text          0x000000002001296c      0x176 build/lib.a(mul121665.o)
                0x000000002001296c                mul121665asm
 *fill*         0x0000000020012ae2        0x2 
 .text          0x0000000020012ae4      0x37c build/lib.a(karatsuba226_5.o)
                0x0000000020012ae4                karatsuba226_255_5asm
 .text          0x0000000020012e60      0x284 build/lib.a(crypto_select_asm.o)
                0x0000000020012e60                crypto_select_asm
 .text          0x00000000200130e4       0xf8 build/lib.a(squeeze226.o)
                0x00000000200130e4                squeeze226_255
 .text          0x00000000200131dc      0x1a8 /home/stefan/Documents/Graduation/RISC-V-toolchain/riscv64-unknown-elf-gcc/bin/../lib/gcc/riscv64-unknown-elf/8.2.0/../../../../riscv64-unknown-elf/lib/rv32imac/ilp32/libc.a(lib_a-fflush.o)
                0x00000000200131dc                __sflush_r
                0x0000000020013336                _fflush_r
                0x0000000020013364                fflush
 .text          0x0000000020013384      0x1e4 /home/stefan/Documents/Graduation/RISC-V-toolchain/riscv64-unknown-elf-gcc/bin/../lib/gcc/riscv64-unknown-elf/8.2.0/../../../../riscv64-unknown-elf/lib/rv32imac/ilp32/libc.a(lib_a-findfp.o)
                0x00000000200133f2                _cleanup_r
                0x0000000020013400                __sfmoreglue
                0x0000000020013446                _cleanup
                0x000000002001344e                __sinit
                0x000000002001349c                __sfp
                0x0000000020013538                __sfp_lock_acquire
                0x000000002001353a                __sfp_lock_release
                0x000000002001353c                __sinit_lock_acquire
                0x000000002001353e                __sinit_lock_release
                0x0000000020013540                __fp_lock_all
                0x0000000020013554                __fp_unlock_all
 .text          0x0000000020013568      0x2a0 /home/stefan/Documents/Graduation/RISC-V-toolchain/riscv64-unknown-elf-gcc/bin/../lib/gcc/riscv64-unknown-elf/8.2.0/../../../../riscv64-unknown-elf/lib/rv32imac/ilp32/libc.a(lib_a-freer.o)
                0x0000000020013568                _malloc_trim_r
                0x0000000020013638                _free_r
 .text          0x0000000020013808       0xce /home/stefan/Documents/Graduation/RISC-V-toolchain/riscv64-unknown-elf-gcc/bin/../lib/gcc/riscv64-unknown-elf/8.2.0/../../../../riscv64-unknown-elf/lib/rv32imac/ilp32/libc.a(lib_a-fwalk.o)
                0x0000000020013808                _fwalk
                0x000000002001386a                _fwalk_reent
 .text          0x00000000200138d6      0x50a /home/stefan/Documents/Graduation/RISC-V-toolchain/riscv64-unknown-elf-gcc/bin/../lib/gcc/riscv64-unknown-elf/8.2.0/../../../../riscv64-unknown-elf/lib/rv32imac/ilp32/libc.a(lib_a-mallocr.o)
                0x00000000200138d6                _malloc_r
 .text          0x0000000020013de0       0xb6 /home/stefan/Documents/Graduation/RISC-V-toolchain/riscv64-unknown-elf-gcc/bin/../lib/gcc/riscv64-unknown-elf/8.2.0/../../../../riscv64-unknown-elf/lib/rv32imac/ilp32/libc.a(lib_a-memcpy.o)
                0x0000000020013de0                memcpy
 .text          0x0000000020013e96       0xa8 /home/stefan/Documents/Graduation/RISC-V-toolchain/riscv64-unknown-elf-gcc/bin/../lib/gcc/riscv64-unknown-elf/8.2.0/../../../../riscv64-unknown-elf/lib/rv32imac/ilp32/libc.a(lib_a-memset.o)
                0x0000000020013e96                memset
 .text          0x0000000020013f3e        0x4 /home/stefan/Documents/Graduation/RISC-V-toolchain/riscv64-unknown-elf-gcc/bin/../lib/gcc/riscv64-unknown-elf/8.2.0/../../../../riscv64-unknown-elf/lib/rv32imac/ilp32/libc.a(lib_a-mlock.o)
                0x0000000020013f3e                __malloc_lock
                0x0000000020013f40                __malloc_unlock
 .text          0x0000000020013f42       0x4e /home/stefan/Documents/Graduation/RISC-V-toolchain/riscv64-unknown-elf-gcc/bin/../lib/gcc/riscv64-unknown-elf/8.2.0/../../../../riscv64-unknown-elf/lib/rv32imac/ilp32/libc.a(lib_a-printf.o)
                0x0000000020013f42                _printf_r
                0x0000000020013f62                printf
 .text          0x0000000020013f90       0x16 /home/stefan/Documents/Graduation/RISC-V-toolchain/riscv64-unknown-elf-gcc/bin/../lib/gcc/riscv64-unknown-elf/8.2.0/../../../../riscv64-unknown-elf/lib/rv32imac/ilp32/libc.a(lib_a-putchar.o)
                0x0000000020013f90                _putchar_r
                0x0000000020013f94                putchar
 .text          0x0000000020013fa6       0x68 /home/stefan/Documents/Graduation/RISC-V-toolchain/riscv64-unknown-elf-gcc/bin/../lib/gcc/riscv64-unknown-elf/8.2.0/../../../../riscv64-unknown-elf/lib/rv32imac/ilp32/libc.a(lib_a-putc.o)
                0x0000000020013fa6                _putc_r
                0x0000000020013ffe                putc
 .text          0x000000002001400e       0x82 /home/stefan/Documents/Graduation/RISC-V-toolchain/riscv64-unknown-elf-gcc/bin/../lib/gcc/riscv64-unknown-elf/8.2.0/../../../../riscv64-unknown-elf/lib/rv32imac/ilp32/libc.a(lib_a-puts.o)
                0x000000002001400e                _puts_r
                0x0000000020014082                puts
 .text          0x0000000020014090       0x2a /home/stefan/Documents/Graduation/RISC-V-toolchain/riscv64-unknown-elf-gcc/bin/../lib/gcc/riscv64-unknown-elf/8.2.0/../../../../riscv64-unknown-elf/lib/rv32imac/ilp32/libc.a(lib_a-sbrkr.o)
                0x0000000020014090                _sbrk_r
 .text          0x00000000200140ba       0xc8 /home/stefan/Documents/Graduation/RISC-V-toolchain/riscv64-unknown-elf-gcc/bin/../lib/gcc/riscv64-unknown-elf/8.2.0/../../../../riscv64-unknown-elf/lib/rv32imac/ilp32/libc.a(lib_a-stdio.o)
                0x00000000200140ba                __sread
                0x00000000200140ec                __seofread
                0x00000000200140f0                __swrite
                0x0000000020014142                __sseek
                0x000000002001417a                __sclose
 .text          0x0000000020014182       0x12 /home/stefan/Documents/Graduation/RISC-V-toolchain/riscv64-unknown-elf-gcc/bin/../lib/gcc/riscv64-unknown-elf/8.2.0/../../../../riscv64-unknown-elf/lib/rv32imac/ilp32/libc.a(lib_a-strlen.o)
                0x0000000020014182                strlen
 .text          0x0000000020014194     0x16b2 /home/stefan/Documents/Graduation/RISC-V-toolchain/riscv64-unknown-elf-gcc/bin/../lib/gcc/riscv64-unknown-elf/8.2.0/../../../../riscv64-unknown-elf/lib/rv32imac/ilp32/libc.a(lib_a-vfprintf.o)
                0x0000000020014194                _vfprintf_r
                0x00000000200157a6                vfprintf
 .text          0x0000000020015846       0xc8 /home/stefan/Documents/Graduation/RISC-V-toolchain/riscv64-unknown-elf-gcc/bin/../lib/gcc/riscv64-unknown-elf/8.2.0/../../../../riscv64-unknown-elf/lib/rv32imac/ilp32/libc.a(lib_a-wbuf.o)
                0x0000000020015846                __swbuf_r
                0x00000000200158fe                __swbuf
 .text          0x000000002001590e       0x2e /home/stefan/Documents/Graduation/RISC-V-toolchain/riscv64-unknown-elf-gcc/bin/../lib/gcc/riscv64-unknown-elf/8.2.0/../../../../riscv64-unknown-elf/lib/rv32imac/ilp32/libc.a(lib_a-writer.o)
                0x000000002001590e                _write_r
 .text          0x000000002001593c       0xe0 /home/stefan/Documents/Graduation/RISC-V-toolchain/riscv64-unknown-elf-gcc/bin/../lib/gcc/riscv64-unknown-elf/8.2.0/../../../../riscv64-unknown-elf/lib/rv32imac/ilp32/libc.a(lib_a-wsetup.o)
                0x000000002001593c                __swsetup_r
 .text          0x0000000020015a1c       0x2a /home/stefan/Documents/Graduation/RISC-V-toolchain/riscv64-unknown-elf-gcc/bin/../lib/gcc/riscv64-unknown-elf/8.2.0/../../../../riscv64-unknown-elf/lib/rv32imac/ilp32/libc.a(lib_a-closer.o)
                0x0000000020015a1c                _close_r
 .text          0x0000000020015a46       0x9c /home/stefan/Documents/Graduation/RISC-V-toolchain/riscv64-unknown-elf-gcc/bin/../lib/gcc/riscv64-unknown-elf/8.2.0/../../../../riscv64-unknown-elf/lib/rv32imac/ilp32/libc.a(lib_a-fclose.o)
                0x0000000020015a46                _fclose_r
                0x0000000020015ad4                fclose
 .text          0x0000000020015ae2      0x2e4 /home/stefan/Documents/Graduation/RISC-V-toolchain/riscv64-unknown-elf-gcc/bin/../lib/gcc/riscv64-unknown-elf/8.2.0/../../../../riscv64-unknown-elf/lib/rv32imac/ilp32/libc.a(lib_a-fvwrite.o)
                0x0000000020015ae2                __sfvwrite_r
 .text          0x0000000020015dc6     0x160e /home/stefan/Documents/Graduation/RISC-V-toolchain/riscv64-unknown-elf-gcc/bin/../lib/gcc/riscv64-unknown-elf/8.2.0/../../../../riscv64-unknown-elf/lib/rv32imac/ilp32/libc.a(lib_a-ldtoa.o)
                0x0000000020016aa4                _ldtoa_r
                0x0000000020017396                _ldcheck
 .text          0x00000000200173d4       0x3e /home/stefan/Documents/Graduation/RISC-V-toolchain/riscv64-unknown-elf-gcc/bin/../lib/gcc/riscv64-unknown-elf/8.2.0/../../../../riscv64-unknown-elf/lib/rv32imac/ilp32/libc.a(lib_a-localeconv.o)
                0x00000000200173d4                __localeconv_l
                0x00000000200173da                _localeconv_r
                0x00000000200173f6                localeconv
 .text          0x0000000020017412       0xa6 /home/stefan/Documents/Graduation/RISC-V-toolchain/riscv64-unknown-elf-gcc/bin/../lib/gcc/riscv64-unknown-elf/8.2.0/../../../../riscv64-unknown-elf/lib/rv32imac/ilp32/libc.a(lib_a-locale.o)
                0x0000000020017412                _setlocale_r
                0x000000002001746a                __locale_mb_cur_max
                0x0000000020017486                __locale_ctype_ptr_l
                0x000000002001748c                __locale_ctype_ptr
                0x00000000200174a8                setlocale
 .text          0x00000000200174b8       0x2e /home/stefan/Documents/Graduation/RISC-V-toolchain/riscv64-unknown-elf-gcc/bin/../lib/gcc/riscv64-unknown-elf/8.2.0/../../../../riscv64-unknown-elf/lib/rv32imac/ilp32/libc.a(lib_a-lseekr.o)
                0x00000000200174b8                _lseek_r
 .text          0x00000000200174e6      0x106 /home/stefan/Documents/Graduation/RISC-V-toolchain/riscv64-unknown-elf-gcc/bin/../lib/gcc/riscv64-unknown-elf/8.2.0/../../../../riscv64-unknown-elf/lib/rv32imac/ilp32/libc.a(lib_a-makebuf.o)
                0x00000000200174e6                __swhatbuf_r
                0x000000002001754c                __smakebuf_r
 .text          0x00000000200175ec       0x56 /home/stefan/Documents/Graduation/RISC-V-toolchain/riscv64-unknown-elf-gcc/bin/../lib/gcc/riscv64-unknown-elf/8.2.0/../../../../riscv64-unknown-elf/lib/rv32imac/ilp32/libc.a(lib_a-mbtowc_r.o)
                0x00000000200175ec                _mbtowc_r
                0x0000000020017608                __ascii_mbtowc
 .text          0x0000000020017642       0x1a /home/stefan/Documents/Graduation/RISC-V-toolchain/riscv64-unknown-elf-gcc/bin/../lib/gcc/riscv64-unknown-elf/8.2.0/../../../../riscv64-unknown-elf/lib/rv32imac/ilp32/libc.a(lib_a-memchr.o)
                0x0000000020017642                memchr
 .text          0x000000002001765c       0x4a /home/stefan/Documents/Graduation/RISC-V-toolchain/riscv64-unknown-elf-gcc/bin/../lib/gcc/riscv64-unknown-elf/8.2.0/../../../../riscv64-unknown-elf/lib/rv32imac/ilp32/libc.a(lib_a-memmove.o)
                0x000000002001765c                memmove
 .text          0x00000000200176a6      0x93c /home/stefan/Documents/Graduation/RISC-V-toolchain/riscv64-unknown-elf-gcc/bin/../lib/gcc/riscv64-unknown-elf/8.2.0/../../../../riscv64-unknown-elf/lib/rv32imac/ilp32/libc.a(lib_a-mprec.o)
                0x00000000200176a6                _Balloc
                0x000000002001770c                _Bfree
                0x0000000020017720                __multadd
                0x00000000200177b4                __s2b
                0x0000000020017854                __hi0bits
                0x000000002001789a                __lo0bits
                0x0000000020017904                __i2b
                0x000000002001791e                __multiply
                0x0000000020017a60                __pow5mult
                0x0000000020017af0                __lshift
                0x0000000020017bba                __mcmp
                0x0000000020017bec                __mdiff
                0x0000000020017cd8                __ulp
                0x0000000020017d1e                __b2d
                0x0000000020017dd0                __d2b
                0x0000000020017e9c                __ratio
                0x0000000020017f0c                _mprec_log10
                0x0000000020017f66                __copybits
                0x0000000020017f9c                __any_on
 .text          0x0000000020017fe2       0x2e /home/stefan/Documents/Graduation/RISC-V-toolchain/riscv64-unknown-elf-gcc/bin/../lib/gcc/riscv64-unknown-elf/8.2.0/../../../../riscv64-unknown-elf/lib/rv32imac/ilp32/libc.a(lib_a-readr.o)
                0x0000000020017fe2                _read_r
 .text          0x0000000020018010      0x3a0 /home/stefan/Documents/Graduation/RISC-V-toolchain/riscv64-unknown-elf-gcc/bin/../lib/gcc/riscv64-unknown-elf/8.2.0/../../../../riscv64-unknown-elf/lib/rv32imac/ilp32/libc.a(lib_a-reallocr.o)
                0x0000000020018010                _realloc_r
 .text          0x00000000200183b0       0x7e /home/stefan/Documents/Graduation/RISC-V-toolchain/riscv64-unknown-elf-gcc/bin/../lib/gcc/riscv64-unknown-elf/8.2.0/../../../../riscv64-unknown-elf/lib/rv32imac/ilp32/libc.a(lib_a-s_frexp.o)
                0x00000000200183b0                frexp
 .text          0x000000002001842e       0x82 /home/stefan/Documents/Graduation/RISC-V-toolchain/riscv64-unknown-elf-gcc/bin/../lib/gcc/riscv64-unknown-elf/8.2.0/../../../../riscv64-unknown-elf/lib/rv32imac/ilp32/libc.a(lib_a-sprintf.o)
                0x000000002001842e                _sprintf_r
                0x0000000020018468                sprintf
 .text          0x00000000200184b0      0x11e /home/stefan/Documents/Graduation/RISC-V-toolchain/riscv64-unknown-elf-gcc/bin/../lib/gcc/riscv64-unknown-elf/8.2.0/../../../../riscv64-unknown-elf/lib/rv32imac/ilp32/libc.a(lib_a-strcmp.o)
                0x00000000200184b0                strcmp
 .text          0x00000000200185ce       0x12 /home/stefan/Documents/Graduation/RISC-V-toolchain/riscv64-unknown-elf-gcc/bin/../lib/gcc/riscv64-unknown-elf/8.2.0/../../../../riscv64-unknown-elf/lib/rv32imac/ilp32/libc.a(lib_a-strcpy.o)
                0x00000000200185ce                strcpy
 .text          0x00000000200185e0       0x24 /home/stefan/Documents/Graduation/RISC-V-toolchain/riscv64-unknown-elf-gcc/bin/../lib/gcc/riscv64-unknown-elf/8.2.0/../../../../riscv64-unknown-elf/lib/rv32imac/ilp32/libc.a(lib_a-strncpy.o)
                0x00000000200185e0                strncpy
 .text          0x0000000020018604     0x15de /home/stefan/Documents/Graduation/RISC-V-toolchain/riscv64-unknown-elf-gcc/bin/../lib/gcc/riscv64-unknown-elf/8.2.0/../../../../riscv64-unknown-elf/lib/rv32imac/ilp32/libc.a(lib_a-svfprintf.o)
                0x0000000020018604                _svfprintf_r
 .text          0x0000000020019be2      0xa2a /home/stefan/Documents/Graduation/RISC-V-toolchain/riscv64-unknown-elf-gcc/bin/../lib/gcc/riscv64-unknown-elf/8.2.0/../../../../riscv64-unknown-elf/lib/rv32imac/ilp32/libc.a(lib_a-vfiprintf.o)
                0x0000000020019be2                __sprint_r
                0x0000000020019c7e                _vfiprintf_r
                0x000000002001a56c                vfiprintf
 .text          0x000000002001a60c       0x3c /home/stefan/Documents/Graduation/RISC-V-toolchain/riscv64-unknown-elf-gcc/bin/../lib/gcc/riscv64-unknown-elf/8.2.0/../../../../riscv64-unknown-elf/lib/rv32imac/ilp32/libc.a(lib_a-wctomb_r.o)
                0x000000002001a60c                _wctomb_r
                0x000000002001a628                __ascii_wctomb
 .text          0x000000002001a648       0x78 /home/stefan/Documents/Graduation/RISC-V-toolchain/riscv64-unknown-elf-gcc/bin/../lib/gcc/riscv64-unknown-elf/8.2.0/../../../../riscv64-unknown-elf/lib/rv32imac/ilp32/libc.a(lib_a-callocr.o)
                0x000000002001a648                _calloc_r
 .text          0x000000002001a6c0      0x106 /home/stefan/Documents/Graduation/RISC-V-toolchain/riscv64-unknown-elf-gcc/bin/../lib/gcc/riscv64-unknown-elf/8.2.0/../../../../riscv64-unknown-elf/lib/rv32imac/ilp32/libc.a(lib_a-fputwc.o)
                0x000000002001a6c0                __fputwc
                0x000000002001a774                _fputwc_r
                0x000000002001a792                fputwc
 .text          0x000000002001a7c6       0x2c /home/stefan/Documents/Graduation/RISC-V-toolchain/riscv64-unknown-elf-gcc/bin/../lib/gcc/riscv64-unknown-elf/8.2.0/../../../../riscv64-unknown-elf/lib/rv32imac/ilp32/libc.a(lib_a-fstatr.o)
                0x000000002001a7c6                _fstat_r
 .text          0x000000002001a7f2       0x2a /home/stefan/Documents/Graduation/RISC-V-toolchain/riscv64-unknown-elf-gcc/bin/../lib/gcc/riscv64-unknown-elf/8.2.0/../../../../riscv64-unknown-elf/lib/rv32imac/ilp32/libc.a(lib_a-isattyr.o)
                0x000000002001a7f2                _isatty_r
 .text          0x000000002001a81c      0x9ce /home/stefan/Documents/Graduation/RISC-V-toolchain/riscv64-unknown-elf-gcc/bin/../lib/gcc/riscv64-unknown-elf/8.2.0/../../../../riscv64-unknown-elf/lib/rv32imac/ilp32/libc.a(lib_a-svfiprintf.o)
                0x000000002001a81c                __ssprint_r
                0x000000002001a950                _svfiprintf_r
 .text          0x000000002001b1ea       0x70 /home/stefan/Documents/Graduation/RISC-V-toolchain/riscv64-unknown-elf-gcc/bin/../lib/gcc/riscv64-unknown-elf/8.2.0/../../../../riscv64-unknown-elf/lib/rv32imac/ilp32/libc.a(lib_a-wcrtomb.o)
                0x000000002001b1ea                _wcrtomb_r
                0x000000002001b248                wcrtomb
 .text          0x000000002001b25a      0x35e /home/stefan/Documents/Graduation/RISC-V-toolchain/riscv64-unknown-elf-gcc/bin/../lib/gcc/riscv64-unknown-elf/8.2.0/rv32imac/ilp32/libgcc.a(_udivdi3.o)
                0x000000002001b25a                __udivdi3
 .text          0x000000002001b5b8      0x352 /home/stefan/Documents/Graduation/RISC-V-toolchain/riscv64-unknown-elf-gcc/bin/../lib/gcc/riscv64-unknown-elf/8.2.0/rv32imac/ilp32/libgcc.a(_umoddi3.o)
                0x000000002001b5b8                __umoddi3
 .text          0x000000002001b90a      0x54a /home/stefan/Documents/Graduation/RISC-V-toolchain/riscv64-unknown-elf-gcc/bin/../lib/gcc/riscv64-unknown-elf/8.2.0/rv32imac/ilp32/libgcc.a(divdf3.o)
                0x000000002001b90a                __divdf3
 .text          0x000000002001be54      0x450 /home/stefan/Documents/Graduation/RISC-V-toolchain/riscv64-unknown-elf-gcc/bin/../lib/gcc/riscv64-unknown-elf/8.2.0/rv32imac/ilp32/libgcc.a(muldf3.o)
                0x000000002001be54                __muldf3
 .text          0x000000002001c2a4       0xa6 /home/stefan/Documents/Graduation/RISC-V-toolchain/riscv64-unknown-elf-gcc/bin/../lib/gcc/riscv64-unknown-elf/8.2.0/rv32imac/ilp32/libgcc.a(eqtf2.o)
                0x000000002001c2a4                __eqtf2
                0x000000002001c2a4                __netf2
 .text          0x000000002001c34a       0xfa /home/stefan/Documents/Graduation/RISC-V-toolchain/riscv64-unknown-elf-gcc/bin/../lib/gcc/riscv64-unknown-elf/8.2.0/rv32imac/ilp32/libgcc.a(getf2.o)
                0x000000002001c34a                __getf2
                0x000000002001c34a                __gttf2
 .text          0x000000002001c444       0xfa /home/stefan/Documents/Graduation/RISC-V-toolchain/riscv64-unknown-elf-gcc/bin/../lib/gcc/riscv64-unknown-elf/8.2.0/rv32imac/ilp32/libgcc.a(letf2.o)
                0x000000002001c444                __letf2
                0x000000002001c444                __lttf2
 .text          0x000000002001c53e      0xb3c /home/stefan/Documents/Graduation/RISC-V-toolchain/riscv64-unknown-elf-gcc/bin/../lib/gcc/riscv64-unknown-elf/8.2.0/rv32imac/ilp32/libgcc.a(multf3.o)
                0x000000002001c53e                __multf3
 .text          0x000000002001d07a      0xe5c /home/stefan/Documents/Graduation/RISC-V-toolchain/riscv64-unknown-elf-gcc/bin/../lib/gcc/riscv64-unknown-elf/8.2.0/rv32imac/ilp32/libgcc.a(subtf3.o)
                0x000000002001d07a                __subtf3
 .text          0x000000002001ded6       0xec /home/stefan/Documents/Graduation/RISC-V-toolchain/riscv64-unknown-elf-gcc/bin/../lib/gcc/riscv64-unknown-elf/8.2.0/rv32imac/ilp32/libgcc.a(fixtfsi.o)
                0x000000002001ded6                __fixtfsi
 .text          0x000000002001dfc2       0xf8 /home/stefan/Documents/Graduation/RISC-V-toolchain/riscv64-unknown-elf-gcc/bin/../lib/gcc/riscv64-unknown-elf/8.2.0/rv32imac/ilp32/libgcc.a(floatsitf.o)
                0x000000002001dfc2                __floatsitf
 .text          0x000000002001e0ba      0x152 /home/stefan/Documents/Graduation/RISC-V-toolchain/riscv64-unknown-elf-gcc/bin/../lib/gcc/riscv64-unknown-elf/8.2.0/rv32imac/ilp32/libgcc.a(extenddftf2.o)
                0x000000002001e0ba                __extenddftf2
 .text          0x000000002001e20c      0x230 /home/stefan/Documents/Graduation/RISC-V-toolchain/riscv64-unknown-elf-gcc/bin/../lib/gcc/riscv64-unknown-elf/8.2.0/rv32imac/ilp32/libgcc.a(trunctfdf2.o)
                0x000000002001e20c                __trunctfdf2
 .text          0x000000002001e43c       0x3c /home/stefan/Documents/Graduation/RISC-V-toolchain/riscv64-unknown-elf-gcc/bin/../lib/gcc/riscv64-unknown-elf/8.2.0/rv32imac/ilp32/libgcc.a(_clzsi2.o)
                0x000000002001e43c                __clzsi2
 .text.metal.init.trapvec
                0x000000002001e478        0x2 /home/stefan/Documents/Graduation/RISC-V-toolchain/freedom-e-sdk/bsp/sifive-hifive1-revb/install/lib/debug//libmetal.a(libriscv__mmachine__sifive-hifive1-revb_a-entry.o)
 .text._close   0x000000002001e47a       0x22 /home/stefan/Documents/Graduation/RISC-V-toolchain/freedom-e-sdk/bsp/sifive-hifive1-revb/install/lib/debug//libmetal-gloss.a(sys_close.o)
                0x000000002001e47a                _close
 .text._fstat   0x000000002001e49c       0x26 /home/stefan/Documents/Graduation/RISC-V-toolchain/freedom-e-sdk/bsp/sifive-hifive1-revb/install/lib/debug//libmetal-gloss.a(sys_fstat.o)
                0x000000002001e49c                _fstat
 .text._isatty  0x000000002001e4c2       0x20 /home/stefan/Documents/Graduation/RISC-V-toolchain/freedom-e-sdk/bsp/sifive-hifive1-revb/install/lib/debug//libmetal-gloss.a(sys_isatty.o)
                0x000000002001e4c2                _isatty
 .text._lseek   0x000000002001e4e2       0x2a /home/stefan/Documents/Graduation/RISC-V-toolchain/freedom-e-sdk/bsp/sifive-hifive1-revb/install/lib/debug//libmetal-gloss.a(sys_lseek.o)
                0x000000002001e4e2                _lseek
 .text._read    0x000000002001e50c       0x2a /home/stefan/Documents/Graduation/RISC-V-toolchain/freedom-e-sdk/bsp/sifive-hifive1-revb/install/lib/debug//libmetal-gloss.a(sys_read.o)
                0x000000002001e50c                _read
 .text._sbrk    0x000000002001e536       0x68 /home/stefan/Documents/Graduation/RISC-V-toolchain/freedom-e-sdk/bsp/sifive-hifive1-revb/install/lib/debug//libmetal-gloss.a(sys_sbrk.o)
                0x000000002001e536                _sbrk
 .text._write   0x000000002001e59e       0x6e /home/stefan/Documents/Graduation/RISC-V-toolchain/freedom-e-sdk/bsp/sifive-hifive1-revb/install/lib/debug//libmetal-gloss.a(sys_write.o)
                0x000000002001e59e                _write
 .text          0x000000002001e60c        0xa /home/stefan/Documents/Graduation/RISC-V-toolchain/riscv64-unknown-elf-gcc/bin/../lib/gcc/riscv64-unknown-elf/8.2.0/../../../../riscv64-unknown-elf/lib/rv32imac/ilp32/libc.a(lib_a-atexit.o)
                0x000000002001e60c                atexit
 .text          0x000000002001e616        0xc /home/stefan/Documents/Graduation/RISC-V-toolchain/riscv64-unknown-elf-gcc/bin/../lib/gcc/riscv64-unknown-elf/8.2.0/../../../../riscv64-unknown-elf/lib/rv32imac/ilp32/libc.a(lib_a-errno.o)
                0x000000002001e616                __errno
 .text          0x000000002001e622       0x1e /home/stefan/Documents/Graduation/RISC-V-toolchain/riscv64-unknown-elf-gcc/bin/../lib/gcc/riscv64-unknown-elf/8.2.0/../../../../riscv64-unknown-elf/lib/rv32imac/ilp32/libc.a(lib_a-exit.o)
                0x000000002001e622                exit
 .text          0x000000002001e640       0x3a /home/stefan/Documents/Graduation/RISC-V-toolchain/riscv64-unknown-elf-gcc/bin/../lib/gcc/riscv64-unknown-elf/8.2.0/../../../../riscv64-unknown-elf/lib/rv32imac/ilp32/libc.a(lib_a-fini.o)
                0x000000002001e640                __libc_fini_array
 .text          0x000000002001e67a       0x6e /home/stefan/Documents/Graduation/RISC-V-toolchain/riscv64-unknown-elf-gcc/bin/../lib/gcc/riscv64-unknown-elf/8.2.0/../../../../riscv64-unknown-elf/lib/rv32imac/ilp32/libc.a(lib_a-init.o)
                0x000000002001e67a                __libc_init_array
 .text          0x000000002001e6e8       0x62 /home/stefan/Documents/Graduation/RISC-V-toolchain/riscv64-unknown-elf-gcc/bin/../lib/gcc/riscv64-unknown-elf/8.2.0/../../../../riscv64-unknown-elf/lib/rv32imac/ilp32/libc.a(lib_a-__atexit.o)
                0x000000002001e6e8                __register_exitproc
 .text          0x000000002001e74a       0xae /home/stefan/Documents/Graduation/RISC-V-toolchain/riscv64-unknown-elf-gcc/bin/../lib/gcc/riscv64-unknown-elf/8.2.0/../../../../riscv64-unknown-elf/lib/rv32imac/ilp32/libc.a(lib_a-__call_atexit.o)
                0x000000002001e74a                __call_exitprocs
 .text.metal_tty_putc
                0x000000002001e7f8       0x50 /home/stefan/Documents/Graduation/RISC-V-toolchain/freedom-e-sdk/bsp/sifive-hifive1-revb/install/lib/debug//libmetal.a(libriscv__mmachine__sifive-hifive1-revb_a-tty.o)
                0x000000002001e7f8                metal_tty_putc
 .text.metal_tty_init
                0x000000002001e848       0x22 /home/stefan/Documents/Graduation/RISC-V-toolchain/freedom-e-sdk/bsp/sifive-hifive1-revb/install/lib/debug//libmetal.a(libriscv__mmachine__sifive-hifive1-revb_a-tty.o)
 .text.metal_uart_init
                0x000000002001e86a       0x2a /home/stefan/Documents/Graduation/RISC-V-toolchain/freedom-e-sdk/bsp/sifive-hifive1-revb/install/lib/debug//libmetal.a(libriscv__mmachine__sifive-hifive1-revb_a-uart.o)
                0x000000002001e86a                metal_uart_init
 .text.metal_uart_putc
                0x000000002001e894       0x32 /home/stefan/Documents/Graduation/RISC-V-toolchain/freedom-e-sdk/bsp/sifive-hifive1-revb/install/lib/debug//libmetal.a(libriscv__mmachine__sifive-hifive1-revb_a-uart.o)
                0x000000002001e894                metal_uart_putc
 .text.metal_uart_set_baud_rate
                0x000000002001e8c6       0x2e /home/stefan/Documents/Graduation/RISC-V-toolchain/freedom-e-sdk/bsp/sifive-hifive1-revb/install/lib/debug//libmetal.a(libriscv__mmachine__sifive-hifive1-revb_a-uart.o)
                0x000000002001e8c6                metal_uart_set_baud_rate
 .text.__metal_driver_fixed_clock_get_rate_hz
                0x000000002001e8f4       0x20 /home/stefan/Documents/Graduation/RISC-V-toolchain/freedom-e-sdk/bsp/sifive-hifive1-revb/install/lib/debug//libmetal.a(libriscv__mmachine__sifive-hifive1-revb_a-fixed-clock.o)
                0x000000002001e8f4                __metal_driver_fixed_clock_get_rate_hz
 .text.__metal_driver_fixed_clock_set_rate_hz
                0x000000002001e914       0x24 /home/stefan/Documents/Graduation/RISC-V-toolchain/freedom-e-sdk/bsp/sifive-hifive1-revb/install/lib/debug//libmetal.a(libriscv__mmachine__sifive-hifive1-revb_a-fixed-clock.o)
                0x000000002001e914                __metal_driver_fixed_clock_set_rate_hz
 .text.__metal_clint0_mtime_get
                0x000000002001e938       0x76 /home/stefan/Documents/Graduation/RISC-V-toolchain/freedom-e-sdk/bsp/sifive-hifive1-revb/install/lib/debug//libmetal.a(libriscv__mmachine__sifive-hifive1-revb_a-riscv,clint0.o)
                0x000000002001e938                __metal_clint0_mtime_get
 .text.__metal_clint0_mtime_set
                0x000000002001e9ae       0x58 /home/stefan/Documents/Graduation/RISC-V-toolchain/freedom-e-sdk/bsp/sifive-hifive1-revb/install/lib/debug//libmetal.a(libriscv__mmachine__sifive-hifive1-revb_a-riscv,clint0.o)
                0x000000002001e9ae                __metal_clint0_mtime_set
 .text.__metal_driver_riscv_clint0_init
                0x000000002001ea06       0x7e /home/stefan/Documents/Graduation/RISC-V-toolchain/freedom-e-sdk/bsp/sifive-hifive1-revb/install/lib/debug//libmetal.a(libriscv__mmachine__sifive-hifive1-revb_a-riscv,clint0.o)
                0x000000002001ea06                __metal_driver_riscv_clint0_init
 .text.__metal_driver_riscv_clint0_register
                0x000000002001ea84       0x62 /home/stefan/Documents/Graduation/RISC-V-toolchain/freedom-e-sdk/bsp/sifive-hifive1-revb/install/lib/debug//libmetal.a(libriscv__mmachine__sifive-hifive1-revb_a-riscv,clint0.o)
                0x000000002001ea84                __metal_driver_riscv_clint0_register
 .text.__metal_driver_riscv_clint0_enable
                0x000000002001eae6       0x56 /home/stefan/Documents/Graduation/RISC-V-toolchain/freedom-e-sdk/bsp/sifive-hifive1-revb/install/lib/debug//libmetal.a(libriscv__mmachine__sifive-hifive1-revb_a-riscv,clint0.o)
                0x000000002001eae6                __metal_driver_riscv_clint0_enable
 .text.__metal_driver_riscv_clint0_disable
                0x000000002001eb3c       0x56 /home/stefan/Documents/Graduation/RISC-V-toolchain/freedom-e-sdk/bsp/sifive-hifive1-revb/install/lib/debug//libmetal.a(libriscv__mmachine__sifive-hifive1-revb_a-riscv,clint0.o)
                0x000000002001eb3c                __metal_driver_riscv_clint0_disable
 .text.__metal_driver_riscv_clint0_command_request
                0x000000002001eb92      0x126 /home/stefan/Documents/Graduation/RISC-V-toolchain/freedom-e-sdk/bsp/sifive-hifive1-revb/install/lib/debug//libmetal.a(libriscv__mmachine__sifive-hifive1-revb_a-riscv,clint0.o)
                0x000000002001eb92                __metal_driver_riscv_clint0_command_request
 .text.__metal_driver_cpu_get
                0x000000002001ecb8       0x2c /home/stefan/Documents/Graduation/RISC-V-toolchain/freedom-e-sdk/bsp/sifive-hifive1-revb/install/lib/debug//libmetal.a(libriscv__mmachine__sifive-hifive1-revb_a-riscv,cpu.o)
                0x000000002001ecb8                __metal_driver_cpu_get
 .text.__metal_myhart_id
                0x000000002001ece4       0x1a /home/stefan/Documents/Graduation/RISC-V-toolchain/freedom-e-sdk/bsp/sifive-hifive1-revb/install/lib/debug//libmetal.a(libriscv__mmachine__sifive-hifive1-revb_a-riscv,cpu.o)
                0x000000002001ece4                __metal_myhart_id
 .text.__metal_interrupt_global_enable
                0x000000002001ecfe       0x18 /home/stefan/Documents/Graduation/RISC-V-toolchain/freedom-e-sdk/bsp/sifive-hifive1-revb/install/lib/debug//libmetal.a(libriscv__mmachine__sifive-hifive1-revb_a-riscv,cpu.o)
                0x000000002001ecfe                __metal_interrupt_global_enable
 .text.__metal_interrupt_global_disable
                0x000000002001ed16       0x18 /home/stefan/Documents/Graduation/RISC-V-toolchain/freedom-e-sdk/bsp/sifive-hifive1-revb/install/lib/debug//libmetal.a(libriscv__mmachine__sifive-hifive1-revb_a-riscv,cpu.o)
                0x000000002001ed16                __metal_interrupt_global_disable
 .text.__metal_interrupt_software_enable
                0x000000002001ed2e       0x18 /home/stefan/Documents/Graduation/RISC-V-toolchain/freedom-e-sdk/bsp/sifive-hifive1-revb/install/lib/debug//libmetal.a(libriscv__mmachine__sifive-hifive1-revb_a-riscv,cpu.o)
                0x000000002001ed2e                __metal_interrupt_software_enable
 .text.__metal_interrupt_software_disable
                0x000000002001ed46       0x18 /home/stefan/Documents/Graduation/RISC-V-toolchain/freedom-e-sdk/bsp/sifive-hifive1-revb/install/lib/debug//libmetal.a(libriscv__mmachine__sifive-hifive1-revb_a-riscv,cpu.o)
                0x000000002001ed46                __metal_interrupt_software_disable
 .text.__metal_interrupt_timer_enable
                0x000000002001ed5e       0x1a /home/stefan/Documents/Graduation/RISC-V-toolchain/freedom-e-sdk/bsp/sifive-hifive1-revb/install/lib/debug//libmetal.a(libriscv__mmachine__sifive-hifive1-revb_a-riscv,cpu.o)
                0x000000002001ed5e                __metal_interrupt_timer_enable
 .text.__metal_interrupt_timer_disable
                0x000000002001ed78       0x1a /home/stefan/Documents/Graduation/RISC-V-toolchain/freedom-e-sdk/bsp/sifive-hifive1-revb/install/lib/debug//libmetal.a(libriscv__mmachine__sifive-hifive1-revb_a-riscv,cpu.o)
                0x000000002001ed78                __metal_interrupt_timer_disable
 .text.__metal_interrupt_external_enable
                0x000000002001ed92       0x1c /home/stefan/Documents/Graduation/RISC-V-toolchain/freedom-e-sdk/bsp/sifive-hifive1-revb/install/lib/debug//libmetal.a(libriscv__mmachine__sifive-hifive1-revb_a-riscv,cpu.o)
                0x000000002001ed92                __metal_interrupt_external_enable
 .text.__metal_interrupt_external_disable
                0x000000002001edae       0x1c /home/stefan/Documents/Graduation/RISC-V-toolchain/freedom-e-sdk/bsp/sifive-hifive1-revb/install/lib/debug//libmetal.a(libriscv__mmachine__sifive-hifive1-revb_a-riscv,cpu.o)
                0x000000002001edae                __metal_interrupt_external_disable
 .text.__metal_interrupt_local_enable
                0x000000002001edca       0x2c /home/stefan/Documents/Graduation/RISC-V-toolchain/freedom-e-sdk/bsp/sifive-hifive1-revb/install/lib/debug//libmetal.a(libriscv__mmachine__sifive-hifive1-revb_a-riscv,cpu.o)
                0x000000002001edca                __metal_interrupt_local_enable
 .text.__metal_interrupt_local_disable
                0x000000002001edf6       0x2c /home/stefan/Documents/Graduation/RISC-V-toolchain/freedom-e-sdk/bsp/sifive-hifive1-revb/install/lib/debug//libmetal.a(libriscv__mmachine__sifive-hifive1-revb_a-riscv,cpu.o)
                0x000000002001edf6                __metal_interrupt_local_disable
 .text.__metal_default_exception_handler
                0x000000002001ee22       0x18 /home/stefan/Documents/Graduation/RISC-V-toolchain/freedom-e-sdk/bsp/sifive-hifive1-revb/install/lib/debug//libmetal.a(libriscv__mmachine__sifive-hifive1-revb_a-riscv,cpu.o)
                0x000000002001ee22                __metal_default_exception_handler
 .text.__metal_default_interrupt_handler
                0x000000002001ee3a       0x18 /home/stefan/Documents/Graduation/RISC-V-toolchain/freedom-e-sdk/bsp/sifive-hifive1-revb/install/lib/debug//libmetal.a(libriscv__mmachine__sifive-hifive1-revb_a-riscv,cpu.o)
                0x000000002001ee3a                __metal_default_interrupt_handler
 .text.__metal_default_sw_handler
                0x000000002001ee52       0x66 /home/stefan/Documents/Graduation/RISC-V-toolchain/freedom-e-sdk/bsp/sifive-hifive1-revb/install/lib/debug//libmetal.a(libriscv__mmachine__sifive-hifive1-revb_a-riscv,cpu.o)
                0x000000002001ee52                __metal_default_sw_handler
 .text.__metal_default_timer_handler
                0x000000002001eeb8       0x6a /home/stefan/Documents/Graduation/RISC-V-toolchain/freedom-e-sdk/bsp/sifive-hifive1-revb/install/lib/debug//libmetal.a(libriscv__mmachine__sifive-hifive1-revb_a-riscv,cpu.o)
                0x000000002001eeb8                __metal_default_timer_handler
 *fill*         0x000000002001ef22       0x5e 
 .text.__metal_exception_handler
                0x000000002001ef80      0x17a /home/stefan/Documents/Graduation/RISC-V-toolchain/freedom-e-sdk/bsp/sifive-hifive1-revb/install/lib/debug//libmetal.a(libriscv__mmachine__sifive-hifive1-revb_a-riscv,cpu.o)
                0x000000002001ef80                __metal_exception_handler
 .text.__metal_controller_interrupt_vector
                0x000000002001f0fa       0xa6 /home/stefan/Documents/Graduation/RISC-V-toolchain/freedom-e-sdk/bsp/sifive-hifive1-revb/install/lib/debug//libmetal.a(libriscv__mmachine__sifive-hifive1-revb_a-riscv,cpu.o)
                0x000000002001f0fa                __metal_controller_interrupt_vector
 .text.__metal_valid_interrupt_id
                0x000000002001f1a0       0x38 /home/stefan/Documents/Graduation/RISC-V-toolchain/freedom-e-sdk/bsp/sifive-hifive1-revb/install/lib/debug//libmetal.a(libriscv__mmachine__sifive-hifive1-revb_a-riscv,cpu.o)
                0x000000002001f1a0                __metal_valid_interrupt_id
 .text.__metal_local_interrupt_enable
                0x000000002001f1d8       0xb6 /home/stefan/Documents/Graduation/RISC-V-toolchain/freedom-e-sdk/bsp/sifive-hifive1-revb/install/lib/debug//libmetal.a(libriscv__mmachine__sifive-hifive1-revb_a-riscv,cpu.o)
                0x000000002001f1d8                __metal_local_interrupt_enable
 .text.__metal_exception_register
                0x000000002001f28e       0x4e /home/stefan/Documents/Graduation/RISC-V-toolchain/freedom-e-sdk/bsp/sifive-hifive1-revb/install/lib/debug//libmetal.a(libriscv__mmachine__sifive-hifive1-revb_a-riscv,cpu.o)
                0x000000002001f28e                __metal_exception_register
 .text.__metal_driver_riscv_cpu_controller_interrupt_init
                0x000000002001f2dc       0xf6 /home/stefan/Documents/Graduation/RISC-V-toolchain/freedom-e-sdk/bsp/sifive-hifive1-revb/install/lib/debug//libmetal.a(libriscv__mmachine__sifive-hifive1-revb_a-riscv,cpu.o)
                0x000000002001f2dc                __metal_driver_riscv_cpu_controller_interrupt_init
 .text.__metal_driver_riscv_cpu_controller_interrupt_register
                0x000000002001f3d2      0x14a /home/stefan/Documents/Graduation/RISC-V-toolchain/freedom-e-sdk/bsp/sifive-hifive1-revb/install/lib/debug//libmetal.a(libriscv__mmachine__sifive-hifive1-revb_a-riscv,cpu.o)
                0x000000002001f3d2                __metal_driver_riscv_cpu_controller_interrupt_register
 .text.__metal_driver_riscv_cpu_controller_interrupt_enable
                0x000000002001f51c       0x2c /home/stefan/Documents/Graduation/RISC-V-toolchain/freedom-e-sdk/bsp/sifive-hifive1-revb/install/lib/debug//libmetal.a(libriscv__mmachine__sifive-hifive1-revb_a-riscv,cpu.o)
                0x000000002001f51c                __metal_driver_riscv_cpu_controller_interrupt_enable
 .text.__metal_driver_riscv_cpu_controller_interrupt_disable
                0x000000002001f548       0x2c /home/stefan/Documents/Graduation/RISC-V-toolchain/freedom-e-sdk/bsp/sifive-hifive1-revb/install/lib/debug//libmetal.a(libriscv__mmachine__sifive-hifive1-revb_a-riscv,cpu.o)
                0x000000002001f548                __metal_driver_riscv_cpu_controller_interrupt_disable
 .text.__metal_driver_riscv_cpu_controller_interrupt_enable_vector
                0x000000002001f574       0x66 /home/stefan/Documents/Graduation/RISC-V-toolchain/freedom-e-sdk/bsp/sifive-hifive1-revb/install/lib/debug//libmetal.a(libriscv__mmachine__sifive-hifive1-revb_a-riscv,cpu.o)
                0x000000002001f574                __metal_driver_riscv_cpu_controller_interrupt_enable_vector
 .text.__metal_driver_riscv_cpu_controller_interrupt_disable_vector
                0x000000002001f5da       0x3c /home/stefan/Documents/Graduation/RISC-V-toolchain/freedom-e-sdk/bsp/sifive-hifive1-revb/install/lib/debug//libmetal.a(libriscv__mmachine__sifive-hifive1-revb_a-riscv,cpu.o)
                0x000000002001f5da                __metal_driver_riscv_cpu_controller_interrupt_disable_vector
 .text.__metal_driver_riscv_cpu_controller_command_request
                0x000000002001f616       0x1c /home/stefan/Documents/Graduation/RISC-V-toolchain/freedom-e-sdk/bsp/sifive-hifive1-revb/install/lib/debug//libmetal.a(libriscv__mmachine__sifive-hifive1-revb_a-riscv,cpu.o)
                0x000000002001f616                __metal_driver_riscv_cpu_controller_command_request
 .text.__metal_driver_cpu_timer_get
                0x000000002001f632       0x72 /home/stefan/Documents/Graduation/RISC-V-toolchain/freedom-e-sdk/bsp/sifive-hifive1-revb/install/lib/debug//libmetal.a(libriscv__mmachine__sifive-hifive1-revb_a-riscv,cpu.o)
                0x000000002001f632                __metal_driver_cpu_timer_get
 .text.__metal_driver_cpu_timebase_get
                0x000000002001f6a4       0x34 /home/stefan/Documents/Graduation/RISC-V-toolchain/freedom-e-sdk/bsp/sifive-hifive1-revb/install/lib/debug//libmetal.a(libriscv__mmachine__sifive-hifive1-revb_a-riscv,cpu.o)
                0x000000002001f6a4                __metal_driver_cpu_timebase_get
 .text.__metal_driver_cpu_mtime_get
                0x000000002001f6d8       0x6e /home/stefan/Documents/Graduation/RISC-V-toolchain/freedom-e-sdk/bsp/sifive-hifive1-revb/install/lib/debug//libmetal.a(libriscv__mmachine__sifive-hifive1-revb_a-riscv,cpu.o)
                0x000000002001f6d8                __metal_driver_cpu_mtime_get
 .text.__metal_driver_cpu_mtimecmp_set
                0x000000002001f746       0x6e /home/stefan/Documents/Graduation/RISC-V-toolchain/freedom-e-sdk/bsp/sifive-hifive1-revb/install/lib/debug//libmetal.a(libriscv__mmachine__sifive-hifive1-revb_a-riscv,cpu.o)
                0x000000002001f746                __metal_driver_cpu_mtimecmp_set
 .text.__metal_driver_cpu_timer_controller_interrupt
                0x000000002001f7b4       0x1a /home/stefan/Documents/Graduation/RISC-V-toolchain/freedom-e-sdk/bsp/sifive-hifive1-revb/install/lib/debug//libmetal.a(libriscv__mmachine__sifive-hifive1-revb_a-riscv,cpu.o)
                0x000000002001f7b4                __metal_driver_cpu_timer_controller_interrupt
 .text.__metal_driver_cpu_get_timer_interrupt_id
                0x000000002001f7ce       0x14 /home/stefan/Documents/Graduation/RISC-V-toolchain/freedom-e-sdk/bsp/sifive-hifive1-revb/install/lib/debug//libmetal.a(libriscv__mmachine__sifive-hifive1-revb_a-riscv,cpu.o)
                0x000000002001f7ce                __metal_driver_cpu_get_timer_interrupt_id
 .text.__metal_driver_cpu_sw_controller_interrupt
                0x000000002001f7e2       0x1a /home/stefan/Documents/Graduation/RISC-V-toolchain/freedom-e-sdk/bsp/sifive-hifive1-revb/install/lib/debug//libmetal.a(libriscv__mmachine__sifive-hifive1-revb_a-riscv,cpu.o)
                0x000000002001f7e2                __metal_driver_cpu_sw_controller_interrupt
 .text.__metal_driver_cpu_get_sw_interrupt_id
                0x000000002001f7fc       0x14 /home/stefan/Documents/Graduation/RISC-V-toolchain/freedom-e-sdk/bsp/sifive-hifive1-revb/install/lib/debug//libmetal.a(libriscv__mmachine__sifive-hifive1-revb_a-riscv,cpu.o)
                0x000000002001f7fc                __metal_driver_cpu_get_sw_interrupt_id
 .text.__metal_driver_cpu_set_sw_ipi
                0x000000002001f810       0x6a /home/stefan/Documents/Graduation/RISC-V-toolchain/freedom-e-sdk/bsp/sifive-hifive1-revb/install/lib/debug//libmetal.a(libriscv__mmachine__sifive-hifive1-revb_a-riscv,cpu.o)
                0x000000002001f810                __metal_driver_cpu_set_sw_ipi
 .text.__metal_driver_cpu_clear_sw_ipi
                0x000000002001f87a       0x6a /home/stefan/Documents/Graduation/RISC-V-toolchain/freedom-e-sdk/bsp/sifive-hifive1-revb/install/lib/debug//libmetal.a(libriscv__mmachine__sifive-hifive1-revb_a-riscv,cpu.o)
                0x000000002001f87a                __metal_driver_cpu_clear_sw_ipi
 .text.__metal_driver_cpu_get_msip
                0x000000002001f8e4       0x68 /home/stefan/Documents/Graduation/RISC-V-toolchain/freedom-e-sdk/bsp/sifive-hifive1-revb/install/lib/debug//libmetal.a(libriscv__mmachine__sifive-hifive1-revb_a-riscv,cpu.o)
                0x000000002001f8e4                __metal_driver_cpu_get_msip
 .text.__metal_driver_cpu_controller_interrupt
                0x000000002001f94c       0x20 /home/stefan/Documents/Graduation/RISC-V-toolchain/freedom-e-sdk/bsp/sifive-hifive1-revb/install/lib/debug//libmetal.a(libriscv__mmachine__sifive-hifive1-revb_a-riscv,cpu.o)
                0x000000002001f94c                __metal_driver_cpu_controller_interrupt
 .text.__metal_driver_cpu_exception_register
                0x000000002001f96c       0x48 /home/stefan/Documents/Graduation/RISC-V-toolchain/freedom-e-sdk/bsp/sifive-hifive1-revb/install/lib/debug//libmetal.a(libriscv__mmachine__sifive-hifive1-revb_a-riscv,cpu.o)
                0x000000002001f96c                __metal_driver_cpu_exception_register
 .text.__metal_driver_cpu_get_instruction_length
                0x000000002001f9b4       0x28 /home/stefan/Documents/Graduation/RISC-V-toolchain/freedom-e-sdk/bsp/sifive-hifive1-revb/install/lib/debug//libmetal.a(libriscv__mmachine__sifive-hifive1-revb_a-riscv,cpu.o)
                0x000000002001f9b4                __metal_driver_cpu_get_instruction_length
 .text.__metal_driver_cpu_get_exception_pc
                0x000000002001f9dc       0x1e /home/stefan/Documents/Graduation/RISC-V-toolchain/freedom-e-sdk/bsp/sifive-hifive1-revb/install/lib/debug//libmetal.a(libriscv__mmachine__sifive-hifive1-revb_a-riscv,cpu.o)
                0x000000002001f9dc                __metal_driver_cpu_get_exception_pc
 .text.__metal_driver_cpu_set_exception_pc
                0x000000002001f9fa       0x20 /home/stefan/Documents/Graduation/RISC-V-toolchain/freedom-e-sdk/bsp/sifive-hifive1-revb/install/lib/debug//libmetal.a(libriscv__mmachine__sifive-hifive1-revb_a-riscv,cpu.o)
                0x000000002001f9fa                __metal_driver_cpu_set_exception_pc
 .text.__metal_plic0_claim_interrupt
                0x000000002001fa1a       0x22 /home/stefan/Documents/Graduation/RISC-V-toolchain/freedom-e-sdk/bsp/sifive-hifive1-revb/install/lib/debug//libmetal.a(libriscv__mmachine__sifive-hifive1-revb_a-riscv,plic0.o)
                0x000000002001fa1a                __metal_plic0_claim_interrupt
 .text.__metal_plic0_complete_interrupt
                0x000000002001fa3c       0x2c /home/stefan/Documents/Graduation/RISC-V-toolchain/freedom-e-sdk/bsp/sifive-hifive1-revb/install/lib/debug//libmetal.a(libriscv__mmachine__sifive-hifive1-revb_a-riscv,plic0.o)
                0x000000002001fa3c                __metal_plic0_complete_interrupt
 .text.__metal_plic0_set_threshold
                0x000000002001fa68       0x2a /home/stefan/Documents/Graduation/RISC-V-toolchain/freedom-e-sdk/bsp/sifive-hifive1-revb/install/lib/debug//libmetal.a(libriscv__mmachine__sifive-hifive1-revb_a-riscv,plic0.o)
                0x000000002001fa68                __metal_plic0_set_threshold
 .text.__metal_plic0_set_priority
                0x000000002001fa92       0x48 /home/stefan/Documents/Graduation/RISC-V-toolchain/freedom-e-sdk/bsp/sifive-hifive1-revb/install/lib/debug//libmetal.a(libriscv__mmachine__sifive-hifive1-revb_a-riscv,plic0.o)
                0x000000002001fa92                __metal_plic0_set_priority
 .text.__metal_plic0_enable
                0x000000002001fada       0x8a /home/stefan/Documents/Graduation/RISC-V-toolchain/freedom-e-sdk/bsp/sifive-hifive1-revb/install/lib/debug//libmetal.a(libriscv__mmachine__sifive-hifive1-revb_a-riscv,plic0.o)
                0x000000002001fada                __metal_plic0_enable
 .text.__metal_plic0_default_handler
                0x000000002001fb64       0x18 /home/stefan/Documents/Graduation/RISC-V-toolchain/freedom-e-sdk/bsp/sifive-hifive1-revb/install/lib/debug//libmetal.a(libriscv__mmachine__sifive-hifive1-revb_a-riscv,plic0.o)
                0x000000002001fb64                __metal_plic0_default_handler
 .text.__metal_plic0_handler
                0x000000002001fb7c       0x8e /home/stefan/Documents/Graduation/RISC-V-toolchain/freedom-e-sdk/bsp/sifive-hifive1-revb/install/lib/debug//libmetal.a(libriscv__mmachine__sifive-hifive1-revb_a-riscv,plic0.o)
                0x000000002001fb7c                __metal_plic0_handler
 .text.__metal_driver_riscv_plic0_init
                0x000000002001fc0a      0x120 /home/stefan/Documents/Graduation/RISC-V-toolchain/freedom-e-sdk/bsp/sifive-hifive1-revb/install/lib/debug//libmetal.a(libriscv__mmachine__sifive-hifive1-revb_a-riscv,plic0.o)
                0x000000002001fc0a                __metal_driver_riscv_plic0_init
 .text.__metal_driver_riscv_plic0_register
                0x000000002001fd2a       0xc2 /home/stefan/Documents/Graduation/RISC-V-toolchain/freedom-e-sdk/bsp/sifive-hifive1-revb/install/lib/debug//libmetal.a(libriscv__mmachine__sifive-hifive1-revb_a-riscv,plic0.o)
                0x000000002001fd2a                __metal_driver_riscv_plic0_register
 .text.__metal_driver_riscv_plic0_enable
                0x000000002001fdec       0x44 /home/stefan/Documents/Graduation/RISC-V-toolchain/freedom-e-sdk/bsp/sifive-hifive1-revb/install/lib/debug//libmetal.a(libriscv__mmachine__sifive-hifive1-revb_a-riscv,plic0.o)
                0x000000002001fdec                __metal_driver_riscv_plic0_enable
 .text.__metal_driver_riscv_plic0_disable
                0x000000002001fe30       0x44 /home/stefan/Documents/Graduation/RISC-V-toolchain/freedom-e-sdk/bsp/sifive-hifive1-revb/install/lib/debug//libmetal.a(libriscv__mmachine__sifive-hifive1-revb_a-riscv,plic0.o)
                0x000000002001fe30                __metal_driver_riscv_plic0_disable
 .text.__metal_driver_sifive_fe310_g000_hfrosc_get_rate_hz
                0x000000002001fe74       0x5c /home/stefan/Documents/Graduation/RISC-V-toolchain/freedom-e-sdk/bsp/sifive-hifive1-revb/install/lib/debug//libmetal.a(libriscv__mmachine__sifive-hifive1-revb_a-sifive,fe310-g000,hfrosc.o)
                0x000000002001fe74                __metal_driver_sifive_fe310_g000_hfrosc_get_rate_hz
 .text.__metal_driver_sifive_fe310_g000_hfrosc_set_rate_hz
                0x000000002001fed0       0x24 /home/stefan/Documents/Graduation/RISC-V-toolchain/freedom-e-sdk/bsp/sifive-hifive1-revb/install/lib/debug//libmetal.a(libriscv__mmachine__sifive-hifive1-revb_a-sifive,fe310-g000,hfrosc.o)
                0x000000002001fed0                __metal_driver_sifive_fe310_g000_hfrosc_set_rate_hz
 .text.__metal_driver_sifive_fe310_g000_hfxosc_get_rate_hz
                0x000000002001fef4       0x4c /home/stefan/Documents/Graduation/RISC-V-toolchain/freedom-e-sdk/bsp/sifive-hifive1-revb/install/lib/debug//libmetal.a(libriscv__mmachine__sifive-hifive1-revb_a-sifive,fe310-g000,hfxosc.o)
                0x000000002001fef4                __metal_driver_sifive_fe310_g000_hfxosc_get_rate_hz
 .text.__metal_driver_sifive_fe310_g000_hfxosc_set_rate_hz
                0x000000002001ff40       0x24 /home/stefan/Documents/Graduation/RISC-V-toolchain/freedom-e-sdk/bsp/sifive-hifive1-revb/install/lib/debug//libmetal.a(libriscv__mmachine__sifive-hifive1-revb_a-sifive,fe310-g000,hfxosc.o)
                0x000000002001ff40                __metal_driver_sifive_fe310_g000_hfxosc_set_rate_hz
 .text.get_pll_config_freq
                0x000000002001ff64       0x4e /home/stefan/Documents/Graduation/RISC-V-toolchain/freedom-e-sdk/bsp/sifive-hifive1-revb/install/lib/debug//libmetal.a(libriscv__mmachine__sifive-hifive1-revb_a-sifive,fe310-g000,pll.o)
 .text.metal_sifive_fe310_g000_pll_init
                0x000000002001ffb2       0x28 /home/stefan/Documents/Graduation/RISC-V-toolchain/freedom-e-sdk/bsp/sifive-hifive1-revb/install/lib/debug//libmetal.a(libriscv__mmachine__sifive-hifive1-revb_a-sifive,fe310-g000,pll.o)
 .text.__metal_driver_sifive_fe310_g000_pll_init
                0x000000002001ffda       0xaa /home/stefan/Documents/Graduation/RISC-V-toolchain/freedom-e-sdk/bsp/sifive-hifive1-revb/install/lib/debug//libmetal.a(libriscv__mmachine__sifive-hifive1-revb_a-sifive,fe310-g000,pll.o)
                0x000000002001ffda                __metal_driver_sifive_fe310_g000_pll_init
 .text.__metal_driver_sifive_fe310_g000_pll_get_rate_hz
                0x0000000020020084      0x156 /home/stefan/Documents/Graduation/RISC-V-toolchain/freedom-e-sdk/bsp/sifive-hifive1-revb/install/lib/debug//libmetal.a(libriscv__mmachine__sifive-hifive1-revb_a-sifive,fe310-g000,pll.o)
                0x0000000020020084                __metal_driver_sifive_fe310_g000_pll_get_rate_hz
 .text.find_closest_config
                0x00000000200201da       0xaa /home/stefan/Documents/Graduation/RISC-V-toolchain/freedom-e-sdk/bsp/sifive-hifive1-revb/install/lib/debug//libmetal.a(libriscv__mmachine__sifive-hifive1-revb_a-sifive,fe310-g000,pll.o)
 .text.configure_pll
                0x0000000020020284      0x132 /home/stefan/Documents/Graduation/RISC-V-toolchain/freedom-e-sdk/bsp/sifive-hifive1-revb/install/lib/debug//libmetal.a(libriscv__mmachine__sifive-hifive1-revb_a-sifive,fe310-g000,pll.o)
 .text.__metal_driver_sifive_fe310_g000_pll_set_rate_hz
                0x00000000200203b6      0x144 /home/stefan/Documents/Graduation/RISC-V-toolchain/freedom-e-sdk/bsp/sifive-hifive1-revb/install/lib/debug//libmetal.a(libriscv__mmachine__sifive-hifive1-revb_a-sifive,fe310-g000,pll.o)
                0x00000000200203b6                __metal_driver_sifive_fe310_g000_pll_set_rate_hz
 .text.use_hfxosc
                0x00000000200204fa       0x28 /home/stefan/Documents/Graduation/RISC-V-toolchain/freedom-e-sdk/bsp/sifive-hifive1-revb/install/lib/debug//libmetal.a(libriscv__mmachine__sifive-hifive1-revb_a-sifive,fe310-g000,pll.o)
 .text.__metal_driver_sifive_fe310_g000_prci_get_reg
                0x0000000020020522       0x24 /home/stefan/Documents/Graduation/RISC-V-toolchain/freedom-e-sdk/bsp/sifive-hifive1-revb/install/lib/debug//libmetal.a(libriscv__mmachine__sifive-hifive1-revb_a-sifive,fe310-g000,prci.o)
                0x0000000020020522                __metal_driver_sifive_fe310_g000_prci_get_reg
 .text.__metal_driver_sifive_fe310_g000_prci_set_reg
                0x0000000020020546       0x2e /home/stefan/Documents/Graduation/RISC-V-toolchain/freedom-e-sdk/bsp/sifive-hifive1-revb/install/lib/debug//libmetal.a(libriscv__mmachine__sifive-hifive1-revb_a-sifive,fe310-g000,prci.o)
                0x0000000020020546                __metal_driver_sifive_fe310_g000_prci_set_reg
 .text.__metal_driver_sifive_gpio0_disable_input
                0x0000000020020574       0x40 /home/stefan/Documents/Graduation/RISC-V-toolchain/freedom-e-sdk/bsp/sifive-hifive1-revb/install/lib/debug//libmetal.a(libriscv__mmachine__sifive-hifive1-revb_a-sifive,gpio0.o)
                0x0000000020020574                __metal_driver_sifive_gpio0_disable_input
 .text.__metal_driver_sifive_gpio0_output
                0x00000000200205b4       0x24 /home/stefan/Documents/Graduation/RISC-V-toolchain/freedom-e-sdk/bsp/sifive-hifive1-revb/install/lib/debug//libmetal.a(libriscv__mmachine__sifive-hifive1-revb_a-sifive,gpio0.o)
                0x00000000200205b4                __metal_driver_sifive_gpio0_output
 .text.__metal_driver_sifive_gpio0_enable_output
                0x00000000200205d8       0x3a /home/stefan/Documents/Graduation/RISC-V-toolchain/freedom-e-sdk/bsp/sifive-hifive1-revb/install/lib/debug//libmetal.a(libriscv__mmachine__sifive-hifive1-revb_a-sifive,gpio0.o)
                0x00000000200205d8                __metal_driver_sifive_gpio0_enable_output
 .text.__metal_driver_sifive_gpio0_output_set
                0x0000000020020612       0x3a /home/stefan/Documents/Graduation/RISC-V-toolchain/freedom-e-sdk/bsp/sifive-hifive1-revb/install/lib/debug//libmetal.a(libriscv__mmachine__sifive-hifive1-revb_a-sifive,gpio0.o)
                0x0000000020020612                __metal_driver_sifive_gpio0_output_set
 .text.__metal_driver_sifive_gpio0_output_clear
                0x000000002002064c       0x40 /home/stefan/Documents/Graduation/RISC-V-toolchain/freedom-e-sdk/bsp/sifive-hifive1-revb/install/lib/debug//libmetal.a(libriscv__mmachine__sifive-hifive1-revb_a-sifive,gpio0.o)
                0x000000002002064c                __metal_driver_sifive_gpio0_output_clear
 .text.__metal_driver_sifive_gpio0_output_toggle
                0x000000002002068c       0x3a /home/stefan/Documents/Graduation/RISC-V-toolchain/freedom-e-sdk/bsp/sifive-hifive1-revb/install/lib/debug//libmetal.a(libriscv__mmachine__sifive-hifive1-revb_a-sifive,gpio0.o)
                0x000000002002068c                __metal_driver_sifive_gpio0_output_toggle
 .text.__metal_driver_sifive_gpio0_enable_io
                0x00000000200206c6       0x66 /home/stefan/Documents/Graduation/RISC-V-toolchain/freedom-e-sdk/bsp/sifive-hifive1-revb/install/lib/debug//libmetal.a(libriscv__mmachine__sifive-hifive1-revb_a-sifive,gpio0.o)
                0x00000000200206c6                __metal_driver_sifive_gpio0_enable_io
 .text.__metal_driver_sifive_uart0_interrupt_controller
                0x000000002002072c       0x20 /home/stefan/Documents/Graduation/RISC-V-toolchain/freedom-e-sdk/bsp/sifive-hifive1-revb/install/lib/debug//libmetal.a(libriscv__mmachine__sifive-hifive1-revb_a-sifive,uart0.o)
                0x000000002002072c                __metal_driver_sifive_uart0_interrupt_controller
 .text.__metal_driver_sifive_uart0_get_interrupt_id
                0x000000002002074c       0x24 /home/stefan/Documents/Graduation/RISC-V-toolchain/freedom-e-sdk/bsp/sifive-hifive1-revb/install/lib/debug//libmetal.a(libriscv__mmachine__sifive-hifive1-revb_a-sifive,uart0.o)
                0x000000002002074c                __metal_driver_sifive_uart0_get_interrupt_id
 .text.__metal_driver_sifive_uart0_putc
                0x0000000020020770       0x36 /home/stefan/Documents/Graduation/RISC-V-toolchain/freedom-e-sdk/bsp/sifive-hifive1-revb/install/lib/debug//libmetal.a(libriscv__mmachine__sifive-hifive1-revb_a-sifive,uart0.o)
                0x0000000020020770                __metal_driver_sifive_uart0_putc
 .text.__metal_driver_sifive_uart0_getc
                0x00000000200207a6       0x48 /home/stefan/Documents/Graduation/RISC-V-toolchain/freedom-e-sdk/bsp/sifive-hifive1-revb/install/lib/debug//libmetal.a(libriscv__mmachine__sifive-hifive1-revb_a-sifive,uart0.o)
                0x00000000200207a6                __metal_driver_sifive_uart0_getc
 .text.__metal_driver_sifive_uart0_get_baud_rate
                0x00000000200207ee       0x20 /home/stefan/Documents/Graduation/RISC-V-toolchain/freedom-e-sdk/bsp/sifive-hifive1-revb/install/lib/debug//libmetal.a(libriscv__mmachine__sifive-hifive1-revb_a-sifive,uart0.o)
                0x00000000200207ee                __metal_driver_sifive_uart0_get_baud_rate
 .text.__metal_driver_sifive_uart0_set_baud_rate
                0x000000002002080e       0x98 /home/stefan/Documents/Graduation/RISC-V-toolchain/freedom-e-sdk/bsp/sifive-hifive1-revb/install/lib/debug//libmetal.a(libriscv__mmachine__sifive-hifive1-revb_a-sifive,uart0.o)
                0x000000002002080e                __metal_driver_sifive_uart0_set_baud_rate
 .text.pre_rate_change_callback
                0x00000000200208a6       0xd0 /home/stefan/Documents/Graduation/RISC-V-toolchain/freedom-e-sdk/bsp/sifive-hifive1-revb/install/lib/debug//libmetal.a(libriscv__mmachine__sifive-hifive1-revb_a-sifive,uart0.o)
 .text.post_rate_change_callback
                0x0000000020020976       0x30 /home/stefan/Documents/Graduation/RISC-V-toolchain/freedom-e-sdk/bsp/sifive-hifive1-revb/install/lib/debug//libmetal.a(libriscv__mmachine__sifive-hifive1-revb_a-sifive,uart0.o)
 .text.__metal_driver_sifive_uart0_init
                0x00000000200209a6       0x94 /home/stefan/Documents/Graduation/RISC-V-toolchain/freedom-e-sdk/bsp/sifive-hifive1-revb/install/lib/debug//libmetal.a(libriscv__mmachine__sifive-hifive1-revb_a-sifive,uart0.o)
                0x00000000200209a6                __metal_driver_sifive_uart0_init
 .text.metal_clock_get_rate_hz
                0x0000000020020a3a       0x26 /home/stefan/Documents/Graduation/RISC-V-toolchain/freedom-e-sdk/bsp/sifive-hifive1-revb/install/lib/debug//libmetal.a(libriscv__mmachine__sifive-hifive1-revb_a-clock.o)
                0x0000000020020a3a                metal_clock_get_rate_hz
 .text.metal_clock_set_rate_hz
                0x0000000020020a60       0x64 /home/stefan/Documents/Graduation/RISC-V-toolchain/freedom-e-sdk/bsp/sifive-hifive1-revb/install/lib/debug//libmetal.a(libriscv__mmachine__sifive-hifive1-revb_a-clock.o)
                0x0000000020020a60                metal_clock_set_rate_hz
 .text.metal_clock_register_pre_rate_change_callback
                0x0000000020020ac4       0x2e /home/stefan/Documents/Graduation/RISC-V-toolchain/freedom-e-sdk/bsp/sifive-hifive1-revb/install/lib/debug//libmetal.a(libriscv__mmachine__sifive-hifive1-revb_a-clock.o)
                0x0000000020020ac4                metal_clock_register_pre_rate_change_callback
 .text.metal_clock_register_post_rate_change_callback
                0x0000000020020af2       0x2e /home/stefan/Documents/Graduation/RISC-V-toolchain/freedom-e-sdk/bsp/sifive-hifive1-revb/install/lib/debug//libmetal.a(libriscv__mmachine__sifive-hifive1-revb_a-clock.o)
                0x0000000020020af2                metal_clock_register_post_rate_change_callback
 .text.metal_shutdown
                0x0000000020020b20        0xe /home/stefan/Documents/Graduation/RISC-V-toolchain/freedom-e-sdk/bsp/sifive-hifive1-revb/install/lib/debug//libmetal.a(libriscv__mmachine__sifive-hifive1-revb_a-shutdown.o)
                0x0000000020020b20                metal_shutdown
 .text._exit    0x0000000020020b2e       0x14 /home/stefan/Documents/Graduation/RISC-V-toolchain/freedom-e-sdk/bsp/sifive-hifive1-revb/install/lib/debug//libmetal-gloss.a(sys_exit.o)
                0x0000000020020b2e                _exit
 *(.itim .itim.*)
 *(.gnu.linkonce.t.*)

.fini
 *(SORT_NONE(.fini))
                [!provide]                        PROVIDE (__etext = .)
                [!provide]                        PROVIDE (_etext = .)
                [!provide]                        PROVIDE (etext = .)

.rodata         0x0000000020020b48     0x1838
 *(.rdata)
 *(.rodata .rodata.*)
 .rodata.str1.1
                0x0000000020020b48       0x69 build/benchmark.o
 .rodata.str1.1
                0x0000000020020bb1        0x5 build/main.o
 *fill*         0x0000000020020bb6        0x2 
 .rodata.str1.4
                0x0000000020020bb8        0x2 /home/stefan/Documents/Graduation/RISC-V-toolchain/riscv64-unknown-elf-gcc/bin/../lib/gcc/riscv64-unknown-elf/8.2.0/../../../../riscv64-unknown-elf/lib/rv32imac/ilp32/libc.a(lib_a-puts.o)
 *fill*         0x0000000020020bba        0x2 
 .rodata        0x0000000020020bbc      0x18c /home/stefan/Documents/Graduation/RISC-V-toolchain/riscv64-unknown-elf-gcc/bin/../lib/gcc/riscv64-unknown-elf/8.2.0/../../../../riscv64-unknown-elf/lib/rv32imac/ilp32/libc.a(lib_a-vfprintf.o)
 .rodata.str1.4
                0x0000000020020d48       0x3a /home/stefan/Documents/Graduation/RISC-V-toolchain/riscv64-unknown-elf-gcc/bin/../lib/gcc/riscv64-unknown-elf/8.2.0/../../../../riscv64-unknown-elf/lib/rv32imac/ilp32/libc.a(lib_a-vfprintf.o)
 *fill*         0x0000000020020d82        0x2 
 .rodata        0x0000000020020d84      0x254 /home/stefan/Documents/Graduation/RISC-V-toolchain/riscv64-unknown-elf-gcc/bin/../lib/gcc/riscv64-unknown-elf/8.2.0/../../../../riscv64-unknown-elf/lib/rv32imac/ilp32/libc.a(lib_a-ldtoa.o)
 .rodata.str1.4
                0x0000000020020fd8       0x28 /home/stefan/Documents/Graduation/RISC-V-toolchain/riscv64-unknown-elf-gcc/bin/../lib/gcc/riscv64-unknown-elf/8.2.0/../../../../riscv64-unknown-elf/lib/rv32imac/ilp32/libc.a(lib_a-ldtoa.o)
 .rodata.str1.4
                0x0000000020021000       0x10 /home/stefan/Documents/Graduation/RISC-V-toolchain/riscv64-unknown-elf-gcc/bin/../lib/gcc/riscv64-unknown-elf/8.2.0/../../../../riscv64-unknown-elf/lib/rv32imac/ilp32/libc.a(lib_a-locale.o)
                                         0x12 (size before relaxing)
 .rodata        0x0000000020021010      0x128 /home/stefan/Documents/Graduation/RISC-V-toolchain/riscv64-unknown-elf-gcc/bin/../lib/gcc/riscv64-unknown-elf/8.2.0/../../../../riscv64-unknown-elf/lib/rv32imac/ilp32/libc.a(lib_a-mprec.o)
                0x0000000020021020                __mprec_tens
                0x00000000200210e8                __mprec_tinytens
                0x0000000020021110                __mprec_bigtens
 .rodata        0x0000000020021138      0x18c /home/stefan/Documents/Graduation/RISC-V-toolchain/riscv64-unknown-elf-gcc/bin/../lib/gcc/riscv64-unknown-elf/8.2.0/../../../../riscv64-unknown-elf/lib/rv32imac/ilp32/libc.a(lib_a-svfprintf.o)
 .rodata.str1.4
                0x00000000200212c4       0x3a /home/stefan/Documents/Graduation/RISC-V-toolchain/riscv64-unknown-elf-gcc/bin/../lib/gcc/riscv64-unknown-elf/8.2.0/../../../../riscv64-unknown-elf/lib/rv32imac/ilp32/libc.a(lib_a-svfprintf.o)
 .rodata        0x00000000200212c4      0x18c /home/stefan/Documents/Graduation/RISC-V-toolchain/riscv64-unknown-elf-gcc/bin/../lib/gcc/riscv64-unknown-elf/8.2.0/../../../../riscv64-unknown-elf/lib/rv32imac/ilp32/libc.a(lib_a-vfiprintf.o)
 .rodata.str1.4
                0x0000000020021450       0x25 /home/stefan/Documents/Graduation/RISC-V-toolchain/riscv64-unknown-elf-gcc/bin/../lib/gcc/riscv64-unknown-elf/8.2.0/../../../../riscv64-unknown-elf/lib/rv32imac/ilp32/libc.a(lib_a-vfiprintf.o)
 .rodata        0x0000000020021450      0x101 /home/stefan/Documents/Graduation/RISC-V-toolchain/riscv64-unknown-elf-gcc/bin/../lib/gcc/riscv64-unknown-elf/8.2.0/../../../../riscv64-unknown-elf/lib/rv32imac/ilp32/libc.a(lib_a-ctype_.o)
                0x0000000020021450                _ctype_
 *fill*         0x0000000020021551        0x3 
 .rodata        0x0000000020021554      0x18c /home/stefan/Documents/Graduation/RISC-V-toolchain/riscv64-unknown-elf-gcc/bin/../lib/gcc/riscv64-unknown-elf/8.2.0/../../../../riscv64-unknown-elf/lib/rv32imac/ilp32/libc.a(lib_a-svfiprintf.o)
 .rodata.str1.4
                0x00000000200216e0       0x25 /home/stefan/Documents/Graduation/RISC-V-toolchain/riscv64-unknown-elf-gcc/bin/../lib/gcc/riscv64-unknown-elf/8.2.0/../../../../riscv64-unknown-elf/lib/rv32imac/ilp32/libc.a(lib_a-svfiprintf.o)
 .rodata        0x00000000200216e0       0x3c /home/stefan/Documents/Graduation/RISC-V-toolchain/riscv64-unknown-elf-gcc/bin/../lib/gcc/riscv64-unknown-elf/8.2.0/rv32imac/ilp32/libgcc.a(divdf3.o)
 .rodata        0x000000002002171c       0x3c /home/stefan/Documents/Graduation/RISC-V-toolchain/riscv64-unknown-elf-gcc/bin/../lib/gcc/riscv64-unknown-elf/8.2.0/rv32imac/ilp32/libgcc.a(muldf3.o)
 .rodata        0x0000000020021758       0x3c /home/stefan/Documents/Graduation/RISC-V-toolchain/riscv64-unknown-elf-gcc/bin/../lib/gcc/riscv64-unknown-elf/8.2.0/rv32imac/ilp32/libgcc.a(multf3.o)
 .rodata        0x0000000020021794      0x100 /home/stefan/Documents/Graduation/RISC-V-toolchain/riscv64-unknown-elf-gcc/bin/../lib/gcc/riscv64-unknown-elf/8.2.0/rv32imac/ilp32/libgcc.a(_clz.o)
                0x0000000020021794                __clz_tab
 .rodata.libgloss.start
                0x0000000020021894       0x11 /home/stefan/Documents/Graduation/RISC-V-toolchain/freedom-e-sdk/bsp/sifive-hifive1-revb/install/lib/debug//libmetal-gloss.a(crt0.o)
 *fill*         0x00000000200218a5        0x3 
 .rodata.__metal_driver_vtable_riscv_cpu_intc
                0x00000000200218a8       0x1c /home/stefan/Documents/Graduation/RISC-V-toolchain/freedom-e-sdk/bsp/sifive-hifive1-revb/install/lib/debug//libmetal.a(libriscv__mmachine__sifive-hifive1-revb_a-tty.o)
                0x00000000200218a8                __metal_driver_vtable_riscv_cpu_intc
 .rodata.__metal_driver_vtable_cpu
                0x00000000200218c4       0x40 /home/stefan/Documents/Graduation/RISC-V-toolchain/freedom-e-sdk/bsp/sifive-hifive1-revb/install/lib/debug//libmetal.a(libriscv__mmachine__sifive-hifive1-revb_a-tty.o)
                0x00000000200218c4                __metal_driver_vtable_cpu
 .rodata.__metal_driver_vtable_riscv_clint0
                0x0000000020021904       0x1c /home/stefan/Documents/Graduation/RISC-V-toolchain/freedom-e-sdk/bsp/sifive-hifive1-revb/install/lib/debug//libmetal.a(libriscv__mmachine__sifive-hifive1-revb_a-tty.o)
                0x0000000020021904                __metal_driver_vtable_riscv_clint0
 .rodata.__metal_driver_vtable_riscv_plic0
                0x0000000020021920       0x1c /home/stefan/Documents/Graduation/RISC-V-toolchain/freedom-e-sdk/bsp/sifive-hifive1-revb/install/lib/debug//libmetal.a(libriscv__mmachine__sifive-hifive1-revb_a-tty.o)
                0x0000000020021920                __metal_driver_vtable_riscv_plic0
 .rodata.__metal_driver_vtable_sifive_gpio0
                0x000000002002193c       0x1c /home/stefan/Documents/Graduation/RISC-V-toolchain/freedom-e-sdk/bsp/sifive-hifive1-revb/install/lib/debug//libmetal.a(libriscv__mmachine__sifive-hifive1-revb_a-tty.o)
                0x000000002002193c                __metal_driver_vtable_sifive_gpio0
 .rodata.__metal_driver_vtable_sifive_uart0
                0x0000000020021958       0x1c /home/stefan/Documents/Graduation/RISC-V-toolchain/freedom-e-sdk/bsp/sifive-hifive1-revb/install/lib/debug//libmetal.a(libriscv__mmachine__sifive-hifive1-revb_a-tty.o)
                0x0000000020021958                __metal_driver_vtable_sifive_uart0
 .rodata.__metal_driver_vtable_sifive_fe310_g000_pll
                0x0000000020021974        0xc /home/stefan/Documents/Graduation/RISC-V-toolchain/freedom-e-sdk/bsp/sifive-hifive1-revb/install/lib/debug//libmetal.a(libriscv__mmachine__sifive-hifive1-revb_a-tty.o)
                0x0000000020021974                __metal_driver_vtable_sifive_fe310_g000_pll
 .rodata.__metal_driver_riscv_clint0_command_request
                0x0000000020021980       0x18 /home/stefan/Documents/Graduation/RISC-V-toolchain/freedom-e-sdk/bsp/sifive-hifive1-revb/install/lib/debug//libmetal.a(libriscv__mmachine__sifive-hifive1-revb_a-riscv,clint0.o)
 .rodata.__metal_valid_interrupt_id
                0x0000000020021998       0x74 /home/stefan/Documents/Graduation/RISC-V-toolchain/freedom-e-sdk/bsp/sifive-hifive1-revb/install/lib/debug//libmetal.a(libriscv__mmachine__sifive-hifive1-revb_a-riscv,cpu.o)
 .rodata.__metal_local_interrupt_enable
                0x0000000020021a0c       0x80 /home/stefan/Documents/Graduation/RISC-V-toolchain/freedom-e-sdk/bsp/sifive-hifive1-revb/install/lib/debug//libmetal.a(libriscv__mmachine__sifive-hifive1-revb_a-riscv,cpu.o)
 .rodata.__metal_driver_riscv_cpu_controller_interrupt_register
                0x0000000020021a8c       0x74 /home/stefan/Documents/Graduation/RISC-V-toolchain/freedom-e-sdk/bsp/sifive-hifive1-revb/install/lib/debug//libmetal.a(libriscv__mmachine__sifive-hifive1-revb_a-riscv,cpu.o)
 .rodata.pll_configs
                0x0000000020021b00      0x880 /home/stefan/Documents/Graduation/RISC-V-toolchain/freedom-e-sdk/bsp/sifive-hifive1-revb/install/lib/debug//libmetal.a(libriscv__mmachine__sifive-hifive1-revb_a-sifive,fe310-g000,pll.o)
 *(.gnu.linkonce.r.*)

.rela.dyn       0x0000000020022380        0x0
 .rela.text     0x0000000020022380        0x0 build/benchmark.o
 .rela.text.metal.init.enter
                0x0000000020022380        0x0 build/benchmark.o
 .rela.text.libgloss.start
                0x0000000020022380        0x0 build/benchmark.o
 .rela.sdata.brk
                0x0000000020022380        0x0 build/benchmark.o
 .rela.text._sbrk
                0x0000000020022380        0x0 build/benchmark.o
 .rela.data.__metal_dt_clock_0
                0x0000000020022380        0x0 build/benchmark.o
 .rela.data.__metal_dt_clock_2
                0x0000000020022380        0x0 build/benchmark.o
 .rela.data.__metal_dt_clint_2000000
                0x0000000020022380        0x0 build/benchmark.o
 .rela.data.__metal_dt_cpu_0
                0x0000000020022380        0x0 build/benchmark.o
 .rela.data.__metal_dt_interrupt_controller
                0x0000000020022380        0x0 build/benchmark.o
 .rela.data.__metal_dt_interrupt_controller_c000000
                0x0000000020022380        0x0 build/benchmark.o
 .rela.data.__metal_dt_gpio_10012000
                0x0000000020022380        0x0 build/benchmark.o
 .rela.data.__metal_dt_serial_10013000
                0x0000000020022380        0x0 build/benchmark.o
 .rela.data.__metal_dt_clock_3
                0x0000000020022380        0x0 build/benchmark.o
 .rela.data.__metal_dt_clock_1
                0x0000000020022380        0x0 build/benchmark.o
 .rela.data.__metal_dt_clock_4
                0x0000000020022380        0x0 build/benchmark.o
 .rela.data.__metal_dt_prci_10008000
                0x0000000020022380        0x0 build/benchmark.o
 .rela.sdata.__metal_cpu_table
                0x0000000020022380        0x0 build/benchmark.o
 .rela.text.metal_tty_putc
                0x0000000020022380        0x0 build/benchmark.o
 .rela.text.metal_tty_init
                0x0000000020022380        0x0 build/benchmark.o
 .rela.text.__metal_driver_cpu_get
                0x0000000020022380        0x0 build/benchmark.o
 .rela.text.__metal_default_sw_handler
                0x0000000020022380        0x0 build/benchmark.o
 .rela.text.__metal_exception_handler
                0x0000000020022380        0x0 build/benchmark.o
 .rela.text.__metal_driver_cpu_timer_controller_interrupt
                0x0000000020022380        0x0 build/benchmark.o
 .rela.text.__metal_driver_cpu_sw_controller_interrupt
                0x0000000020022380        0x0 build/benchmark.o
 .rela.text.metal_sifive_fe310_g000_pll_init
                0x0000000020022380        0x0 build/benchmark.o
 .rela.text.use_hfxosc
                0x0000000020022380        0x0 build/benchmark.o
                0x0000000020022380                . = ALIGN (0x4)

.preinit_array  0x0000000020022380        0x0
                0x0000000020022380                PROVIDE (__preinit_array_start = .)
 *(.preinit_array)
                0x0000000020022380                PROVIDE (__preinit_array_end = .)

.init_array     0x0000000020022380        0xc
                0x0000000020022380                PROVIDE (__init_array_start = .)
 *(SORT_BY_INIT_PRIORITY(.init_array.*) SORT_BY_INIT_PRIORITY(.ctors.*))
 *(.init_array EXCLUDE_FILE(*crtend?.o *crtend.o *crtbegin?.o *crtbegin.o) .ctors)
 .init_array    0x0000000020022380        0x4 /home/stefan/Documents/Graduation/RISC-V-toolchain/freedom-e-sdk/bsp/sifive-hifive1-revb/install/lib/debug//libmetal.a(libriscv__mmachine__sifive-hifive1-revb_a-tty.o)
 .init_array    0x0000000020022384        0x8 /home/stefan/Documents/Graduation/RISC-V-toolchain/freedom-e-sdk/bsp/sifive-hifive1-revb/install/lib/debug//libmetal.a(libriscv__mmachine__sifive-hifive1-revb_a-sifive,fe310-g000,pll.o)
                0x000000002002238c                PROVIDE (__init_array_end = .)

.finit_array    0x000000002002238c        0x0
                [!provide]                        PROVIDE (__finit_array_start = .)
 *(SORT_BY_INIT_PRIORITY(.fini_array.*) SORT_BY_INIT_PRIORITY(.dtors.*))
 *(.fini_array EXCLUDE_FILE(*crtend?.o *crtend.o *crtbegin?.o *crtbegin.o) .dtors)
                [!provide]                        PROVIDE (__finit_array_end = .)

.ctors
 *crtbegin.o(.ctors)
 *crtbegin?.o(.ctors)
 *(EXCLUDE_FILE(*crtend?.o *crtend.o) .ctors)
 *(SORT_BY_NAME(.ctors.*))
 *(.ctors)

.dtors
 *crtbegin.o(.dtors)
 *crtbegin?.o(.dtors)
 *(EXCLUDE_FILE(*crtend?.o *crtend.o) .dtors)
 *(SORT_BY_NAME(.dtors.*))
 *(.dtors)

.litimalign     0x000000002002238c        0x0
                0x000000002002238c                . = ALIGN (0x4)
                0x000000002002238c                PROVIDE (metal_segment_itim_source_start = .)

.ditimalign     0x0000000080000000        0x0 load address 0x000000002002238c
                0x0000000080000000                . = ALIGN (0x4)
                0x0000000080000000                PROVIDE (metal_segment_itim_target_start = .)

.itim
 *(.itim .itim.*)
                0x0000000080000000                . = ALIGN (0x8)
                0x0000000080000000                PROVIDE (metal_segment_itim_target_end = .)

.lalign         0x000000002002238c        0x0
                0x000000002002238c                . = ALIGN (0x4)
                [!provide]                        PROVIDE (_data_lma = .)
                0x000000002002238c                PROVIDE (metal_segment_data_source_start = .)

.dalign         0x0000000080000000        0x0 load address 0x000000002002238c
                0x0000000080000000                . = ALIGN (0x4)
                0x0000000080000000                PROVIDE (metal_segment_data_target_start = .)

.data           0x0000000080000000     0x128c load address 0x000000002002238c
 *(.data .data.*)
 .data          0x0000000080000000       0x40 build/benchmark.o
 .data          0x0000000080000040      0x428 /home/stefan/Documents/Graduation/RISC-V-toolchain/riscv64-unknown-elf-gcc/bin/../lib/gcc/riscv64-unknown-elf/8.2.0/../../../../riscv64-unknown-elf/lib/rv32imac/ilp32/libc.a(lib_a-impure.o)
 .data          0x0000000080000468      0x408 /home/stefan/Documents/Graduation/RISC-V-toolchain/riscv64-unknown-elf-gcc/bin/../lib/gcc/riscv64-unknown-elf/8.2.0/../../../../riscv64-unknown-elf/lib/rv32imac/ilp32/libc.a(lib_a-mallocr.o)
                0x0000000080000468                __malloc_av_
 .data          0x0000000080000870      0x16c /home/stefan/Documents/Graduation/RISC-V-toolchain/riscv64-unknown-elf-gcc/bin/../lib/gcc/riscv64-unknown-elf/8.2.0/../../../../riscv64-unknown-elf/lib/rv32imac/ilp32/libc.a(lib_a-locale.o)
                0x0000000080000870                __global_locale
 .data.__metal_dt_clock_0
                0x00000000800009dc       0x1c /home/stefan/Documents/Graduation/RISC-V-toolchain/freedom-e-sdk/bsp/sifive-hifive1-revb/install/lib/debug//libmetal.a(libriscv__mmachine__sifive-hifive1-revb_a-tty.o)
                0x00000000800009dc                __metal_dt_clock_0
 .data.__metal_dt_clock_2
                0x00000000800009f8       0x1c /home/stefan/Documents/Graduation/RISC-V-toolchain/freedom-e-sdk/bsp/sifive-hifive1-revb/install/lib/debug//libmetal.a(libriscv__mmachine__sifive-hifive1-revb_a-tty.o)
                0x00000000800009f8                __metal_dt_clock_2
 .data.__metal_dt_clint_2000000
                0x0000000080000a14       0x24 /home/stefan/Documents/Graduation/RISC-V-toolchain/freedom-e-sdk/bsp/sifive-hifive1-revb/install/lib/debug//libmetal.a(libriscv__mmachine__sifive-hifive1-revb_a-tty.o)
                0x0000000080000a14                __metal_dt_clint_2000000
 .data.__metal_dt_cpu_0
                0x0000000080000a38       0x10 /home/stefan/Documents/Graduation/RISC-V-toolchain/freedom-e-sdk/bsp/sifive-hifive1-revb/install/lib/debug//libmetal.a(libriscv__mmachine__sifive-hifive1-revb_a-tty.o)
                0x0000000080000a38                __metal_dt_cpu_0
 .data.__metal_dt_interrupt_controller
                0x0000000080000a48      0x3c0 /home/stefan/Documents/Graduation/RISC-V-toolchain/freedom-e-sdk/bsp/sifive-hifive1-revb/install/lib/debug//libmetal.a(libriscv__mmachine__sifive-hifive1-revb_a-tty.o)
                0x0000000080000a48                __metal_dt_interrupt_controller
 .data.__metal_dt_interrupt_controller_c000000
                0x0000000080000e08      0x320 /home/stefan/Documents/Graduation/RISC-V-toolchain/freedom-e-sdk/bsp/sifive-hifive1-revb/install/lib/debug//libmetal.a(libriscv__mmachine__sifive-hifive1-revb_a-tty.o)
                0x0000000080000e08                __metal_dt_interrupt_controller_c000000
 .data.__metal_dt_gpio_10012000
                0x0000000080001128       0x58 /home/stefan/Documents/Graduation/RISC-V-toolchain/freedom-e-sdk/bsp/sifive-hifive1-revb/install/lib/debug//libmetal.a(libriscv__mmachine__sifive-hifive1-revb_a-tty.o)
                0x0000000080001128                __metal_dt_gpio_10012000
 .data.__metal_dt_serial_10013000
                0x0000000080001180       0x30 /home/stefan/Documents/Graduation/RISC-V-toolchain/freedom-e-sdk/bsp/sifive-hifive1-revb/install/lib/debug//libmetal.a(libriscv__mmachine__sifive-hifive1-revb_a-tty.o)
                0x0000000080001180                __metal_dt_serial_10013000
 .data.__metal_dt_clock_3
                0x00000000800011b0       0x24 /home/stefan/Documents/Graduation/RISC-V-toolchain/freedom-e-sdk/bsp/sifive-hifive1-revb/install/lib/debug//libmetal.a(libriscv__mmachine__sifive-hifive1-revb_a-tty.o)
                0x00000000800011b0                __metal_dt_clock_3
 .data.__metal_dt_clock_1
                0x00000000800011d4       0x24 /home/stefan/Documents/Graduation/RISC-V-toolchain/freedom-e-sdk/bsp/sifive-hifive1-revb/install/lib/debug//libmetal.a(libriscv__mmachine__sifive-hifive1-revb_a-tty.o)
                0x00000000800011d4                __metal_dt_clock_1
 .data.__metal_dt_clock_4
                0x00000000800011f8       0x34 /home/stefan/Documents/Graduation/RISC-V-toolchain/freedom-e-sdk/bsp/sifive-hifive1-revb/install/lib/debug//libmetal.a(libriscv__mmachine__sifive-hifive1-revb_a-tty.o)
                0x00000000800011f8                __metal_dt_clock_4
 .data.__metal_dt_prci_10008000
                0x000000008000122c        0xc /home/stefan/Documents/Graduation/RISC-V-toolchain/freedom-e-sdk/bsp/sifive-hifive1-revb/install/lib/debug//libmetal.a(libriscv__mmachine__sifive-hifive1-revb_a-tty.o)
                0x000000008000122c                __metal_dt_prci_10008000
 *(.gnu.linkonce.d.*)
                0x0000000080001238                . = ALIGN (0x8)
                0x0000000080001a38                PROVIDE (__global_pointer$ = (. + 0x800))
 *(.sdata .sdata.* .sdata2.*)
 .sdata         0x0000000080001238        0x4 /home/stefan/Documents/Graduation/RISC-V-toolchain/riscv64-unknown-elf-gcc/bin/../lib/gcc/riscv64-unknown-elf/8.2.0/../../../../riscv64-unknown-elf/lib/rv32imac/ilp32/libc.a(lib_a-impure.o)
                0x0000000080001238                _impure_ptr
 .sdata         0x000000008000123c        0x8 /home/stefan/Documents/Graduation/RISC-V-toolchain/riscv64-unknown-elf-gcc/bin/../lib/gcc/riscv64-unknown-elf/8.2.0/../../../../riscv64-unknown-elf/lib/rv32imac/ilp32/libc.a(lib_a-mallocr.o)
                0x000000008000123c                __malloc_sbrk_base
                0x0000000080001240                __malloc_trim_threshold
 .sdata.brk     0x0000000080001244        0x4 /home/stefan/Documents/Graduation/RISC-V-toolchain/freedom-e-sdk/bsp/sifive-hifive1-revb/install/lib/debug//libmetal-gloss.a(sys_sbrk.o)
 .sdata2.__metal_driver_vtable_fixed_clock
                0x0000000080001248        0x8 /home/stefan/Documents/Graduation/RISC-V-toolchain/freedom-e-sdk/bsp/sifive-hifive1-revb/install/lib/debug//libmetal.a(libriscv__mmachine__sifive-hifive1-revb_a-tty.o)
                0x0000000080001248                __metal_driver_vtable_fixed_clock
 .sdata2.__metal_driver_vtable_sifive_fe310_g000_prci
                0x0000000080001250        0x8 /home/stefan/Documents/Graduation/RISC-V-toolchain/freedom-e-sdk/bsp/sifive-hifive1-revb/install/lib/debug//libmetal.a(libriscv__mmachine__sifive-hifive1-revb_a-tty.o)
                0x0000000080001250                __metal_driver_vtable_sifive_fe310_g000_prci
 .sdata2.__metal_driver_vtable_sifive_fe310_g000_hfrosc
                0x0000000080001258        0x8 /home/stefan/Documents/Graduation/RISC-V-toolchain/freedom-e-sdk/bsp/sifive-hifive1-revb/install/lib/debug//libmetal.a(libriscv__mmachine__sifive-hifive1-revb_a-tty.o)
                0x0000000080001258                __metal_driver_vtable_sifive_fe310_g000_hfrosc
 .sdata2.__metal_driver_vtable_sifive_fe310_g000_hfxosc
                0x0000000080001260        0x8 /home/stefan/Documents/Graduation/RISC-V-toolchain/freedom-e-sdk/bsp/sifive-hifive1-revb/install/lib/debug//libmetal.a(libriscv__mmachine__sifive-hifive1-revb_a-tty.o)
                0x0000000080001260                __metal_driver_vtable_sifive_fe310_g000_hfxosc
 .sdata.__metal_cpu_table
                0x0000000080001268        0x4 /home/stefan/Documents/Graduation/RISC-V-toolchain/freedom-e-sdk/bsp/sifive-hifive1-revb/install/lib/debug//libmetal.a(libriscv__mmachine__sifive-hifive1-revb_a-tty.o)
                0x0000000080001268                __metal_cpu_table
 *(.gnu.linkonce.s.*)
                0x0000000080001270                . = ALIGN (0x8)
 *fill*         0x000000008000126c        0x4 
 *(.srodata.cst16)
 *(.srodata.cst8)
 .srodata.cst8  0x0000000080001270       0x10 /home/stefan/Documents/Graduation/RISC-V-toolchain/riscv64-unknown-elf-gcc/bin/../lib/gcc/riscv64-unknown-elf/8.2.0/../../../../riscv64-unknown-elf/lib/rv32imac/ilp32/libc.a(lib_a-mprec.o)
 .srodata.cst8  0x0000000080001280        0x8 /home/stefan/Documents/Graduation/RISC-V-toolchain/riscv64-unknown-elf-gcc/bin/../lib/gcc/riscv64-unknown-elf/8.2.0/../../../../riscv64-unknown-elf/lib/rv32imac/ilp32/libc.a(lib_a-s_frexp.o)
 *(.srodata.cst4)
 *(.srodata.cst2)
 *(.srodata .srodata.*)
 .srodata       0x0000000080001288        0x4 /home/stefan/Documents/Graduation/RISC-V-toolchain/riscv64-unknown-elf-gcc/bin/../lib/gcc/riscv64-unknown-elf/8.2.0/../../../../riscv64-unknown-elf/lib/rv32imac/ilp32/libc.a(lib_a-impure.o)
                0x0000000080001288                _global_impure_ptr
                0x000000008000128c                . = ALIGN (0x4)
                [!provide]                        PROVIDE (_edata = .)
                [!provide]                        PROVIDE (edata = .)
                0x000000008000128c                PROVIDE (metal_segment_data_target_end = .)
                [!provide]                        PROVIDE (_fbss = .)
                [!provide]                        PROVIDE (__bss_start = .)
                0x000000008000128c                PROVIDE (metal_segment_bss_target_start = .)

.bss            0x000000008000128c       0x38
 *(.sbss*)
 .sbss          0x000000008000128c        0xc /home/stefan/Documents/Graduation/RISC-V-toolchain/riscv64-unknown-elf-gcc/bin/../lib/gcc/riscv64-unknown-elf/8.2.0/../../../../riscv64-unknown-elf/lib/rv32imac/ilp32/libc.a(lib_a-mallocr.o)
                0x000000008000128c                __malloc_max_total_mem
                0x0000000080001290                __malloc_max_sbrked_mem
                0x0000000080001294                __malloc_top_pad
 *(.gnu.linkonce.sb.*)
 *(.bss .bss.*)
 .bss           0x0000000080001298       0x28 /home/stefan/Documents/Graduation/RISC-V-toolchain/riscv64-unknown-elf-gcc/bin/../lib/gcc/riscv64-unknown-elf/8.2.0/../../../../riscv64-unknown-elf/lib/rv32imac/ilp32/libc.a(lib_a-mallocr.o)
                0x0000000080001298                __malloc_current_mallinfo
 *(.gnu.linkonce.b.*)
 *(COMMON)
 COMMON         0x00000000800012c0        0x4 /home/stefan/Documents/Graduation/RISC-V-toolchain/riscv64-unknown-elf-gcc/bin/../lib/gcc/riscv64-unknown-elf/8.2.0/../../../../riscv64-unknown-elf/lib/rv32imac/ilp32/libc.a(lib_a-reent.o)
                0x00000000800012c0                errno
                0x00000000800012c4                . = ALIGN (0x4)
                0x00000000800012c8                . = ALIGN (0x8)
                [!provide]                        PROVIDE (_end = .)
                [!provide]                        PROVIDE (end = .)
                0x00000000800012c8                PROVIDE (metal_segment_bss_target_end = .)

.stack          0x00000000800012c4     0x1800
                [!provide]                        PROVIDE (metal_segment_stack_begin = .)
                0x0000000000001800                . = __stack_size
 *fill*         0x00000000800012c4     0x1800 
                [!provide]                        PROVIDE (_sp = .)
                0x0000000080002ac4                PROVIDE (metal_segment_stack_end = .)

.heap           0x0000000080002ac4     0x153c
                0x0000000080002ac4                PROVIDE (metal_segment_heap_target_start = .)
                0x0000000000000400                . = __heap_size
 *fill*         0x0000000080002ac4      0x400 
                0x0000000080004000                . = (__heap_size == 0x0)?0x0:(ORIGIN (ram) + LENGTH (ram))
 *fill*         0x0000000080002ec4     0x113c 
                0x0000000080004000                PROVIDE (metal_segment_heap_target_end = .)
                [!provide]                        PROVIDE (_heap_end = .)
OUTPUT(build/program.elf elf32-littleriscv)

.comment        0x0000000000000000       0x26
 .comment       0x0000000000000000       0x15 build/benchmark.o
                                         0x16 (size before relaxing)
 .comment       0x0000000000000015       0x16 build/main.o
 .comment       0x0000000000000015       0x16 build/lib.a(scalarmult.o)
 .comment       0x0000000000000015       0x11 /home/stefan/Documents/Graduation/RISC-V-toolchain/riscv64-unknown-elf-gcc/bin/../lib/gcc/riscv64-unknown-elf/8.2.0/../../../../riscv64-unknown-elf/lib/rv32imac/ilp32/libc.a(lib_a-fflush.o)
                                         0x12 (size before relaxing)
 .comment       0x0000000000000026       0x12 /home/stefan/Documents/Graduation/RISC-V-toolchain/riscv64-unknown-elf-gcc/bin/../lib/gcc/riscv64-unknown-elf/8.2.0/../../../../riscv64-unknown-elf/lib/rv32imac/ilp32/libc.a(lib_a-findfp.o)
 .comment       0x0000000000000026       0x12 /home/stefan/Documents/Graduation/RISC-V-toolchain/riscv64-unknown-elf-gcc/bin/../lib/gcc/riscv64-unknown-elf/8.2.0/../../../../riscv64-unknown-elf/lib/rv32imac/ilp32/libc.a(lib_a-freer.o)
 .comment       0x0000000000000026       0x12 /home/stefan/Documents/Graduation/RISC-V-toolchain/riscv64-unknown-elf-gcc/bin/../lib/gcc/riscv64-unknown-elf/8.2.0/../../../../riscv64-unknown-elf/lib/rv32imac/ilp32/libc.a(lib_a-fwalk.o)
 .comment       0x0000000000000026       0x12 /home/stefan/Documents/Graduation/RISC-V-toolchain/riscv64-unknown-elf-gcc/bin/../lib/gcc/riscv64-unknown-elf/8.2.0/../../../../riscv64-unknown-elf/lib/rv32imac/ilp32/libc.a(lib_a-impure.o)
 .comment       0x0000000000000026       0x12 /home/stefan/Documents/Graduation/RISC-V-toolchain/riscv64-unknown-elf-gcc/bin/../lib/gcc/riscv64-unknown-elf/8.2.0/../../../../riscv64-unknown-elf/lib/rv32imac/ilp32/libc.a(lib_a-mallocr.o)
 .comment       0x0000000000000026       0x12 /home/stefan/Documents/Graduation/RISC-V-toolchain/riscv64-unknown-elf-gcc/bin/../lib/gcc/riscv64-unknown-elf/8.2.0/../../../../riscv64-unknown-elf/lib/rv32imac/ilp32/libc.a(lib_a-memcpy.o)